Component: ARM Compiler 5.06 update 7 (build 960) Tool: armlink [4d3601]

==============================================================================

Section Cross References

    main.o(.text) refers to rtx_kernel.o(.text.osKernelGetState) for osKernelGetState
    main.o(.text) refers to rtx_kernel.o(.text.osKernelGetTickCount) for osKernelGetTickCount
    main.o(.text) refers to stm32f4xx_hal.o(.text) for HAL_Init
    main.o(.text) refers to system_stm32f4xx.o(.text) for SystemCoreClockUpdate
    main.o(.text) refers to rtx_kernel.o(.text.osKernelInitialize) for osKernelInitialize
    main.o(.text) refers to rtx_thread.o(.text.osThreadNew) for osThreadNew
    main.o(.text) refers to rtx_kernel.o(.text.osKernelStart) for osKernelStart
    main.o(.text) refers to stm32f4xx_hal_rcc.o(.text) for HAL_RCC_OscConfig
    main.o(.text) refers to system_stm32f4xx.o(.data) for SystemCoreClock
    main.o(.text) refers to main.o(.data) for .data
    main.o(.text) refers to http_server.o(.constdata) for app_main_attr
    main.o(.text) refers to http_server.o(.text) for app_main
    http_server.o(.text) refers to adc.o(.text) for ADC_getValue
    http_server.o(.text) refers to rtx_thread.o(.text.osThreadFlagsSet) for osThreadFlagsSet
    http_server.o(.text) refers to rtc.o(.text) for RTC_CalendarShow
    http_server.o(.text) refers to rtx_delay.o(.text.osDelay) for osDelay
    http_server.o(.text) refers to leds.o(.text) for LED_Initialize
    http_server.o(.text) refers to lcd.o(.text) for LCD_all
    http_server.o(.text) refers to net_sys.o(i.netInitialize) for netInitialize
    http_server.o(.text) refers to rtx_thread.o(.text.osThreadNew) for osThreadNew
    http_server.o(.text) refers to rtx_thread.o(.text.osThreadExit) for osThreadExit
    http_server.o(.text) refers to http_server.o(.data) for .data
    http_server.o(.text) refers to http_server.o(.bss) for .bss
    http_server.o(.constdata) refers to http_server.o(.bss) for app_main_stk
    http_server_cgi.o(.text) refers to net_http_server.o(i.netCGI_GetEnvVar) for netCGI_GetEnvVar
    http_server_cgi.o(.text) refers to net_addr.o(i.netIP_aton) for netIP_aton
    http_server_cgi.o(.text) refers to net_sys.o(i.netIF_SetOption) for netIF_SetOption
    http_server_cgi.o(.text) refers to strcmp.o(.text) for strcmp
    http_server_cgi.o(.text) refers to strncmp.o(.text) for strncmp
    http_server_cgi.o(.text) refers to leds.o(.text) for LED_SetOut
    http_server_cgi.o(.text) refers to net_http_server.o(i.netHTTPs_LoginActive) for netHTTPs_LoginActive
    http_server_cgi.o(.text) refers to strcpy.o(.text) for strcpy
    http_server_cgi.o(.text) refers to net_http_server.o(i.netHTTPs_SetPassword) for netHTTPs_SetPassword
    http_server_cgi.o(.text) refers to rtx_thread.o(.text.osThreadFlagsSet) for osThreadFlagsSet
    http_server_cgi.o(.text) refers to net_sys.o(i.netIF_GetOption) for netIF_GetOption
    http_server_cgi.o(.text) refers to net_addr.o(i.netIP_ntoa) for netIP_ntoa
    http_server_cgi.o(.text) refers to printfa.o(i.__0sprintf) for __2sprintf
    http_server_cgi.o(.text) refers to net_tcp.o(i.netTCP_GetState) for netTCP_GetState
    http_server_cgi.o(.text) refers to net_tcp.o(i.netTCP_GetPeer) for netTCP_GetPeer
    http_server_cgi.o(.text) refers to net_tcp.o(i.netTCP_GetTimer) for netTCP_GetTimer
    http_server_cgi.o(.text) refers to net_tcp.o(i.netTCP_GetLocalPort) for netTCP_GetLocalPort
    http_server_cgi.o(.text) refers to net_http_server.o(i.netHTTPs_GetPassword) for netHTTPs_GetPassword
    http_server_cgi.o(.text) refers to net_http_server.o(i.netHTTPs_GetLanguage) for netHTTPs_GetLanguage
    http_server_cgi.o(.text) refers to http_server_cgi.o(.bss) for .bss
    http_server_cgi.o(.text) refers to http_server_cgi.o(.data) for .data
    http_server_cgi.o(.text) refers to http_server.o(.data) for LEDrun
    http_server_cgi.o(.text) refers to http_server.o(.data) for TID_Display
    http_server_cgi.o(.text) refers to http_server.o(.data) for lcd_text
    http_server_cgi.o(.text) refers to rtc.o(.bss) for stimestructure
    http_server_cgi.o(.text) refers to rtc.o(.data) for sdatestructure
    http_server_cgi.o(.text) refers to http_server_cgi.o(.conststring) for .conststring
    http_server_cgi.o(.text) refers to http_server.o(.text) for AD_in
    http_server_cgi.o(.text) refers to f2d.o(.text) for __aeabi_f2d
    http_server_cgi.o(.text) refers to dmul.o(.text) for __aeabi_dmul
    web.o(.text) refers to web.o(.constdata) for .constdata
    web.o(.constdata) refers to web.o(.constdata) for imageFileData
    leds.o(.text) refers to stm32f4xx_hal_gpio.o(.text) for HAL_GPIO_Init
    leds.o(.text) refers to leds.o(.constdata) for .constdata
    lcd.o(.text) refers to strlen.o(.text) for strlen
    lcd.o(.text) refers to stm32f4xx_hal_gpio.o(.text) for HAL_GPIO_Init
    lcd.o(.text) refers to stm32f4xx_hal_tim.o(.text) for HAL_TIM_Base_Init
    lcd.o(.text) refers to rtx_msgqueue.o(.text.osMessageQueueGet) for osMessageQueueGet
[...]
    net_icmp6_init                           0x0801071d   Thumb Code    20  net_icmp6.o(i.net_icmp6_init)
    net_icmp6_process                        0x08010735   Thumb Code   316  net_icmp6.o(i.net_icmp6_process)
    net_icmp6_send                           0x0801087d   Thumb Code   100  net_icmp6.o(i.net_icmp6_send)
    net_icmp6_send_echo                      0x080108e1   Thumb Code    78  net_icmp6.o(i.net_icmp6_send_echo)
    net_icmp_init                            0x08010939   Thumb Code    20  net_icmp.o(i.net_icmp_init)
    net_icmp_process                         0x08010951   Thumb Code   250  net_icmp.o(i.net_icmp_process)
    net_icmp_send_echo                       0x08010a59   Thumb Code   120  net_icmp.o(i.net_icmp_send_echo)
    net_if_map_all                           0x08010ad9   Thumb Code     6  net_sys.o(i.net_if_map_all)
    net_ip4_chk_frame                        0x08010ae5   Thumb Code   252  net_ip4.o(i.net_ip4_chk_frame)
    net_ip4_chksum                           0x08010bed   Thumb Code    44  net_ip4.o(i.net_ip4_chksum)
    net_ip4_chksum_buf                       0x08010c19   Thumb Code     6  net_ip4.o(i.net_ip4_chksum_buf)
    net_ip4_find_route                       0x08010c21   Thumb Code   104  net_ip4.o(i.net_ip4_find_route)
    net_ip4_get_local                        0x08010ca1   Thumb Code    40  net_ip4.o(i.net_ip4_get_local)
    net_ip4_init                             0x08010ccd   Thumb Code    14  net_ip4.o(i.net_ip4_init)
    net_ip4_is_onlink                        0x08010ce5   Thumb Code    32  net_ip4.o(i.net_ip4_is_onlink)
    net_ip4_is_subcast                       0x08010d05   Thumb Code    38  net_ip4.o(i.net_ip4_is_subcast)
    net_ip4_reass_frame                      0x08010d2b   Thumb Code    14  net_ip4.o(i.net_ip4_reass_frame)
    net_ip4_send_frame                       0x08010d39   Thumb Code   282  net_ip4.o(i.net_ip4_send_frame)
    net_ip4_tx_offl_hl                       0x08010e5d   Thumb Code    42  net_ip4.o(i.net_ip4_tx_offl_hl)
    net_ip6_chk_frame                        0x08010e89   Thumb Code   160  net_ip6.o(i.net_ip6_chk_frame)
    net_ip6_chksum                           0x08010f31   Thumb Code    50  net_ip6.o(i.net_ip6_chksum)
    net_ip6_collect_mcast                    0x08010f65   Thumb Code   118  net_ip6.o(i.net_ip6_collect_mcast)
    net_ip6_find_route                       0x08010fe1   Thumb Code    56  net_ip6.o(i.net_ip6_find_route)
    net_ip6_get_local                        0x08011029   Thumb Code    74  net_ip6.o(i.net_ip6_get_local)
    net_ip6_init                             0x0801107d   Thumb Code    10  net_ip6.o(i.net_ip6_init)
    net_ip6_send_frame                       0x08011091   Thumb Code   124  net_ip6.o(i.net_ip6_send_frame)
    net_ip6_tx_offl_hl                       0x08011111   Thumb Code    30  net_ip6.o(i.net_ip6_tx_offl_hl)
    net_itoa                                 0x0801112f   Thumb Code     8  net_common.o(i.net_itoa)
    net_itoa_n0                              0x08011137   Thumb Code     6  net_common.o(i.net_itoa_n0)
    net_loop_iface_init                      0x0801113d   Thumb Code    30  net_loopback.o(i.net_loop_iface_init)
    net_loop_iface_run                       0x08011161   Thumb Code   164  net_loopback.o(i.net_loop_iface_run)
    net_loop_send_frame                      0x0801120d   Thumb Code    82  net_loopback.o(i.net_loop_send_frame)
    net_mem_alloc                            0x08011265   Thumb Code   130  net_mem.o(i.net_mem_alloc)
    net_mem_avail                            0x080112f1   Thumb Code    22  net_mem.o(i.net_mem_avail)
    net_mem_free                             0x0801130d   Thumb Code   114  net_mem.o(i.net_mem_free)
    net_mem_init                             0x08011389   Thumb Code    84  net_mem.o(i.net_mem_init)
    net_mem_shrink                           0x080113e5   Thumb Code    52  net_mem.o(i.net_mem_shrink)
    net_nbns_client_init                     0x0801141d   Thumb Code    38  net_nbns_client.o(i.net_nbns_client_init)
    net_ndp_cache_find                       0x0801144d   Thumb Code   228  net_ndp.o(i.net_ndp_cache_find)
    net_ndp_cache_refresh                    0x08011535   Thumb Code    74  net_ndp.o(i.net_ndp_cache_refresh)
    net_ndp_enqueue                          0x0801157f   Thumb Code    96  net_ndp.o(i.net_ndp_enqueue)
    net_ndp_process                          0x080115e1   Thumb Code   604  net_ndp.o(i.net_ndp_process)
    net_path                                 0x08011841   Thumb Code    52  net_sys.o(i.net_path)
    net_ping_client_init                     0x08011879   Thumb Code    10  net_ping_core.o(i.net_ping_client_init)
    net_ping_client_run                      0x08011889   Thumb Code    56  net_ping_core.o(i.net_ping_client_run)
    net_rand32                               0x080118c9   Thumb Code    18  net_sys.o(i.net_rand32)
    net_strcasecmp                           0x080118e5   Thumb Code    46  net_common.o(i.net_strcasecmp)
    net_strchr                               0x08011913   Thumb Code    22  net_common.o(i.net_strchr)
    net_strcmp                               0x08011929   Thumb Code    26  net_common.o(i.net_strcmp)
    net_strcpy                               0x08011943   Thumb Code    18  net_common.o(i.net_strcpy)
    net_strnchr                              0x08011955   Thumb Code    28  net_common.o(i.net_strnchr)
    net_strncpy                              0x08011971   Thumb Code    26  net_common.o(i.net_strncpy)
    net_strtoupper                           0x0801198b   Thumb Code    32  net_common.o(i.net_strtoupper)
    net_sys_lock                             0x080119ad   Thumb Code     8  net_sys.o(i.net_sys_lock)
    net_sys_resume                           0x080119b9   Thumb Code    22  net_sys.o(i.net_sys_resume)
    net_sys_tick                             0x080119d1   Thumb Code    16  net_sys.o(i.net_sys_tick)
    net_sys_unlock                           0x080119e5   Thumb Code     8  net_sys.o(i.net_sys_unlock)
    net_sys_wakeup                           0x080119f1   Thumb Code    26  net_sys.o(i.net_sys_wakeup)
    net_tcp_abort                            0x08011a11   Thumb Code    88  net_tcp.o(i.net_tcp_abort)
    net_tcp_close                            0x08011a6d   Thumb Code   166  net_tcp.o(i.net_tcp_close)
    net_tcp_get_buf                          0x08011b19   Thumb Code    30  net_tcp.o(i.net_tcp_get_buf)
    net_tcp_get_local_port                   0x08011b39   Thumb Code    48  net_tcp.o(i.net_tcp_get_local_port)
    net_tcp_get_mss                          0x08011b6d   Thumb Code    34  net_tcp.o(i.net_tcp_get_mss)
    net_tcp_get_peer                         0x08011b95   Thumb Code    80  net_tcp.o(i.net_tcp_get_peer)
    net_tcp_get_socket                       0x08011be9   Thumb Code    64  net_tcp.o(i.net_tcp_get_socket)
    net_tcp_get_state                        0x08011c2d   Thumb Code    40  net_tcp.o(i.net_tcp_get_state)
    net_tcp_get_timer                        0x08011c59   Thumb Code    48  net_tcp.o(i.net_tcp_get_timer)
    net_tcp_listen                           0x08011c8d   Thumb Code   120  net_tcp.o(i.net_tcp_listen)
    net_tcp_process                          0x08011d09   Thumb Code  1312  net_tcp.o(i.net_tcp_process)
    net_tcp_send                             0x08012229   Thumb Code   222  net_tcp.o(i.net_tcp_send)
    net_tcp_set_option                       0x08012311   Thumb Code   158  net_tcp.o(i.net_tcp_set_option)
    net_tcp_socket_init                      0x080123b5   Thumb Code    14  net_tcp.o(i.net_tcp_socket_init)
    net_tcp_socket_run                       0x080123c9   Thumb Code   762  net_tcp.o(i.net_tcp_socket_run)
    net_udp_enable_lla                       0x080126d1   Thumb Code    34  net_udp.o(i.net_udp_enable_lla)
    net_udp_get_buf                          0x080126f9   Thumb Code    30  net_udp.o(i.net_udp_get_buf)
    net_udp_get_socket                       0x08012719   Thumb Code    66  net_udp.o(i.net_udp_get_socket)
    net_udp_open                             0x08012761   Thumb Code   100  net_udp.o(i.net_udp_open)
    net_udp_process                          0x080127cd   Thumb Code   258  net_udp.o(i.net_udp_process)
    net_udp_send_if                          0x080128dd   Thumb Code   430  net_udp.o(i.net_udp_send_if)
    net_udp_socket_init                      0x08012a95   Thumb Code    12  net_udp.o(i.net_udp_socket_init)
    net_ultoa                                0x08012aa5   Thumb Code     8  net_common.o(i.net_ultoa)
    net_ultox                                0x08012aad   Thumb Code    44  net_common.o(i.net_ultox)
    net_xtoul                                0x08012add   Thumb Code    76  net_common.o(i.net_xtoul)
    app_main_attr                            0x0801368c   Data          36  http_server.o(.constdata)
    imageLastModified                        0x080136b0   Data           4  web.o(.constdata)
    Arial12x12                               0x0801a3c8   Data        2400  lcd.o(.constdata)
    osRtxUserSVC                             0x0801ad88   Data           4  rtx_lib.o(.constdata)
    Driver_ETH_PHY0                          0x0801ad90   Data          32  phy_lan8742a.o(.constdata)
    Driver_ETH_MAC0                          0x0801ae00   Data          68  emac_stm32f4xx.o(.constdata)
    Driver_SPI1                              0x0801ae98   Data          44  spi_stm32f4xx.o(.constdata)
    AHBPrescTable                            0x0801aecc   Data          16  system_stm32f4xx.o(.constdata)
    APBPrescTable                            0x0801aedc   Data           8  system_stm32f4xx.o(.constdata)
    net_sys_config                           0x0801af8c   Data          28  net_config.o(.constdata)
    net_eth0_if_config                       0x0801b000   Data          44  net_config.o(.constdata)
    net_eth_list                             0x0801b02c   Data           8  net_config.o(.constdata)
    net_if_list_all                          0x0801b034   Data           8  net_config.o(.constdata)
    net_if_inet_def                          0x0801b03c   Data           8  net_config.o(.constdata)
    net_if_link_def                          0x0801b044   Data           8  net_config.o(.constdata)
    net_arp_list                             0x0801b04c   Data           8  net_config.o(.constdata)
    net_icmp_list                            0x0801b054   Data           8  net_config.o(.constdata)
    net_dhcp_list                            0x0801b05c   Data           8  net_config.o(.constdata)
    net_icmp6_list                           0x0801b064   Data           4  net_config.o(.constdata)
    net_udp_config                           0x0801b068   Data          12  net_config.o(.constdata)
    net_tcp_config                           0x0801b074   Data          24  net_config.o(.constdata)
    net_http_config                          0x0801b08c   Data          52  net_config.o(.constdata)
    netif_getopt_func                        0x0801b108   Data          16  net_config.o(.constdata)
    netif_setopt_func                        0x0801b118   Data          16  net_config.o(.constdata)
    net_loop_if_config                       0x0801b128   Data          44  net_loopback.o(.constdata)
    net_http_auth_basic_func                 0x0801b264   Data          24  net_http_server_auth.o(.constdata)
    net_ping_payload                         0x0801b27c   Data          18  net_ping_core.o(.constdata)
    net_addr_unspec                          0x0801b28e   Data          16  net_addr.o(.constdata)
    net_addr_bcast                           0x0801b29e   Data           6  net_addr.o(.constdata)
    net_addr4_loopback                       0x0801b2a4   Data           4  net_ip4.o(.constdata)
    net_addr6_all_nodes                      0x0801b2a8   Data          16  net_ip6.o(.constdata)
    net_addr6_loopback                       0x0801b2b8   Data          16  net_ip6.o(.constdata)
    net_http_error                           0x0801b2c8   Data          24  net_http_server_err.o(.constdata)
    net_lib_version                          0x0801b380   Data           4  net_version.o(.constdata)
    network_ip4ip6_release_v7.15.0           0x0801b380   Data           4  net_version.o(.constdata)
    osRtxConfig                              0x0801b750   Data         112  rtx_lib.o(.rodata)
    os_cb_sections                           0x0801b7c0   Data          56  rtx_lib.o(.rodata)
    Region$$Table$$Base                      0x0801b804   Number         0  anon$$obj.o(Region$$Table)
    Region$$Table$$Limit                     0x0801b824   Number         0  anon$$obj.o(Region$$Table)
    .bss.os.msgqueue.cb$$Base                0x20008040   Number         0  rtx_lib.o(.bss.os.msgqueue.cb)
    .bss.os.msgqueue.cb$$Limit               0x20008074   Number         0  rtx_lib.o(.bss.os.msgqueue.cb)
    .bss.os.mutex.cb$$Base                   0x200080c4   Number         0  net_config.o(.bss.os.mutex.cb)
    .bss.os.mutex.cb$$Limit                  0x200080fc   Number         0  net_config.o(.bss.os.mutex.cb)
    .bss.os.semaphore.cb$$Base               0x200080fc   Number         0  net_config.o(.bss.os.semaphore.cb)
    .bss.os.semaphore.cb$$Limit              0x2000810c   Number         0  net_config.o(.bss.os.semaphore.cb)
    .bss.os.thread.cb$$Base                  0x2000810c   Number         0  rtx_lib.o(.bss.os.thread.cb)
    .bss.os.thread.cb$$Limit                 0x2000821c   Number         0  net_config.o(.bss.os.thread.cb)
    .bss.os.timer.cb$$Base                   0x20008620   Number         0  net_config.o(.bss.os.timer.cb)
    .bss.os.timer.cb$$Limit                  0x20008640   Number         0  net_config.o(.bss.os.timer.cb)
    lcd_text                                 0x20008644   Data          42  http_server.o(.data)
    LEDrun                                   0x2000866e   Data           1  http_server.o(.data)
    TID_Display                              0x20008670   Data           4  http_server.o(.data)
    TID_RTC                                  0x20008674   Data           4  http_server.o(.data)
    positionL1                               0x20008680   Data           1  lcd.o(.data)
    positionL2                               0x20008681   Data           1  lcd.o(.data)
    SPIdrv                                   0x20008684   Data           4  lcd.o(.data)
    tid_ThLCD                                0x20008688   Data           4  lcd.o(.data)
    mid_MsgQueueLCD                          0x2000868c   Data           4  lcd.o(.data)
    segundos                                 0x20008690   Data           4  rtc.o(.data)
    sdatestructure                           0x20008694   Data           4  rtc.o(.data)
    tid_ThAlarm                              0x20008698   Data           4  rtc.o(.data)
    tim_id_1s                                0x200086a0   Data           4  rtc.o(.data)
    tim_id_3min                              0x200086a4   Data           4  rtc.o(.data)
    tim_id_2s                                0x200086a8   Data           4  rtc.o(.data)
    uwTickFreq                               0x200086ac   Data           1  stm32f4xx_hal.o(.data)
    uwTickPrio                               0x200086b0   Data           4  stm32f4xx_hal.o(.data)
    uwTick                                   0x200086b4   Data           4  stm32f4xx_hal.o(.data)
    SystemCoreClock                          0x200086b8   Data           4  system_stm32f4xx.o(.data)
    net_eth0_icmp_control                    0x200086d0   Data           1  net_icmp.o(.data)
    osRtxInfo                                0x200086f4   Data         164  rtx_kernel.o(.data.os)
    aShowTime                                0x20008798   Data          50  http_server.o(.bss)
    aShowDate                                0x200087ca   Data          50  http_server.o(.bss)
    app_main_stk                             0x20008800   Data        1024  http_server.o(.bss)
    HOUR                                     0x20008c00   Data          40  http_server_cgi.o(.bss)
    DATE                                     0x20008c28   Data          40  http_server_cgi.o(.bss)
    htim7                                    0x20008e9c   Data          64  lcd.o(.bss)
    LCD                                      0x20008edc   Data          33  lcd.o(.bss)
    RtcHandle                                0x20008f48   Data          32  rtc.o(.bss)
    alarmRtc                                 0x20008f68   Data          40  rtc.o(.bss)
    stimestructure                           0x20008f90   Data          20  rtc.o(.bss)
    ts                                       0x20008fa4   Data          44  rtc.o(.bss)
    net_eth0_if_control                      0x2000f070   Data         160  net_eth.o(.bss)
    net_eth0_arp_control                     0x2000f110   Data          24  net_arp.o(.bss)
    net_eth0_dhcp_control                    0x2000f144   Data          40  net_dhcp_client.o(.bss)
    net_http_control                         0x2000f1f0   Data          20  net_http_server.o(.bss)
    net_ping_control                         0x2000f204   Data          44  net_ping_core.o(.bss)
    net_sys_control                          0x2000f240   Data          28  net_sys.o(.bss)
    __initial_sp                             0x2000f708   Data           0  startup_stm32f407xx.o(STACK)



==============================================================================

Memory Map of the image

  Image Entry point : 0x08000189

  Load Region LR_IROM1 (Base: 0x08000000, Size: 0x00023fbc, Max: 0x00100000, ABSOLUTE, COMPRESSED[0x0001b95c])

    Execution Region ER_IROM1 (Exec base: 0x08000000, Load base: 0x08000000, Size: 0x0001b824, Max: 0x00100000, ABSOLUTE)

    Exec Addr    Load Addr    Size         Type   Attr      Idx    E Section Name        Object

    0x08000000   0x08000000   0x00000188   Data   RO         1064    RESET               startup_stm32f407xx.o
    0x08000188   0x08000188   0x00000000   Code   RO         2703  * .ARM.Collect$$$$00000000  mc_w.l(entry.o)
    0x08000188   0x08000188   0x00000004   Code   RO         2993    .ARM.Collect$$$$00000001  mc_w.l(entry2.o)
    0x0800018c   0x0800018c   0x00000004   Code   RO         2996    .ARM.Collect$$$$00000004  mc_w.l(entry5.o)
    0x08000190   0x08000190   0x00000000   Code   RO         2998    .ARM.Collect$$$$00000008  mc_w.l(entry7b.o)
    0x08000190   0x08000190   0x00000000   Code   RO         3000    .ARM.Collect$$$$0000000A  mc_w.l(entry8b.o)
    0x08000190   0x08000190   0x00000008   Code   RO         3001    .ARM.Collect$$$$0000000B  mc_w.l(entry9a.o)
    0x08000198   0x08000198   0x00000004   Code   RO         3008    .ARM.Collect$$$$0000000E  mc_w.l(entry12b.o)
    0x0800019c   0x0800019c   0x00000000   Code   RO         3003    .ARM.Collect$$$$0000000F  mc_w.l(entry10a.o)
    0x0800019c   0x0800019c   0x00000000   Code   RO         3005    .ARM.Collect$$$$00000011  mc_w.l(entry11a.o)
    0x0800019c   0x0800019c   0x00000004   Code   RO         2994    .ARM.Collect$$$$00002712  mc_w.l(entry2.o)
    0x080001a0   0x080001a0   0x0000010c   Code   RO            4    .text               main.o
    0x080002ac   0x080002ac   0x00000070   Code   RO          166    .text               http_server.o
    0x0800031c   0x0800031c   0x00000720   Code   RO          232    .text               http_server_cgi.o
    0x08000a3c   0x08000a3c   0x0000005c   Code   RO          274    .text               web.o
    0x08000a98   0x08000a98   0x000000fc   Code   RO          294    .text               leds.o
    0x08000b94   0x08000b94   0x00000420   Code   RO          320    .text               lcd.o
    0x08000fb4   0x08000fb4   0x000000d8   Code   RO          353    .text               adc.o
    0x0800108c   0x0800108c   0x0000002c   Code   RO          379    .text               stm32f4xx_it.o
    0x080010b8   0x080010b8   0x000003d8   Code   RO          410    .text               rtc.o
    0x08001490   0x08001490   0x00000004   Code   RO          503    .text               rtx_config.o
    0x08001494   0x08001494   0x00000198   Code   RO          528    .text               phy_lan8742a.o
    0x0800162c   0x0800162c   0x00000904   Code   RO          556    .text               emac_stm32f4xx.o
    0x08001f30   0x08001f30   0x00000a98   Code   RO          604    .text               spi_stm32f4xx.o
    0x080029c8   0x080029c8   0x000001b0   Code   RO          643    .text               stm32f4xx_hal.o
    0x08002b78   0x08002b78   0x00000a34   Code   RO          673    .text               stm32f4xx_hal_adc.o
    0x080035ac   0x080035ac   0x000006c8   Code   RO          697    .text               stm32f4xx_hal_adc_ex.o
    0x08003c74   0x08003c74   0x00000284   Code   RO          721    .text               stm32f4xx_hal_cortex.o
    0x08003ef8   0x08003ef8   0x000006b8   Code   RO          749    .text               stm32f4xx_hal_dma.o
    0x080045b0   0x080045b0   0x00000354   Code   RO          798    .text               stm32f4xx_hal_gpio.o
    0x08004904   0x08004904   0x00000178   Code   RO          822    .text               stm32f4xx_hal_pwr.o
    0x08004a7c   0x08004a7c   0x000006d8   Code   RO          870    .text               stm32f4xx_hal_rcc.o
    0x08005154   0x08005154   0x0000037c   Code   RO          895    .text               stm32f4xx_hal_rcc_ex.o
    0x080054d0   0x080054d0   0x000008ec   Code   RO          919    .text               stm32f4xx_hal_rtc.o
    0x08005dbc   0x08005dbc   0x00000ae4   Code   RO          944    .text               stm32f4xx_hal_rtc_ex.o
    0x080068a0   0x080068a0   0x00002164   Code   RO         1016    .text               stm32f4xx_hal_tim.o
    0x08008a04   0x08008a04   0x00000b5a   Code   RO         1041    .text               stm32f4xx_hal_tim_ex.o
    0x0800955e   0x0800955e   0x00000002   PAD
    0x08009560   0x08009560   0x00000024   Code   RO         1065    .text               startup_stm32f407xx.o
    0x08009584   0x08009584   0x000000cc   Code   RO         1072    .text               system_stm32f4xx.o
    0x08009650   0x08009650   0x00000170   Code   RO         1125    .text               net_config.o
    0x080097c0   0x080097c0   0x000000c8   Code   RO         1621    .text               RTX_CM4F.lib(irq_armv7m.o)
    0x08009888   0x08009888   0x00000062   Code   RO         2706    .text               mc_w.l(uldiv.o)
    0x080098ea   0x080098ea   0x00000002   PAD
    0x080098ec   0x080098ec   0x00000094   Code   RO         2708    .text               mc_w.l(localtime.o)
    0x08009980   0x08009980   0x00000024   Code   RO         2712    .text               mc_w.l(memcpya.o)
    0x080099a4   0x080099a4   0x00000024   Code   RO         2714    .text               mc_w.l(memseta.o)
    0x080099c8   0x080099c8   0x0000000e   Code   RO         2716    .text               mc_w.l(strlen.o)
    0x080099d6   0x080099d6   0x0000001c   Code   RO         2718    .text               mc_w.l(strcmp.o)
    0x080099f2   0x080099f2   0x0000001a   Code   RO         2720    .text               mc_w.l(memcmp.o)
    0x08009a0c   0x08009a0c   0x00000012   Code   RO         2722    .text               mc_w.l(strcpy.o)
    0x08009a1e   0x08009a1e   0x0000001e   Code   RO         2724    .text               mc_w.l(strncmp.o)
    0x08009a3c   0x08009a3c   0x000000e4   Code   RO         2989    .text               mf_w.l(dmul.o)
    0x08009b20   0x08009b20   0x00000026   Code   RO         2991    .text               mf_w.l(f2d.o)
    0x08009b46   0x08009b46   0x0000002c   Code   RO         3012    .text               mc_w.l(uidiv.o)
    0x08009b72   0x08009b72   0x0000001e   Code   RO         3014    .text               mc_w.l(llshl.o)
    0x08009b90   0x08009b90   0x00000020   Code   RO         3016    .text               mc_w.l(llushr.o)
    0x08009bb0   0x08009bb0   0x00000000   Code   RO         3018    .text               mc_w.l(iusefp.o)
    0x08009bb0   0x08009bb0   0x000000ba   Code   RO         3019    .text               mf_w.l(depilogue.o)
    0x08009c6a   0x08009c6a   0x0000014e   Code   RO         3021    .text               mf_w.l(dadd.o)
    0x08009db8   0x08009db8   0x000000de   Code   RO         3023    .text               mf_w.l(ddiv.o)
    0x08009e96   0x08009e96   0x00000030   Code   RO         3025    .text               mf_w.l(dfixul.o)
    0x08009ec6   0x08009ec6   0x00000002   PAD
    0x08009ec8   0x08009ec8   0x00000030   Code   RO         3027    .text               mf_w.l(cdrcmple.o)
    0x08009ef8   0x08009ef8   0x00000024   Code   RO         3029    .text               mc_w.l(init.o)
    0x08009f1c   0x08009f1c   0x00000024   Code   RO         3032    .text               mc_w.l(llsshr.o)
    0x08009f40   0x08009f40   0x00000056   Code   RO         3042    .text               mc_w.l(__dczerorl2.o)
    0x08009f96   0x08009f96   0x00000040   Code   RO         1604    .text.MessageQueueGet  RTX_CM4F.lib(rtx_msgqueue.o)
    0x08009fd6   0x08009fd6   0x00000058   Code   RO         1598    .text.MessageQueuePut  RTX_CM4F.lib(rtx_msgqueue.o)
    0x0800a02e   0x0800a02e   0x0000001c   Code   RO         1596    .text.MessageQueueRemove  RTX_CM4F.lib(rtx_msgqueue.o)
    0x0800a04a   0x0800a04a   0x00000002   PAD
    0x0800a04c   0x0800a04c   0x0000000c   Code   RO         2407    .text.OS_Tick_AcknowledgeIRQ  RTX_CM4F.lib(os_systick.o)
    0x0800a058   0x0800a058   0x0000002c   Code   RO         2403    .text.OS_Tick_Enable  RTX_CM4F.lib(os_systick.o)
    0x0800a084   0x0800a084   0x00000006   Code   RO         2409    .text.OS_Tick_GetIRQn  RTX_CM4F.lib(os_systick.o)
    0x0800a08a   0x0800a08a   0x00000002   PAD
    0x0800a08c   0x0800a08c   0x00000040   Code   RO         2401    .text.OS_Tick_Setup  RTX_CM4F.lib(os_systick.o)
    0x0800a0cc   0x0800a0cc   0x0000000c   Code   RO         1272    .text.OUTLINED_FUNCTION_0  RTX_CM4F.lib(rtx_kernel.o)
    0x0800a0d8   0x0800a0d8   0x00000006   Code   RO         1414    .text.OUTLINED_FUNCTION_0  RTX_CM4F.lib(rtx_thread.o)
    0x0800a0de   0x0800a0de   0x0000000c   Code   RO         1612    .text.OUTLINED_FUNCTION_0  RTX_CM4F.lib(rtx_msgqueue.o)
    0x0800a0ea   0x0800a0ea   0x00000006   Code   RO         1274    .text.OUTLINED_FUNCTION_1  RTX_CM4F.lib(rtx_kernel.o)
    0x0800a0f0   0x0800a0f0   0x00000006   Code   RO         1416    .text.OUTLINED_FUNCTION_1  RTX_CM4F.lib(rtx_thread.o)
    0x0800a0f6   0x0800a0f6   0x00000014   Code   RO         1418    .text.OUTLINED_FUNCTION_2  RTX_CM4F.lib(rtx_thread.o)
    0x0800a10a   0x0800a10a   0x00000008   Code   RO         1420    .text.OUTLINED_FUNCTION_3  RTX_CM4F.lib(rtx_thread.o)
    0x0800a112   0x0800a112   0x0000002e   Code   RO         1548    .text.SemaphoreTokenIncrement  RTX_CM4F.lib(rtx_semaphore.o)
    0x0800a140   0x0800a140   0x00000064   Code   RO         1366    .text.ThreadFlagsCheck  RTX_CM4F.lib(rtx_thread.o)
    0x0800a1a4   0x0800a1a4   0x00000048   Code   RO         1466    .text.TimerInsert   RTX_CM4F.lib(rtx_timer.o)
    0x0800a1ec   0x0800a1ec   0x00000028   Code   RO         1474    .text.TimerRemove   RTX_CM4F.lib(rtx_timer.o)
    0x0800a214   0x0800a214   0x00000024   Code   RO         1432    .text.osDelay       RTX_CM4F.lib(rtx_delay.o)
    0x0800a238   0x0800a238   0x00000030   Code   RO         1224    .text.osKernelGetState  RTX_CM4F.lib(rtx_kernel.o)
    0x0800a268   0x0800a268   0x00000028   Code   RO         1240    .text.osKernelGetTickCount  RTX_CM4F.lib(rtx_kernel.o)
    0x0800a290   0x0800a290   0x00000028   Code   RO         1244    .text.osKernelGetTickFreq  RTX_CM4F.lib(rtx_kernel.o)
    0x0800a2b8   0x0800a2b8   0x0000002c   Code   RO         1218    .text.osKernelInitialize  RTX_CM4F.lib(rtx_kernel.o)
    0x0800a2e4   0x0800a2e4   0x00000024   Code   RO         1228    .text.osKernelStart  RTX_CM4F.lib(rtx_kernel.o)
    0x0800a308   0x0800a308   0x00000070   Code   RO         1572    .text.osMessageQueueGet  RTX_CM4F.lib(rtx_msgqueue.o)
    0x0800a378   0x0800a378   0x00000024   Code   RO         1566    .text.osMessageQueueNew  RTX_CM4F.lib(rtx_msgqueue.o)
    0x0800a39c   0x0800a39c   0x00000080   Code   RO         1570    .text.osMessageQueuePut  RTX_CM4F.lib(rtx_msgqueue.o)
    0x0800a41c   0x0800a41c   0x00000024   Code   RO         1498    .text.osMutexAcquire  RTX_CM4F.lib(rtx_mutex.o)
    0x0800a440   0x0800a440   0x00000024   Code   RO         1504    .text.osMutexDelete  RTX_CM4F.lib(rtx_mutex.o)
    0x0800a464   0x0800a464   0x00000024   Code   RO         1494    .text.osMutexNew    RTX_CM4F.lib(rtx_mutex.o)
    0x0800a488   0x0800a488   0x00000024   Code   RO         1500    .text.osMutexRelease  RTX_CM4F.lib(rtx_mutex.o)
    0x0800a4ac   0x0800a4ac   0x00000004   Code   RO         1216    .text.osRtxKernelErrorNotify  RTX_CM4F.lib(rtx_kernel.o)
    0x0800a4b0   0x0800a4b0   0x00000002   Code   RO         1214    .text.osRtxKernelPreInit  RTX_CM4F.lib(rtx_kernel.o)
    0x0800a4b2   0x0800a4b2   0x0000006c   Code   RO         2323    .text.osRtxMemoryAlloc  RTX_CM4F.lib(rtx_memory.o)
    0x0800a51e   0x0800a51e   0x00000042   Code   RO         2325    .text.osRtxMemoryFree  RTX_CM4F.lib(rtx_memory.o)
    0x0800a560   0x0800a560   0x00000036   Code   RO         2321    .text.osRtxMemoryInit  RTX_CM4F.lib(rtx_memory.o)
    0x0800a596   0x0800a596   0x0000003a   Code   RO         2337    .text.osRtxMemoryPoolAlloc  RTX_CM4F.lib(rtx_mempool.o)
    0x0800a5d0   0x0800a5d0   0x0000004a   Code   RO         2339    .text.osRtxMemoryPoolFree  RTX_CM4F.lib(rtx_mempool.o)
    0x0800a61a   0x0800a61a   0x00000038   Code   RO         2335    .text.osRtxMemoryPoolInit  RTX_CM4F.lib(rtx_mempool.o)
    0x0800a652   0x0800a652   0x000000aa   Code   RO         1594    .text.osRtxMessageQueuePostProcess  RTX_CM4F.lib(rtx_msgqueue.o)
    0x0800a6fc   0x0800a6fc   0x00000028   Code   RO         1562    .text.osRtxMessageQueueTimerSetup  RTX_CM4F.lib(rtx_msgqueue.o)
    0x0800a724   0x0800a724   0x00000048   Code   RO         1490    .text.osRtxMutexOwnerRelease  RTX_CM4F.lib(rtx_mutex.o)
    0x0800a76c   0x0800a76c   0x00000042   Code   RO         1492    .text.osRtxMutexOwnerRestore  RTX_CM4F.lib(rtx_mutex.o)
    0x0800a7ae   0x0800a7ae   0x00000002   PAD
    0x0800a7b0   0x0800a7b0   0x0000008c   Code   RO         2389    .text.osRtxPendSV_Handler  RTX_CM4F.lib(rtx_system.o)
    0x0800a83c   0x0800a83c   0x00000074   Code   RO         2391    .text.osRtxPostProcess  RTX_CM4F.lib(rtx_system.o)
    0x0800a8b0   0x0800a8b0   0x00000036   Code   RO         1542    .text.osRtxSemaphorePostProcess  RTX_CM4F.lib(rtx_semaphore.o)
    0x0800a8e6   0x0800a8e6   0x00000002   PAD
    0x0800a8e8   0x0800a8e8   0x00000038   Code   RO         1306    .text.osRtxThreadBlock  RTX_CM4F.lib(rtx_thread.o)
    0x0800a920   0x0800a920   0x00000080   Code   RO         1314    .text.osRtxThreadDelayInsert  RTX_CM4F.lib(rtx_thread.o)
    0x0800a9a0   0x0800a9a0   0x00000040   Code   RO         1310    .text.osRtxThreadDelayRemove  RTX_CM4F.lib(rtx_thread.o)
    0x0800a9e0   0x0800a9e0   0x0000004c   Code   RO         1296    .text.osRtxThreadDelayTick  RTX_CM4F.lib(rtx_thread.o)
    0x0800aa2c   0x0800aa2c   0x00000024   Code   RO         1398    .text.osRtxThreadDestroy  RTX_CM4F.lib(rtx_thread.o)
    0x0800aa50   0x0800aa50   0x00000054   Code   RO         1304    .text.osRtxThreadDispatch  RTX_CM4F.lib(rtx_thread.o)
    0x0800aaa4   0x0800aaa4   0x00000058   Code   RO         1390    .text.osRtxThreadFree  RTX_CM4F.lib(rtx_thread.o)
    0x0800aafc   0x0800aafc   0x0000001e   Code   RO         1396    .text.osRtxThreadJoinWakeup  RTX_CM4F.lib(rtx_thread.o)
    0x0800ab1a   0x0800ab1a   0x00000012   Code   RO         1288    .text.osRtxThreadListGet  RTX_CM4F.lib(rtx_thread.o)
    0x0800ab2c   0x0800ab2c   0x0000002c   Code   RO         1286    .text.osRtxThreadListPut  RTX_CM4F.lib(rtx_thread.o)
    0x0800ab58   0x0800ab58   0x00000014   Code   RO         1292    .text.osRtxThreadListRemove  RTX_CM4F.lib(rtx_thread.o)
    0x0800ab6c   0x0800ab6c   0x0000000c   Code   RO         1298    .text.osRtxThreadListRoot  RTX_CM4F.lib(rtx_thread.o)
    0x0800ab78   0x0800ab78   0x00000026   Code   RO         1290    .text.osRtxThreadListSort  RTX_CM4F.lib(rtx_thread.o)
    0x0800ab9e   0x0800ab9e   0x00000028   Code   RO         1364    .text.osRtxThreadPostProcess  RTX_CM4F.lib(rtx_thread.o)
    0x0800abc6   0x0800abc6   0x00000002   PAD
    0x0800abc8   0x0800abc8   0x00000014   Code   RO         1294    .text.osRtxThreadReadyPut  RTX_CM4F.lib(rtx_thread.o)
    0x0800abdc   0x0800abdc   0x00000014   Code   RO         1300    .text.osRtxThreadRegPtr  RTX_CM4F.lib(rtx_thread.o)
    0x0800abf0   0x0800abf0   0x0000003c   Code   RO         1316    .text.osRtxThreadStartup  RTX_CM4F.lib(rtx_thread.o)
    0x0800ac2c   0x0800ac2c   0x00000010   Code   RO         1302    .text.osRtxThreadSwitch  RTX_CM4F.lib(rtx_thread.o)
    0x0800ac3c   0x0800ac3c   0x0000003c   Code   RO         1312    .text.osRtxThreadWaitEnter  RTX_CM4F.lib(rtx_thread.o)
    0x0800ac78   0x0800ac78   0x00000030   Code   RO         1308    .text.osRtxThreadWaitExit  RTX_CM4F.lib(rtx_thread.o)
    0x0800aca8   0x0800aca8   0x00000078   Code   RO         2387    .text.osRtxTick_Handler  RTX_CM4F.lib(rtx_system.o)
    0x0800ad20   0x0800ad20   0x00000020   Code   RO         1448    .text.osRtxTimerSetup  RTX_CM4F.lib(rtx_timer.o)
    0x0800ad40   0x0800ad40   0x00000020   Code   RO         1452    .text.osRtxTimerThread  RTX_CM4F.lib(rtx_timer.o)
    0x0800ad60   0x0800ad60   0x00000070   Code   RO         1450    .text.osRtxTimerTick  RTX_CM4F.lib(rtx_timer.o)
    0x0800add0   0x0800add0   0x00000054   Code   RO         1530    .text.osSemaphoreAcquire  RTX_CM4F.lib(rtx_semaphore.o)
    0x0800ae24   0x0800ae24   0x00000024   Code   RO         1538    .text.osSemaphoreDelete  RTX_CM4F.lib(rtx_semaphore.o)
    0x0800ae48   0x0800ae48   0x00000024   Code   RO         1526    .text.osSemaphoreNew  RTX_CM4F.lib(rtx_semaphore.o)
    0x0800ae6c   0x0800ae6c   0x0000004c   Code   RO         1532    .text.osSemaphoreRelease  RTX_CM4F.lib(rtx_semaphore.o)
    0x0800aeb8   0x0800aeb8   0x0000000c   Code   RO         1348    .text.osThreadExit  RTX_CM4F.lib(rtx_thread.o)
    0x0800aec4   0x0800aec4   0x00000024   Code   RO         1358    .text.osThreadFlagsClear  RTX_CM4F.lib(rtx_thread.o)
    0x0800aee8   0x0800aee8   0x00000058   Code   RO         1356    .text.osThreadFlagsSet  RTX_CM4F.lib(rtx_thread.o)
    0x0800af40   0x0800af40   0x00000024   Code   RO         1362    .text.osThreadFlagsWait  RTX_CM4F.lib(rtx_thread.o)
    0x0800af64   0x0800af64   0x00000028   Code   RO         1324    .text.osThreadGetId  RTX_CM4F.lib(rtx_thread.o)
    0x0800af8c   0x0800af8c   0x00000024   Code   RO         1320    .text.osThreadNew   RTX_CM4F.lib(rtx_thread.o)
    0x0800afb0   0x0800afb0   0x00000024   Code   RO         1350    .text.osThreadTerminate  RTX_CM4F.lib(rtx_thread.o)
    0x0800afd4   0x0800afd4   0x00000024   Code   RO         1338    .text.osThreadYield  RTX_CM4F.lib(rtx_thread.o)
    0x0800aff8   0x0800aff8   0x00000024   Code   RO         1464    .text.osTimerDelete  RTX_CM4F.lib(rtx_timer.o)
    0x0800b01c   0x0800b01c   0x00000024   Code   RO         1454    .text.osTimerNew    RTX_CM4F.lib(rtx_timer.o)
    0x0800b040   0x0800b040   0x00000024   Code   RO         1458    .text.osTimerStart  RTX_CM4F.lib(rtx_timer.o)
    0x0800b064   0x0800b064   0x00000024   Code   RO         1460    .text.osTimerStop   RTX_CM4F.lib(rtx_timer.o)
    0x0800b088   0x0800b088   0x00000016   Code   RO         1436    .text.svcRtxDelay   RTX_CM4F.lib(rtx_delay.o)
    0x0800b09e   0x0800b09e   0x00000002   PAD
    0x0800b0a0   0x0800b0a0   0x0000000c   Code   RO         1226    .text.svcRtxKernelGetState  RTX_CM4F.lib(rtx_kernel.o)
    0x0800b0ac   0x0800b0ac   0x0000000c   Code   RO         1242    .text.svcRtxKernelGetTickCount  RTX_CM4F.lib(rtx_kernel.o)
    0x0800b0b8   0x0800b0b8   0x0000000c   Code   RO         1246    .text.svcRtxKernelGetTickFreq  RTX_CM4F.lib(rtx_kernel.o)
    0x0800b0c4   0x0800b0c4   0x00000100   Code   RO         1256    .text.svcRtxKernelInitialize  RTX_CM4F.lib(rtx_kernel.o)
    0x0800b1c4   0x0800b1c4   0x00000088   Code   RO         1258    .text.svcRtxKernelStart  RTX_CM4F.lib(rtx_kernel.o)
    0x0800b24c   0x0800b24c   0x000000d8   Code   RO         1606    .text.svcRtxMessageQueueGet  RTX_CM4F.lib(rtx_msgqueue.o)
    0x0800b324   0x0800b324   0x00000118   Code   RO         1564    .text.svcRtxMessageQueueNew  RTX_CM4F.lib(rtx_msgqueue.o)
    0x0800b43c   0x0800b43c   0x000000b4   Code   RO         1602    .text.svcRtxMessageQueuePut  RTX_CM4F.lib(rtx_msgqueue.o)
    0x0800b4f0   0x0800b4f0   0x00000090   Code   RO         1510    .text.svcRtxMutexAcquire  RTX_CM4F.lib(rtx_mutex.o)
    0x0800b580   0x0800b580   0x000000b0   Code   RO         1516    .text.svcRtxMutexDelete  RTX_CM4F.lib(rtx_mutex.o)
    0x0800b630   0x0800b630   0x00000068   Code   RO         1506    .text.svcRtxMutexNew  RTX_CM4F.lib(rtx_mutex.o)
    0x0800b698   0x0800b698   0x000000b4   Code   RO         1512    .text.svcRtxMutexRelease  RTX_CM4F.lib(rtx_mutex.o)
    0x0800b74c   0x0800b74c   0x00000058   Code   RO         1546    .text.svcRtxSemaphoreAcquire  RTX_CM4F.lib(rtx_semaphore.o)
    0x0800b7a4   0x0800b7a4   0x00000060   Code   RO         1552    .text.svcRtxSemaphoreDelete  RTX_CM4F.lib(rtx_semaphore.o)
    0x0800b804   0x0800b804   0x0000007c   Code   RO         1540    .text.svcRtxSemaphoreNew  RTX_CM4F.lib(rtx_semaphore.o)
    0x0800b880   0x0800b880   0x00000038   Code   RO         1550    .text.svcRtxSemaphoreRelease  RTX_CM4F.lib(rtx_semaphore.o)
    0x0800b8b8   0x0800b8b8   0x0000004c   Code   RO         1394    .text.svcRtxThreadExit  RTX_CM4F.lib(rtx_thread.o)
    0x0800b904   0x0800b904   0x00000034   Code   RO         1408    .text.svcRtxThreadFlagsClear  RTX_CM4F.lib(rtx_thread.o)
    0x0800b938   0x0800b938   0x00000066   Code   RO         1406    .text.svcRtxThreadFlagsSet  RTX_CM4F.lib(rtx_thread.o)
    0x0800b99e   0x0800b99e   0x00000002   PAD
    0x0800b9a0   0x0800b9a0   0x0000004c   Code   RO         1412    .text.svcRtxThreadFlagsWait  RTX_CM4F.lib(rtx_thread.o)
    0x0800b9ec   0x0800b9ec   0x0000000c   Code   RO         1326    .text.svcRtxThreadGetId  RTX_CM4F.lib(rtx_thread.o)
    0x0800b9f8   0x0800b9f8   0x000001ec   Code   RO         1318    .text.svcRtxThreadNew  RTX_CM4F.lib(rtx_thread.o)
    0x0800bbe4   0x0800bbe4   0x00000088   Code   RO         1400    .text.svcRtxThreadTerminate  RTX_CM4F.lib(rtx_thread.o)
    0x0800bc6c   0x0800bc6c   0x00000038   Code   RO         1380    .text.svcRtxThreadYield  RTX_CM4F.lib(rtx_thread.o)
    0x0800bca4   0x0800bca4   0x0000004c   Code   RO         1480    .text.svcRtxTimerDelete  RTX_CM4F.lib(rtx_timer.o)
    0x0800bcf0   0x0800bcf0   0x00000078   Code   RO         1468    .text.svcRtxTimerNew  RTX_CM4F.lib(rtx_timer.o)
    0x0800bd68   0x0800bd68   0x00000048   Code   RO         1472    .text.svcRtxTimerStart  RTX_CM4F.lib(rtx_timer.o)
    0x0800bdb0   0x0800bdb0   0x00000028   Code   RO         1476    .text.svcRtxTimerStop  RTX_CM4F.lib(rtx_timer.o)
    0x0800bdd8   0x0800bdd8   0x00000028   Code   RO         2963    i.__0sprintf        mc_w.l(printfa.o)
    0x0800be00   0x0800be00   0x0000000e   Code   RO         3036    i.__scatterload_copy  mc_w.l(handlers.o)
    0x0800be0e   0x0800be0e   0x00000002   Code   RO         3037    i.__scatterload_null  mc_w.l(handlers.o)
    0x0800be10   0x0800be10   0x0000000e   Code   RO         3038    i.__scatterload_zeroinit  mc_w.l(handlers.o)
    0x0800be1e   0x0800be1e   0x00000002   PAD
    0x0800be20   0x0800be20   0x00000184   Code   RO         2968    i._fp_digits        mc_w.l(printfa.o)
    0x0800bfa4   0x0800bfa4   0x000006b4   Code   RO         2969    i._printf_core      mc_w.l(printfa.o)
    0x0800c658   0x0800c658   0x00000024   Code   RO         2970    i._printf_post_padding  mc_w.l(printfa.o)
    0x0800c67c   0x0800c67c   0x0000002e   Code   RO         2971    i._printf_pre_padding  mc_w.l(printfa.o)
    0x0800c6aa   0x0800c6aa   0x0000000a   Code   RO         2973    i._sputc            mc_w.l(printfa.o)
    0x0800c6b4   0x0800c6b4   0x00000054   Code   RO         2027    i.add_server_id     Net_CM3_L.lib(net_http_server.o)
    0x0800c708   0x0800c708   0x0000005c   Code   RO         1684    i.arp_cache_alloc   Net_CM3_L.lib(net_arp.o)
    0x0800c764   0x0800c764   0x000000f4   Code   RO         1685    i.arp_cache_run     Net_CM3_L.lib(net_arp.o)
    0x0800c858   0x0800c858   0x00000038   Code   RO         1686    i.arp_is_cacheable  Net_CM3_L.lib(net_arp.o)
    0x0800c890   0x0800c890   0x00000048   Code   RO         1687    i.arp_probe_run     Net_CM3_L.lib(net_arp.o)
    0x0800c8d8   0x0800c8d8   0x000000b6   Code   RO         1689    i.arp_proc_response  Net_CM3_L.lib(net_arp.o)
    0x0800c98e   0x0800c98e   0x0000001a   Code   RO         1690    i.arp_que_free      Net_CM3_L.lib(net_arp.o)
    0x0800c9a8   0x0800c9a8   0x00000080   Code   RO         1691    i.arp_send_reply    Net_CM3_L.lib(net_arp.o)
    0x0800ca28   0x0800ca28   0x000000a8   Code   RO         1692    i.arp_send_request  Net_CM3_L.lib(net_arp.o)
    0x0800cad0   0x0800cad0   0x00000068   Code   RO         1693    i.arp_sender_valid  Net_CM3_L.lib(net_arp.o)
    0x0800cb38   0x0800cb38   0x00000170   Code   RO         2028    i.chk_post_req      Net_CM3_L.lib(net_http_server.o)
    0x0800cca8   0x0800cca8   0x00000028   Code   RO         2617    i.crc32_8bit        Net_CM3_L.lib(net_common.o)
    0x0800ccd0   0x0800ccd0   0x0000028c   Code   RO         1969    i.dhcp_client_run   Net_CM3_L.lib(net_dhcp_client.o)
    0x0800cf5c   0x0800cf5c   0x00000048   Code   RO         1970    i.dhcp_client_start  Net_CM3_L.lib(net_dhcp_client.o)
    0x0800cfa4   0x0800cfa4   0x0000024c   Code   RO         1972    i.dhcp_listener     Net_CM3_L.lib(net_dhcp_client.o)
    0x0800d1f0   0x0800d1f0   0x00000254   Code   RO         1973    i.dhcp_send_message  Net_CM3_L.lib(net_dhcp_client.o)
    0x0800d444   0x0800d444   0x0000009a   Code   RO         1628    i.eth_check_link    Net_CM3_L.lib(net_eth.o)
    0x0800d4de   0x0800d4de   0x00000002   PAD
    0x0800d4e0   0x0800d4e0   0x00000020   Code   RO         1629    i.eth_if_map        Net_CM3_L.lib(net_eth.o)
    0x0800d500   0x0800d500   0x00000268   Code   RO         1630    i.eth_iface_init    Net_CM3_L.lib(net_eth.o)
    0x0800d768   0x0800d768   0x0000022c   Code   RO         1631    i.eth_iface_run     Net_CM3_L.lib(net_eth.o)
    0x0800d994   0x0800d994   0x00000008   Code   RO         1633    i.eth_lock          Net_CM3_L.lib(net_eth.o)
    0x0800d99c   0x0800d99c   0x0000001c   Code   RO         1634    i.eth_mtu_limit     Net_CM3_L.lib(net_eth.o)
    0x0800d9b8   0x0800d9b8   0x00000048   Code   RO         1635    i.eth_opt_len       Net_CM3_L.lib(net_eth.o)
    0x0800da00   0x0800da00   0x00000088   Code   RO         1636    i.eth_receive       Net_CM3_L.lib(net_eth.o)
    0x0800da88   0x0800da88   0x00000008   Code   RO         1637    i.eth_unlock        Net_CM3_L.lib(net_eth.o)
    0x0800da90   0x0800da90   0x00000028   Code   RO         2029    i.get_next_field    Net_CM3_L.lib(net_http_server.o)
    0x0800dab8   0x0800dab8   0x00000032   Code   RO         2030    i.get_next_par      Net_CM3_L.lib(net_http_server.o)
    0x0800daea   0x0800daea   0x00000022   Code   RO         2031    i.hex2byte          Net_CM3_L.lib(net_http_server.o)
    0x0800db0c   0x0800db0c   0x0000036c   Code   RO         2032    i.http_add_header   Net_CM3_L.lib(net_http_server.o)
    0x0800de78   0x0800de78   0x00000050   Code   RO         2150    i.http_auth_basic_add  Net_CM3_L.lib(net_http_server_auth.o)
    0x0800dec8   0x0800dec8   0x0000007c   Code   RO         2151    i.http_auth_basic_parse  Net_CM3_L.lib(net_http_server_auth.o)
    0x0800df44   0x0800df44   0x00000002   Code   RO         2157    i.http_auth_dummy   Net_CM3_L.lib(net_http_server_auth.o)
    0x0800df46   0x0800df46   0x00000002   PAD
    0x0800df48   0x0800df48   0x00000024   Code   RO         2158    i.http_auth_init    Net_CM3_L.lib(net_http_server_auth.o)
    0x0800df6c   0x0800df6c   0x000001cc   Code   RO         2033    i.http_error_msg    Net_CM3_L.lib(net_http_server.o)
    0x0800e138   0x0800e138   0x00000078   Code   RO         2034    i.http_get_ftype    Net_CM3_L.lib(net_http_server.o)
    0x0800e1b0   0x0800e1b0   0x0000005e   Code   RO         2035    i.http_kill_session  Net_CM3_L.lib(net_http_server.o)
    0x0800e20e   0x0800e20e   0x00000002   PAD
    0x0800e210   0x0800e210   0x00000210   Code   RO         2036    i.http_listener     Net_CM3_L.lib(net_http_server.o)
    0x0800e420   0x0800e420   0x00000118   Code   RO         2037    i.http_open_file    Net_CM3_L.lib(net_http_server.o)
    0x0800e538   0x0800e538   0x00000108   Code   RO         2038    i.http_parse_header  Net_CM3_L.lib(net_http_server.o)
    0x0800e640   0x0800e640   0x00000164   Code   RO         2039    i.http_proc_multipart  Net_CM3_L.lib(net_http_server.o)
    0x0800e7a4   0x0800e7a4   0x000000f4   Code   RO         2040    i.http_proc_post    Net_CM3_L.lib(net_http_server.o)
    0x0800e898   0x0800e898   0x000003c0   Code   RO         2041    i.http_server_run   Net_CM3_L.lib(net_http_server.o)
    0x0800ec58   0x0800ec58   0x00000050   Code   RO         2042    i.http_server_start  Net_CM3_L.lib(net_http_server.o)
    0x0800eca8   0x0800eca8   0x00000020   Code   RO         2043    i.http_strcpy       Net_CM3_L.lib(net_http_server.o)
    0x0800ecc8   0x0800ecc8   0x000000ac   Code   RO         2044    i.http_to_utc       Net_CM3_L.lib(net_http_server.o)
    0x0800ed74   0x0800ed74   0x0000001a   Code   RO         2618    i.i2str             Net_CM3_L.lib(net_common.o)
    0x0800ed8e   0x0800ed8e   0x0000000c   Code   RO         2495    i.ip4_get_chksum    Net_CM3_L.lib(net_ip4.o)
    0x0800ed9a   0x0800ed9a   0x00000028   Code   RO         2496    i.ip4_get_mtu       Net_CM3_L.lib(net_ip4.o)
    0x0800edc2   0x0800edc2   0x00000040   Code   RO         2253    i.ip4_ntoa          Net_CM3_L.lib(net_addr.o)
    0x0800ee02   0x0800ee02   0x00000002   PAD
    0x0800ee04   0x0800ee04   0x000000ca   Code   RO         2254    i.ip6_ntoa          Net_CM3_L.lib(net_addr.o)
    0x0800eece   0x0800eece   0x0000001e   Code   RO         1974    i.is_selected       Net_CM3_L.lib(net_dhcp_client.o)
    0x0800eeec   0x0800eeec   0x0000000c   Code   RO         2594    i.mem_lock          Net_CM3_L.lib(net_mem.o)
    0x0800eef8   0x0800eef8   0x0000000c   Code   RO         2595    i.mem_unlock        Net_CM3_L.lib(net_mem.o)
    0x0800ef04   0x0800ef04   0x00000128   Code   RO         2013    i.nbns_listener     Net_CM3_L.lib(net_nbns_client.o)
    0x0800f02c   0x0800f02c   0x00000092   Code   RO         2427    i.ndp_cache_add     Net_CM3_L.lib(net_ndp.o)
    0x0800f0be   0x0800f0be   0x00000072   Code   RO         2428    i.ndp_cache_alloc   Net_CM3_L.lib(net_ndp.o)
    0x0800f130   0x0800f130   0x0000002c   Code   RO         2430    i.ndp_check_frame   Net_CM3_L.lib(net_ndp.o)
    0x0800f15c   0x0800f15c   0x00000012   Code   RO         2431    i.ndp_next_opt      Net_CM3_L.lib(net_ndp.o)
    0x0800f16e   0x0800f16e   0x000000c0   Code   RO         2432    i.ndp_prefix_add    Net_CM3_L.lib(net_ndp.o)
    0x0800f22e   0x0800f22e   0x000000ae   Code   RO         2435    i.ndp_proc_response  Net_CM3_L.lib(net_ndp.o)
    0x0800f2dc   0x0800f2dc   0x0000001a   Code   RO         2436    i.ndp_que_free      Net_CM3_L.lib(net_ndp.o)
    0x0800f2f6   0x0800f2f6   0x00000002   PAD
    0x0800f2f8   0x0800f2f8   0x00000038   Code   RO         2437    i.ndp_router_remove  Net_CM3_L.lib(net_ndp.o)
    0x0800f330   0x0800f330   0x00000070   Code   RO         2438    i.ndp_send_reply    Net_CM3_L.lib(net_ndp.o)
    0x0800f3a0   0x0800f3a0   0x00000084   Code   RO         2439    i.ndp_send_request  Net_CM3_L.lib(net_ndp.o)
    0x0800f424   0x0800f424   0x00000004   Code   RO         2045    i.netCGI_Charset    Net_CM3_L.lib(net_http_server.o)
    0x0800f428   0x0800f428   0x00000004   Code   RO         2046    i.netCGI_ContentType  Net_CM3_L.lib(net_http_server.o)
    0x0800f42c   0x0800f42c   0x00000004   Code   RO         2047    i.netCGI_CustomHeader  Net_CM3_L.lib(net_http_server.o)
    0x0800f430   0x0800f430   0x0000006c   Code   RO         2048    i.netCGI_GetEnvVar  Net_CM3_L.lib(net_http_server.o)
    0x0800f49c   0x0800f49c   0x00000004   Code   RO         2051    i.netCGI_Redirect   Net_CM3_L.lib(net_http_server.o)
    0x0800f4a0   0x0800f4a0   0x00000004   Code   RO         2053    i.netCGX_ContentType  Net_CM3_L.lib(net_http_server.o)
    0x0800f4a4   0x0800f4a4   0x00000064   Code   RO         2204    i.netCore_Thread    Net_CM3_L.lib(net_sys.o)
    0x0800f508   0x0800f508   0x00000002   Code   RO         1638    i.netETH_Notify     Net_CM3_L.lib(net_eth.o)
    0x0800f50a   0x0800f50a   0x00000002   Code   RO         1639    i.netETH_ReceiveRaw  Net_CM3_L.lib(net_eth.o)
    0x0800f50c   0x0800f50c   0x00000072   Code   RO         1641    i.netETH_Thread     Net_CM3_L.lib(net_eth.o)
    0x0800f57e   0x0800f57e   0x00000004   Code   RO         2054    i.netHTTPs_AcceptClient  Net_CM3_L.lib(net_http_server.o)
    0x0800f582   0x0800f582   0x00000004   Code   RO         2159    i.netHTTPs_CheckAccount  Net_CM3_L.lib(net_http_server_auth.o)
    0x0800f586   0x0800f586   0x00000004   Code   RO         2056    i.netHTTPs_FileAccess  Net_CM3_L.lib(net_http_server.o)
    0x0800f58a   0x0800f58a   0x00000002   PAD
    0x0800f58c   0x0800f58c   0x00000020   Code   RO         2059    i.netHTTPs_GetLanguage  Net_CM3_L.lib(net_http_server.o)
    0x0800f5ac   0x0800f5ac   0x0000000c   Code   RO         2060    i.netHTTPs_GetPassword  Net_CM3_L.lib(net_http_server.o)
    0x0800f5b8   0x0800f5b8   0x0000000c   Code   RO         2066    i.netHTTPs_LoginActive  Net_CM3_L.lib(net_http_server.o)
    0x0800f5c4   0x0800f5c4   0x00000044   Code   RO         2069    i.netHTTPs_SetPassword  Net_CM3_L.lib(net_http_server.o)
    0x0800f608   0x0800f608   0x0000007c   Code   RO         2205    i.netIF_GetOption   Net_CM3_L.lib(net_sys.o)
    0x0800f684   0x0800f684   0x00000078   Code   RO         2207    i.netIF_SetOption   Net_CM3_L.lib(net_sys.o)
    0x0800f6fc   0x0800f6fc   0x0000001a   Code   RO         2256    i.netIP_aton        Net_CM3_L.lib(net_addr.o)
    0x0800f716   0x0800f716   0x00000032   Code   RO         2257    i.netIP_ntoa        Net_CM3_L.lib(net_addr.o)
    0x0800f748   0x0800f748   0x00000074   Code   RO         2208    i.netInitialize     Net_CM3_L.lib(net_sys.o)
    0x0800f7bc   0x0800f7bc   0x0000008c   Code   RO         2258    i.netMAC_aton       Net_CM3_L.lib(net_addr.o)
    0x0800f848   0x0800f848   0x00000004   Code   RO         1850    i.netTCP_GetLocalPort  Net_CM3_L.lib(net_tcp.o)
    0x0800f84c   0x0800f84c   0x00000020   Code   RO         1852    i.netTCP_GetPeer    Net_CM3_L.lib(net_tcp.o)
    0x0800f86c   0x0800f86c   0x00000004   Code   RO         1854    i.netTCP_GetState   Net_CM3_L.lib(net_tcp.o)
    0x0800f870   0x0800f870   0x00000004   Code   RO         1855    i.netTCP_GetTimer   Net_CM3_L.lib(net_tcp.o)
    0x0800f874   0x0800f874   0x0000007c   Code   RO         2260    i.net_addr4_aton    Net_CM3_L.lib(net_addr.o)
    0x0800f8f0   0x0800f8f0   0x0000001e   Code   RO         2262    i.net_addr4_to_mac  Net_CM3_L.lib(net_addr.o)
    0x0800f90e   0x0800f90e   0x00000002   PAD
    0x0800f910   0x0800f910   0x000000e6   Code   RO         2263    i.net_addr6_aton    Net_CM3_L.lib(net_addr.o)
    0x0800f9f6   0x0800f9f6   0x00000028   Code   RO         2264    i.net_addr6_comp    Net_CM3_L.lib(net_addr.o)
    0x0800fa1e   0x0800fa1e   0x00000012   Code   RO         2265    i.net_addr6_copy    Net_CM3_L.lib(net_addr.o)
    0x0800fa30   0x0800fa30   0x0000004c   Code   RO         2266    i.net_addr6_create  Net_CM3_L.lib(net_addr.o)
    0x0800fa7c   0x0800fa7c   0x00000028   Code   RO         2267    i.net_addr6_get_solicited  Net_CM3_L.lib(net_addr.o)
    0x0800faa4   0x0800faa4   0x00000018   Code   RO         2268    i.net_addr6_is_linklocal  Net_CM3_L.lib(net_addr.o)
    0x0800fabc   0x0800fabc   0x0000006e   Code   RO         2269    i.net_addr6_is_onlink  Net_CM3_L.lib(net_addr.o)
    0x0800fb2a   0x0800fb2a   0x00000048   Code   RO         2270    i.net_addr6_is_solicited  Net_CM3_L.lib(net_addr.o)
    0x0800fb72   0x0800fb72   0x00000018   Code   RO         2271    i.net_addr6_is_unspec  Net_CM3_L.lib(net_addr.o)
    0x0800fb8a   0x0800fb8a   0x0000000e   Code   RO         2273    i.net_addr6_to_mac  Net_CM3_L.lib(net_addr.o)
    0x0800fb98   0x0800fb98   0x00000026   Code   RO         2275    i.net_addr_copy     Net_CM3_L.lib(net_addr.o)
    0x0800fbbe   0x0800fbbe   0x0000001a   Code   RO         2276    i.net_addr_find_route  Net_CM3_L.lib(net_addr.o)
    0x0800fbd8   0x0800fbd8   0x00000020   Code   RO         2278    i.net_addr_get_local  Net_CM3_L.lib(net_addr.o)
    0x0800fbf8   0x0800fbf8   0x00000022   Code   RO         2279    i.net_addr_is_unspec  Net_CM3_L.lib(net_addr.o)
    0x0800fc1a   0x0800fc1a   0x000000a0   Code   RO         1701    i.net_arp_cache_add  Net_CM3_L.lib(net_arp.o)
    0x0800fcba   0x0800fcba   0x00000086   Code   RO         1702    i.net_arp_cache_early  Net_CM3_L.lib(net_arp.o)
    0x0800fd40   0x0800fd40   0x00000080   Code   RO         1703    i.net_arp_cache_find  Net_CM3_L.lib(net_arp.o)
    0x0800fdc0   0x0800fdc0   0x00000038   Code   RO         1704    i.net_arp_cache_init  Net_CM3_L.lib(net_arp.o)
    0x0800fdf8   0x0800fdf8   0x0000001c   Code   RO         1705    i.net_arp_cache_run  Net_CM3_L.lib(net_arp.o)
    0x0800fe14   0x0800fe14   0x00000066   Code   RO         1707    i.net_arp_enqueue   Net_CM3_L.lib(net_arp.o)
    0x0800fe7a   0x0800fe7a   0x00000020   Code   RO         1709    i.net_arp_notify    Net_CM3_L.lib(net_arp.o)
    0x0800fe9a   0x0800fe9a   0x00000012   Code   RO         1710    i.net_arp_probe     Net_CM3_L.lib(net_arp.o)
    0x0800feac   0x0800feac   0x00000162   Code   RO         1711    i.net_arp_process   Net_CM3_L.lib(net_arp.o)
    0x0801000e   0x0801000e   0x00000042   Code   RO         2619    i.net_atoi          Net_CM3_L.lib(net_common.o)
    0x08010050   0x08010050   0x00000078   Code   RO         2685    i.net_base64_decode  Net_CM3_L.lib(net_base64.o)
    0x080100c8   0x080100c8   0x00000030   Code   RO         2621    i.net_chksum_buf    Net_CM3_L.lib(net_common.o)
    0x080100f8   0x080100f8   0x0000001e   Code   RO         2622    i.net_crc_buf       Net_CM3_L.lib(net_common.o)
    0x08010116   0x08010116   0x00000002   PAD
    0x08010118   0x08010118   0x00000060   Code   RO         1979    i.net_dhcp_client_init  Net_CM3_L.lib(net_dhcp_client.o)
    0x08010178   0x08010178   0x0000001c   Code   RO         1980    i.net_dhcp_client_run  Net_CM3_L.lib(net_dhcp_client.o)
    0x08010194   0x08010194   0x0000000e   Code   RO         1642    i.net_eth_callback  Net_CM3_L.lib(net_eth.o)
    0x080101a2   0x080101a2   0x00000068   Code   RO         1643    i.net_eth_config_mcast  Net_CM3_L.lib(net_eth.o)
    0x0801020a   0x0801020a   0x000000de   Code   RO         1645    i.net_eth_get_option  Net_CM3_L.lib(net_eth.o)
    0x080102e8   0x080102e8   0x0000001c   Code   RO         1646    i.net_eth_iface_init  Net_CM3_L.lib(net_eth.o)
    0x08010304   0x08010304   0x0000001c   Code   RO         1647    i.net_eth_iface_run  Net_CM3_L.lib(net_eth.o)
    0x08010320   0x08010320   0x00000098   Code   RO         1649    i.net_eth_output    Net_CM3_L.lib(net_eth.o)
    0x080103b8   0x080103b8   0x00000120   Code   RO         1650    i.net_eth_send_frame  Net_CM3_L.lib(net_eth.o)
    0x080104d8   0x080104d8   0x00000174   Code   RO         1651    i.net_eth_set_option  Net_CM3_L.lib(net_eth.o)
    0x0801064c   0x0801064c   0x000000a8   Code   RO         2075    i.net_http_server_init  Net_CM3_L.lib(net_http_server.o)
    0x080106f4   0x080106f4   0x00000028   Code   RO         2076    i.net_http_server_run  Net_CM3_L.lib(net_http_server.o)
    0x0801071c   0x0801071c   0x00000018   Code   RO         2567    i.net_icmp6_init    Net_CM3_L.lib(net_icmp6.o)
    0x08010734   0x08010734   0x00000148   Code   RO         2568    i.net_icmp6_process  Net_CM3_L.lib(net_icmp6.o)
    0x0801087c   0x0801087c   0x00000064   Code   RO         2569    i.net_icmp6_send    Net_CM3_L.lib(net_icmp6.o)
    0x080108e0   0x080108e0   0x00000058   Code   RO         2570    i.net_icmp6_send_echo  Net_CM3_L.lib(net_icmp6.o)
    0x08010938   0x08010938   0x00000018   Code   RO         1769    i.net_icmp_init     Net_CM3_L.lib(net_icmp.o)
    0x08010950   0x08010950   0x00000108   Code   RO         1770    i.net_icmp_process  Net_CM3_L.lib(net_icmp.o)
    0x08010a58   0x08010a58   0x00000080   Code   RO         1771    i.net_icmp_send_echo  Net_CM3_L.lib(net_icmp.o)
    0x08010ad8   0x08010ad8   0x0000000c   Code   RO         2212    i.net_if_map_all    Net_CM3_L.lib(net_sys.o)
    0x08010ae4   0x08010ae4   0x00000108   Code   RO         2497    i.net_ip4_chk_frame  Net_CM3_L.lib(net_ip4.o)
    0x08010bec   0x08010bec   0x0000002c   Code   RO         2498    i.net_ip4_chksum    Net_CM3_L.lib(net_ip4.o)
    0x08010c18   0x08010c18   0x00000006   Code   RO         2499    i.net_ip4_chksum_buf  Net_CM3_L.lib(net_ip4.o)
    0x08010c1e   0x08010c1e   0x00000002   PAD
    0x08010c20   0x08010c20   0x00000080   Code   RO         2501    i.net_ip4_find_route  Net_CM3_L.lib(net_ip4.o)
    0x08010ca0   0x08010ca0   0x0000002c   Code   RO         2502    i.net_ip4_get_local  Net_CM3_L.lib(net_ip4.o)
    0x08010ccc   0x08010ccc   0x00000018   Code   RO         2503    i.net_ip4_init      Net_CM3_L.lib(net_ip4.o)
    0x08010ce4   0x08010ce4   0x00000020   Code   RO         2504    i.net_ip4_is_onlink  Net_CM3_L.lib(net_ip4.o)
    0x08010d04   0x08010d04   0x00000026   Code   RO         2505    i.net_ip4_is_subcast  Net_CM3_L.lib(net_ip4.o)
    0x08010d2a   0x08010d2a   0x0000000e   Code   RO         2506    i.net_ip4_reass_frame  Net_CM3_L.lib(net_ip4.o)
    0x08010d38   0x08010d38   0x00000124   Code   RO         2507    i.net_ip4_send_frame  Net_CM3_L.lib(net_ip4.o)
    0x08010e5c   0x08010e5c   0x0000002a   Code   RO         2509    i.net_ip4_tx_offl_hl  Net_CM3_L.lib(net_ip4.o)
    0x08010e86   0x08010e86   0x00000002   PAD
    0x08010e88   0x08010e88   0x000000a8   Code   RO         2535    i.net_ip6_chk_frame  Net_CM3_L.lib(net_ip6.o)
    0x08010f30   0x08010f30   0x00000032   Code   RO         2536    i.net_ip6_chksum    Net_CM3_L.lib(net_ip6.o)
    0x08010f62   0x08010f62   0x00000002   PAD
    0x08010f64   0x08010f64   0x0000007c   Code   RO         2537    i.net_ip6_collect_mcast  Net_CM3_L.lib(net_ip6.o)
    0x08010fe0   0x08010fe0   0x00000048   Code   RO         2539    i.net_ip6_find_route  Net_CM3_L.lib(net_ip6.o)
    0x08011028   0x08011028   0x00000054   Code   RO         2540    i.net_ip6_get_local  Net_CM3_L.lib(net_ip6.o)
    0x0801107c   0x0801107c   0x00000014   Code   RO         2541    i.net_ip6_init      Net_CM3_L.lib(net_ip6.o)
    0x08011090   0x08011090   0x00000080   Code   RO         2542    i.net_ip6_send_frame  Net_CM3_L.lib(net_ip6.o)
    0x08011110   0x08011110   0x0000001e   Code   RO         2544    i.net_ip6_tx_offl_hl  Net_CM3_L.lib(net_ip6.o)
    0x0801112e   0x0801112e   0x00000008   Code   RO         2623    i.net_itoa          Net_CM3_L.lib(net_common.o)
    0x08011136   0x08011136   0x00000006   Code   RO         2625    i.net_itoa_n0       Net_CM3_L.lib(net_common.o)
    0x0801113c   0x0801113c   0x00000024   Code   RO         1751    i.net_loop_iface_init  Net_CM3_L.lib(net_loopback.o)
    0x08011160   0x08011160   0x000000ac   Code   RO         1752    i.net_loop_iface_run  Net_CM3_L.lib(net_loopback.o)
    0x0801120c   0x0801120c   0x00000058   Code   RO         1754    i.net_loop_send_frame  Net_CM3_L.lib(net_loopback.o)
    0x08011264   0x08011264   0x0000008c   Code   RO         2596    i.net_mem_alloc     Net_CM3_L.lib(net_mem.o)
    0x080112f0   0x080112f0   0x0000001c   Code   RO         2597    i.net_mem_avail     Net_CM3_L.lib(net_mem.o)
    0x0801130c   0x0801130c   0x0000007c   Code   RO         2598    i.net_mem_free      Net_CM3_L.lib(net_mem.o)
    0x08011388   0x08011388   0x0000005c   Code   RO         2599    i.net_mem_init      Net_CM3_L.lib(net_mem.o)
    0x080113e4   0x080113e4   0x00000038   Code   RO         2600    i.net_mem_shrink    Net_CM3_L.lib(net_mem.o)
    0x0801141c   0x0801141c   0x00000030   Code   RO         2014    i.net_nbns_client_init  Net_CM3_L.lib(net_nbns_client.o)
    0x0801144c   0x0801144c   0x000000e8   Code   RO         2447    i.net_ndp_cache_find  Net_CM3_L.lib(net_ndp.o)
    0x08011534   0x08011534   0x0000004a   Code   RO         2450    i.net_ndp_cache_refresh  Net_CM3_L.lib(net_ndp.o)
    0x0801157e   0x0801157e   0x00000060   Code   RO         2453    i.net_ndp_enqueue   Net_CM3_L.lib(net_ndp.o)
    0x080115de   0x080115de   0x00000002   PAD
    0x080115e0   0x080115e0   0x00000260   Code   RO         2455    i.net_ndp_process   Net_CM3_L.lib(net_ndp.o)
    0x08011840   0x08011840   0x00000038   Code   RO         2214    i.net_path          Net_CM3_L.lib(net_sys.o)
    0x08011878   0x08011878   0x00000010   Code   RO         2185    i.net_ping_client_init  Net_CM3_L.lib(net_ping_core.o)
    0x08011888   0x08011888   0x00000040   Code   RO         2186    i.net_ping_client_run  Net_CM3_L.lib(net_ping_core.o)
    0x080118c8   0x080118c8   0x0000001c   Code   RO         2215    i.net_rand32        Net_CM3_L.lib(net_sys.o)
    0x080118e4   0x080118e4   0x0000002e   Code   RO         2626    i.net_strcasecmp    Net_CM3_L.lib(net_common.o)
    0x08011912   0x08011912   0x00000016   Code   RO         2627    i.net_strchr        Net_CM3_L.lib(net_common.o)
    0x08011928   0x08011928   0x0000001a   Code   RO         2628    i.net_strcmp        Net_CM3_L.lib(net_common.o)
    0x08011942   0x08011942   0x00000012   Code   RO         2629    i.net_strcpy        Net_CM3_L.lib(net_common.o)
    0x08011954   0x08011954   0x0000001c   Code   RO         2631    i.net_strnchr       Net_CM3_L.lib(net_common.o)
    0x08011970   0x08011970   0x0000001a   Code   RO         2632    i.net_strncpy       Net_CM3_L.lib(net_common.o)
    0x0801198a   0x0801198a   0x00000020   Code   RO         2633    i.net_strtoupper    Net_CM3_L.lib(net_common.o)
    0x080119aa   0x080119aa   0x00000002   PAD
    0x080119ac   0x080119ac   0x0000000c   Code   RO         2216    i.net_sys_lock      Net_CM3_L.lib(net_sys.o)
    0x080119b8   0x080119b8   0x00000016   Code   RO         2217    i.net_sys_resume    Net_CM3_L.lib(net_sys.o)
    0x080119ce   0x080119ce   0x00000002   PAD
    0x080119d0   0x080119d0   0x00000014   Code   RO         2219    i.net_sys_tick      Net_CM3_L.lib(net_sys.o)
    0x080119e4   0x080119e4   0x0000000c   Code   RO         2220    i.net_sys_unlock    Net_CM3_L.lib(net_sys.o)
    0x080119f0   0x080119f0   0x00000020   Code   RO         2222    i.net_sys_wakeup    Net_CM3_L.lib(net_sys.o)
    0x08011a10   0x08011a10   0x0000005c   Code   RO         1862    i.net_tcp_abort     Net_CM3_L.lib(net_tcp.o)
    0x08011a6c   0x08011a6c   0x000000ac   Code   RO         1865    i.net_tcp_close     Net_CM3_L.lib(net_tcp.o)
    0x08011b18   0x08011b18   0x0000001e   Code   RO         1868    i.net_tcp_get_buf   Net_CM3_L.lib(net_tcp.o)
    0x08011b36   0x08011b36   0x00000002   PAD
    0x08011b38   0x08011b38   0x00000034   Code   RO         1870    i.net_tcp_get_local_port  Net_CM3_L.lib(net_tcp.o)
    0x08011b6c   0x08011b6c   0x00000028   Code   RO         1871    i.net_tcp_get_mss   Net_CM3_L.lib(net_tcp.o)
    0x08011b94   0x08011b94   0x00000054   Code   RO         1873    i.net_tcp_get_peer  Net_CM3_L.lib(net_tcp.o)
    0x08011be8   0x08011be8   0x00000044   Code   RO         1875    i.net_tcp_get_socket  Net_CM3_L.lib(net_tcp.o)
    0x08011c2c   0x08011c2c   0x0000002c   Code   RO         1876    i.net_tcp_get_state  Net_CM3_L.lib(net_tcp.o)
    0x08011c58   0x08011c58   0x00000034   Code   RO         1877    i.net_tcp_get_timer  Net_CM3_L.lib(net_tcp.o)
    0x08011c8c   0x08011c8c   0x0000007c   Code   RO         1878    i.net_tcp_listen    Net_CM3_L.lib(net_tcp.o)
    0x08011d08   0x08011d08   0x00000520   Code   RO         1880    i.net_tcp_process   Net_CM3_L.lib(net_tcp.o)
    0x08012228   0x08012228   0x000000e8   Code   RO         1884    i.net_tcp_send      Net_CM3_L.lib(net_tcp.o)
    0x08012310   0x08012310   0x000000a4   Code   RO         1886    i.net_tcp_set_option  Net_CM3_L.lib(net_tcp.o)
    0x080123b4   0x080123b4   0x00000014   Code   RO         1887    i.net_tcp_socket_init  Net_CM3_L.lib(net_tcp.o)
    0x080123c8   0x080123c8   0x00000308   Code   RO         1888    i.net_tcp_socket_run  Net_CM3_L.lib(net_tcp.o)
    0x080126d0   0x080126d0   0x00000028   Code   RO         1797    i.net_udp_enable_lla  Net_CM3_L.lib(net_udp.o)
    0x080126f8   0x080126f8   0x0000001e   Code   RO         1799    i.net_udp_get_buf   Net_CM3_L.lib(net_udp.o)
    0x08012716   0x08012716   0x00000002   PAD
    0x08012718   0x08012718   0x00000048   Code   RO         1802    i.net_udp_get_socket  Net_CM3_L.lib(net_udp.o)
    0x08012760   0x08012760   0x0000006c   Code   RO         1804    i.net_udp_open      Net_CM3_L.lib(net_udp.o)
    0x080127cc   0x080127cc   0x00000110   Code   RO         1805    i.net_udp_process   Net_CM3_L.lib(net_udp.o)
    0x080128dc   0x080128dc   0x000001b8   Code   RO         1808    i.net_udp_send_if   Net_CM3_L.lib(net_udp.o)
    0x08012a94   0x08012a94   0x00000010   Code   RO         1810    i.net_udp_socket_init  Net_CM3_L.lib(net_udp.o)
    0x08012aa4   0x08012aa4   0x00000008   Code   RO         2634    i.net_ultoa         Net_CM3_L.lib(net_common.o)
    0x08012aac   0x08012aac   0x00000030   Code   RO         2637    i.net_ultox         Net_CM3_L.lib(net_common.o)
    0x08012adc   0x08012adc   0x0000004c   Code   RO         2638    i.net_xtoul         Net_CM3_L.lib(net_common.o)
    0x08012b28   0x08012b28   0x0000001c   Code   RO         2189    i.ping_send_req     Net_CM3_L.lib(net_ping_core.o)
    0x08012b44   0x08012b44   0x000000a0   Code   RO         1982    i.proc_opt_renew    Net_CM3_L.lib(net_dhcp_client.o)
    0x08012be4   0x08012be4   0x000000f4   Code   RO         1983    i.proc_opt_req      Net_CM3_L.lib(net_dhcp_client.o)
    0x08012cd8   0x08012cd8   0x0000002e   Code   RO         1984    i.proc_opt_sel      Net_CM3_L.lib(net_dhcp_client.o)
    0x08012d06   0x08012d06   0x00000002   PAD
    0x08012d08   0x08012d08   0x00000058   Code   RO         2079    i.proc_req_line     Net_CM3_L.lib(net_http_server.o)
    0x08012d60   0x08012d60   0x000000a0   Code   RO         2080    i.read_script_line  Net_CM3_L.lib(net_http_server.o)
    0x08012e00   0x08012e00   0x00000048   Code   RO         2081    i.search_delim      Net_CM3_L.lib(net_http_server.o)
    0x08012e48   0x08012e48   0x00000018   Code   RO         2223    i.sys_map_if        Net_CM3_L.lib(net_sys.o)
    0x08012e60   0x08012e60   0x0000004c   Code   RO         2224    i.sys_proc_tick     Net_CM3_L.lib(net_sys.o)
    0x08012eac   0x08012eac   0x000000f0   Code   RO         1890    i.tcp_map_socket    Net_CM3_L.lib(net_tcp.o)
    0x08012f9c   0x08012f9c   0x0000005e   Code   RO         1891    i.tcp_parse_opt     Net_CM3_L.lib(net_tcp.o)
    0x08012ffa   0x08012ffa   0x00000002   PAD
    0x08012ffc   0x08012ffc   0x000000d4   Code   RO         1892    i.tcp_proc_acknr    Net_CM3_L.lib(net_tcp.o)
    0x080130d0   0x080130d0   0x00000060   Code   RO         1893    i.tcp_proc_dupack   Net_CM3_L.lib(net_tcp.o)
    0x08013130   0x08013130   0x0000001a   Code   RO         1894    i.tcp_que_free      Net_CM3_L.lib(net_tcp.o)
    0x0801314a   0x0801314a   0x0000001a   Code   RO         1895    i.tcp_que_init      Net_CM3_L.lib(net_tcp.o)
    0x08013164   0x08013164   0x00000098   Code   RO         1896    i.tcp_que_resend    Net_CM3_L.lib(net_tcp.o)
    0x080131fc   0x080131fc   0x0000007e   Code   RO         1897    i.tcp_send_ctrl     Net_CM3_L.lib(net_tcp.o)
    0x0801327a   0x0801327a   0x00000062   Code   RO         1898    i.tcp_send_data     Net_CM3_L.lib(net_tcp.o)
    0x080132dc   0x080132dc   0x00000080   Code   RO         1899    i.tcp_send_reset    Net_CM3_L.lib(net_tcp.o)
    0x0801335c   0x0801335c   0x0000002c   Code   RO         1900    i.tcp_set_cwnd      Net_CM3_L.lib(net_tcp.o)
    0x08013388   0x08013388   0x00000074   Code   RO         1901    i.tcp_transit       Net_CM3_L.lib(net_tcp.o)
    0x080133fc   0x080133fc   0x000000fc   Code   RO         1902    i.tcp_write         Net_CM3_L.lib(net_tcp.o)
    0x080134f8   0x080134f8   0x0000002c   Code   RO         1812    i.udp_port_in_use   Net_CM3_L.lib(net_udp.o)
    0x08013524   0x08013524   0x00000044   Code   RO         2639    i.ul2str            Net_CM3_L.lib(net_common.o)
    0x08013568   0x08013568   0x00000124   Code   RO         2082    i.utc_to_http       Net_CM3_L.lib(net_http_server.o)
    0x0801368c   0x0801368c   0x00000024   Data   RO          170    .constdata          http_server.o
    0x080136b0   0x080136b0   0x00000004   Data   RO          275    .constdata          web.o
    0x080136b4   0x080136b4   0x00006c32   Data   RO          276    .constdata          web.o
    0x0801a2e6   0x0801a2e6   0x00000002   PAD
    0x0801a2e8   0x0801a2e8   0x000000b0   Data   RO          277    .constdata          web.o
    0x0801a398   0x0801a398   0x00000030   Data   RO          295    .constdata          leds.o
    0x0801a3c8   0x0801a3c8   0x00000960   Data   RO          322    .constdata          lcd.o
    0x0801ad28   0x0801ad28   0x00000024   Data   RO          460    .constdata          rtx_lib.o
    0x0801ad4c   0x0801ad4c   0x00000024   Data   RO          461    .constdata          rtx_lib.o
    0x0801ad70   0x0801ad70   0x00000018   Data   RO          462    .constdata          rtx_lib.o
    0x0801ad88   0x0801ad88   0x00000004   Data   RO          464    .constdata          rtx_lib.o
    0x0801ad8c   0x0801ad8c   0x00000004   Data   RO          530    .constdata          phy_lan8742a.o
    0x0801ad90   0x0801ad90   0x00000020   Data   RO          531    .constdata          phy_lan8742a.o
    0x0801adb0   0x0801adb0   0x00000050   Data   RO          558    .constdata          emac_stm32f4xx.o
    0x0801ae00   0x0801ae00   0x00000044   Data   RO          559    .constdata          emac_stm32f4xx.o
    0x0801ae44   0x0801ae44   0x00000034   Data   RO          607    .constdata          spi_stm32f4xx.o
    0x0801ae78   0x0801ae78   0x00000010   Data   RO          608    .constdata          spi_stm32f4xx.o
    0x0801ae88   0x0801ae88   0x00000010   Data   RO          609    .constdata          spi_stm32f4xx.o
    0x0801ae98   0x0801ae98   0x0000002c   Data   RO          610    .constdata          spi_stm32f4xx.o
    0x0801aec4   0x0801aec4   0x00000008   Data   RO          750    .constdata          stm32f4xx_hal_dma.o
    0x0801aecc   0x0801aecc   0x00000010   Data   RO         1073    .constdata          system_stm32f4xx.o
    0x0801aedc   0x0801aedc   0x00000008   Data   RO         1074    .constdata          system_stm32f4xx.o
    0x0801aee4   0x0801aee4   0x000000a8   Data   RO         1140    .constdata          net_config.o
    0x0801af8c   0x0801af8c   0x0000001c   Data   RO         1141    .constdata          net_config.o
    0x0801afa8   0x0801afa8   0x00000014   Data   RO         1142    .constdata          net_config.o
    0x0801afbc   0x0801afbc   0x0000000c   Data   RO         1143    .constdata          net_config.o
    0x0801afc8   0x0801afc8   0x00000010   Data   RO         1144    .constdata          net_config.o
    0x0801afd8   0x0801afd8   0x00000028   Data   RO         1145    .constdata          net_config.o
    0x0801b000   0x0801b000   0x0000002c   Data   RO         1146    .constdata          net_config.o
    0x0801b02c   0x0801b02c   0x00000008   Data   RO         1147    .constdata          net_config.o
    0x0801b034   0x0801b034   0x00000008   Data   RO         1149    .constdata          net_config.o
    0x0801b03c   0x0801b03c   0x00000008   Data   RO         1150    .constdata          net_config.o
    0x0801b044   0x0801b044   0x00000008   Data   RO         1151    .constdata          net_config.o
    0x0801b04c   0x0801b04c   0x00000008   Data   RO         1152    .constdata          net_config.o
    0x0801b054   0x0801b054   0x00000008   Data   RO         1153    .constdata          net_config.o
    0x0801b05c   0x0801b05c   0x00000008   Data   RO         1154    .constdata          net_config.o
    0x0801b064   0x0801b064   0x00000004   Data   RO         1156    .constdata          net_config.o
    0x0801b068   0x0801b068   0x0000000c   Data   RO         1157    .constdata          net_config.o
    0x0801b074   0x0801b074   0x00000018   Data   RO         1158    .constdata          net_config.o
    0x0801b08c   0x0801b08c   0x00000034   Data   RO         1159    .constdata          net_config.o
    0x0801b0c0   0x0801b0c0   0x00000028   Data   RO         1160    .constdata          net_config.o
    0x0801b0e8   0x0801b0e8   0x00000020   Data   RO         1161    .constdata          net_config.o
    0x0801b108   0x0801b108   0x00000010   Data   RO         1163    .constdata          net_config.o
    0x0801b118   0x0801b118   0x00000010   Data   RO         1164    .constdata          net_config.o
    0x0801b128   0x0801b128   0x0000002c   Data   RO         1755    .constdata          Net_CM3_L.lib(net_loopback.o)
    0x0801b154   0x0801b154   0x0000000c   Data   RO         1756    .constdata          Net_CM3_L.lib(net_loopback.o)
    0x0801b160   0x0801b160   0x00000008   Data   RO         2016    .constdata          Net_CM3_L.lib(net_nbns_client.o)
    0x0801b168   0x0801b168   0x000000fa   Data   RO         2084    .constdata          Net_CM3_L.lib(net_http_server.o)
    0x0801b262   0x0801b262   0x00000002   PAD
    0x0801b264   0x0801b264   0x00000018   Data   RO         2162    .constdata          Net_CM3_L.lib(net_http_server_auth.o)
    0x0801b27c   0x0801b27c   0x00000012   Data   RO         2191    .constdata          Net_CM3_L.lib(net_ping_core.o)
    0x0801b28e   0x0801b28e   0x00000010   Data   RO         2283    .constdata          Net_CM3_L.lib(net_addr.o)
    0x0801b29e   0x0801b29e   0x00000006   Data   RO         2284    .constdata          Net_CM3_L.lib(net_addr.o)
    0x0801b2a4   0x0801b2a4   0x00000004   Data   RO         2511    .constdata          Net_CM3_L.lib(net_ip4.o)
    0x0801b2a8   0x0801b2a8   0x00000020   Data   RO         2546    .constdata          Net_CM3_L.lib(net_ip6.o)
    0x0801b2c8   0x0801b2c8   0x00000018   Data   RO         2586    .constdata          Net_CM3_L.lib(net_http_server_err.o)
    0x0801b2e0   0x0801b2e0   0x00000010   Data   RO         2640    .constdata          Net_CM3_L.lib(net_common.o)
    0x0801b2f0   0x0801b2f0   0x00000090   Data   RO         2687    .constdata          Net_CM3_L.lib(net_base64.o)
    0x0801b380   0x0801b380   0x00000004   Data   RO         2696    .constdata          Net_CM3_L.lib(net_version.o)
    0x0801b384   0x0801b384   0x0000000c   Data   RO         2710    .constdata          mc_w.l(localtime.o)
    0x0801b390   0x0801b390   0x000000da   Data   RO          234    .conststring        http_server_cgi.o
    0x0801b46a   0x0801b46a   0x00000002   PAD
    0x0801b46c   0x0801b46c   0x00000078   Data   RO         1165    .conststring        net_config.o
    0x0801b4e4   0x0801b4e4   0x0000000d   Data   RO         1166    .conststring        net_config.o
    0x0801b4f1   0x0801b4f1   0x00000003   PAD
    0x0801b4f4   0x0801b4f4   0x00000001   Data   RO         1167    .conststring        net_config.o
    0x0801b4f5   0x0801b4f5   0x00000003   PAD
    0x0801b4f8   0x0801b4f8   0x00000035   Data   RO         1168    .conststring        net_config.o
    0x0801b52d   0x0801b52d   0x00000003   PAD
    0x0801b530   0x0801b530   0x0000001c   Data   RO         1169    .conststring        net_config.o
    0x0801b54c   0x0801b54c   0x00000203   Data   RO         2587    .conststring        Net_CM3_L.lib(net_http_server_err.o)
    0x0801b74f   0x0801b74f   0x00000001   PAD
    0x0801b750   0x0801b750   0x000000a8   Data   RO          465    .rodata             rtx_lib.o
    0x0801b7f8   0x0801b7f8   0x0000000b   Data   RO         1276    .rodata.str1.4      RTX_CM4F.lib(rtx_kernel.o)
    0x0801b803   0x0801b803   0x00000001   PAD
    0x0801b804   0x0801b804   0x00000020   Data   RO         3035    Region$$Table       anon$$obj.o


    Execution Region RW_IRAM1 (Exec base: 0x20000000, Load base: 0x0801b824, Size: 0x0000f708, Max: 0x00020000, ABSOLUTE, COMPRESSED[0x00000138])

    Exec Addr    Load Addr    Size         Type   Attr      Idx    E Section Name        Object

    0x20000000   COMPRESSED   0x00008000   Data   RW          452    .bss.os             rtx_lib.o
    0x20008000   COMPRESSED   0x00000040   Data   RW          453    .bss.os             rtx_lib.o
    0x20008040   COMPRESSED   0x00000034   Data   RW          454    .bss.os.msgqueue.cb  rtx_lib.o
    0x20008074   COMPRESSED   0x00000050   Data   RW          455    .bss.os.msgqueue.mem  rtx_lib.o
    0x200080c4   COMPRESSED   0x0000001c   Data   RW         1134    .bss.os.mutex.cb    net_config.o
    0x200080e0   COMPRESSED   0x0000001c   Data   RW         1135    .bss.os.mutex.cb    net_config.o
    0x200080fc   COMPRESSED   0x00000010   Data   RW         1136    .bss.os.semaphore.cb  net_config.o
    0x2000810c   COMPRESSED   0x00000044   Data   RW          456    .bss.os.thread.cb   rtx_lib.o
    0x20008150   COMPRESSED   0x00000044   Data   RW          457    .bss.os.thread.cb   rtx_lib.o
    0x20008194   COMPRESSED   0x00000044   Data   RW         1137    .bss.os.thread.cb   net_config.o
    0x200081d8   COMPRESSED   0x00000044   Data   RW         1138    .bss.os.thread.cb   net_config.o
    0x2000821c   COMPRESSED   0x00000004   PAD
    0x20008220   COMPRESSED   0x00000200   Data   RW          458    .bss.os.thread.idle.stack  rtx_lib.o
    0x20008420   COMPRESSED   0x00000200   Data   RW          459    .bss.os.thread.timer.stack  rtx_lib.o
    0x20008620   COMPRESSED   0x00000020   Data   RW         1139    .bss.os.timer.cb    net_config.o
    0x20008640   COMPRESSED   0x00000004   Data   RW            5    .data               main.o
    0x20008644   COMPRESSED   0x0000002a   Data   RW          171    .data               http_server.o
    0x2000866e   COMPRESSED   0x00000001   Data   RW          172    .data               http_server.o
    0x2000866f   COMPRESSED   0x00000001   PAD
    0x20008670   COMPRESSED   0x00000008   Data   RW          173    .data               http_server.o
    0x20008678   COMPRESSED   0x00000008   Data   RW          235    .data               http_server_cgi.o
    0x20008680   COMPRESSED   0x00000010   Data   RW          323    .data               lcd.o
    0x20008690   COMPRESSED   0x0000001c   Data   RW          412    .data               rtc.o
    0x200086ac   COMPRESSED   0x0000000c   Data   RW          644    .data               stm32f4xx_hal.o
    0x200086b8   COMPRESSED   0x00000004   Data   RW         1075    .data               system_stm32f4xx.o
    0x200086bc   COMPRESSED   0x00000004   Data   RW         1170    .data               net_config.o
    0x200086c0   COMPRESSED   0x00000006   Data   RW         1171    .data               net_config.o
    0x200086c6   COMPRESSED   0x00000004   Data   RW         1172    .data               net_config.o
    0x200086ca   COMPRESSED   0x00000002   PAD
    0x200086cc   COMPRESSED   0x00000004   Data   RW         1757    .data               Net_CM3_L.lib(net_loopback.o)
    0x200086d0   COMPRESSED   0x00000001   Data   RW         1772    .data               Net_CM3_L.lib(net_icmp.o)
    0x200086d1   COMPRESSED   0x00000001   PAD
    0x200086d2   COMPRESSED   0x00000002   Data   RW         1814    .data               Net_CM3_L.lib(net_udp.o)
    0x200086d4   COMPRESSED   0x00000004   Data   RW         1905    .data               Net_CM3_L.lib(net_tcp.o)
    0x200086d8   COMPRESSED   0x00000002   Data   RW         1990    .data               Net_CM3_L.lib(net_dhcp_client.o)
    0x200086da   COMPRESSED   0x00000001   Data   RW         2017    .data               Net_CM3_L.lib(net_nbns_client.o)
    0x200086db   COMPRESSED   0x00000001   PAD
    0x200086dc   COMPRESSED   0x0000000c   Data   RW         2085    .data               Net_CM3_L.lib(net_http_server.o)
    0x200086e8   COMPRESSED   0x00000008   Data   RW         2512    .data               Net_CM3_L.lib(net_ip4.o)
    0x200086f0   COMPRESSED   0x00000004   Data   RW         2548    .data               Net_CM3_L.lib(net_ip6.o)
    0x200086f4   COMPRESSED   0x000000a4   Data   RW         1277    .data.os            RTX_CM4F.lib(rtx_kernel.o)
    0x20008798        -       0x00000064   Zero   RW          167    .bss                http_server.o
    0x200087fc   COMPRESSED   0x00000004   PAD
    0x20008800        -       0x00000400   Zero   RW          169    .bss                http_server.o
    0x20008c00        -       0x00000088   Zero   RW          233    .bss                http_server_cgi.o
    0x20008c88        -       0x00000275   Zero   RW          321    .bss                lcd.o
    0x20008efd   COMPRESSED   0x00000003   PAD
    0x20008f00        -       0x00000048   Zero   RW          354    .bss                adc.o
    0x20008f48        -       0x0000009c   Zero   RW          411    .bss                rtc.o
    0x20008fe4        -       0x0000000c   Zero   RW          529    .bss                phy_lan8742a.o
    0x20008ff0        -       0x000024cc   Zero   RW          557    .bss                emac_stm32f4xx.o
    0x2000b4bc        -       0x00000010   Zero   RW          605    .bss                spi_stm32f4xx.o
    0x2000b4cc        -       0x0000001c   Zero   RW          606    .bss                spi_stm32f4xx.o
    0x2000b4e8        -       0x00000400   Zero   RW         1126    .bss                net_config.o
    0x2000b8e8        -       0x00000400   Zero   RW         1127    .bss                net_config.o
    0x2000bce8        -       0x00002ee0   Zero   RW         1128    .bss                net_config.o
    0x2000ebc8        -       0x000000c8   Zero   RW         1129    .bss                net_config.o
    0x2000ec90        -       0x00000018   Zero   RW         1130    .bss                net_config.o
    0x2000eca8        -       0x00000050   Zero   RW         1131    .bss                net_config.o
    0x2000ecf8        -       0x00000228   Zero   RW         1132    .bss                net_config.o
    0x2000ef20        -       0x00000150   Zero   RW         1133    .bss                net_config.o
    0x2000f070        -       0x000000a0   Zero   RW         1652    .bss                Net_CM3_L.lib(net_eth.o)
    0x2000f110        -       0x00000018   Zero   RW         1712    .bss                Net_CM3_L.lib(net_arp.o)
    0x2000f128        -       0x0000001c   Zero   RW         1813    .bss                Net_CM3_L.lib(net_udp.o)
    0x2000f144        -       0x00000028   Zero   RW         1986    .bss                Net_CM3_L.lib(net_dhcp_client.o)
    0x2000f16c        -       0x00000098   Zero   RW         2083    .bss                Net_CM3_L.lib(net_http_server.o)
    0x2000f204        -       0x0000002c   Zero   RW         2190    .bss                Net_CM3_L.lib(net_ping_core.o)
    0x2000f230        -       0x00000038   Zero   RW         2225    .bss                Net_CM3_L.lib(net_sys.o)
    0x2000f268        -       0x0000005c   Zero   RW         2282    .bss                Net_CM3_L.lib(net_addr.o)
    0x2000f2c4        -       0x00000014   Zero   RW         2602    .bss                Net_CM3_L.lib(net_mem.o)
    0x2000f2d8        -       0x0000002c   Zero   RW         2709    .bss                mc_w.l(localtime.o)
    0x2000f304        -       0x00000001   Zero   RW         2419    .bss.os             RTX_CM4F.lib(os_systick.o)
    0x2000f305   COMPRESSED   0x00000003   PAD
    0x2000f308        -       0x00000400   Zero   RW         1062    STACK               startup_stm32f407xx.o


==============================================================================

Image component sizes


      Code (inc. data)   RO Data    RW Data    ZI Data      Debug   Object Name

       216         22          0          0         72       1512   adc.o
      2308        142        148          0       9420      46770   emac_stm32f4xx.o
       112         14         36         51       1124      14893   http_server.o
      1824        394        218          8        136       4331   http_server_cgi.o
      1056         42       2400         16        629       5376   lcd.o
       252          8         48          0          0       2409   leds.o
       268         30          0          4          0     741631   main.o
       368         24        795        254      15240      32649   net_config.o
       408          8         36          0         12       6914   phy_lan8742a.o
       984         88          0         28        156       5419   rtc.o
         4          0          0          0          0        607   rtx_config.o
         0          0        268      34124          0       9118   rtx_lib.o
      2712         96        128          0         44      43671   spi_stm32f4xx.o
        36          8        392          0       1024        844   startup_stm32f407xx.o
       432         34          0         12          0      11212   stm32f4xx_hal.o
      2612         92          0          0          0       8863   stm32f4xx_hal_adc.o
      1736         46          0          0          0       6662   stm32f4xx_hal_adc_ex.o
       644          8          0          0          0      36170   stm32f4xx_hal_cortex.o
      1720         26          8          0          0       7877   stm32f4xx_hal_dma.o
       852         46          0          0          0       4163   stm32f4xx_hal_gpio.o
       376         20          0          0          0       3871   stm32f4xx_hal_pwr.o
      1752         78          0          0          0       5909   stm32f4xx_hal_rcc.o
       892         50          0          0          0       3426   stm32f4xx_hal_rcc_ex.o
      2284         24          0          0          0       8987   stm32f4xx_hal_rtc.o
      2788         22          0          0          0      13833   stm32f4xx_hal_rtc_ex.o
      8548        158          0          0          0      35398   stm32f4xx_hal_tim.o
      2906         60          0          0          0      13312   stm32f4xx_hal_tim_ex.o
        44          8          0          0          0       1837   stm32f4xx_it.o
       204         32         24          4          0       1685   system_stm32f4xx.o
        92         10      27878          0          0       1604   web.o

    ----------------------------------------------------------------------
     38432       1590      32424      34508      27864    1080953   Object Totals
         0          0         32          0          0          0   (incl. Generated)
         2          0         13          7          7          0   (incl. Padding)

    ----------------------------------------------------------------------

      Code (inc. data)   RO Data    RW Data    ZI Data      Debug   Library Member Name

      1414         18         22          0         92       1556   net_addr.o
      2084         58          0          0         24       1500   net_arp.o
       120          6        144          0          0         84   net_base64.o
       622         10         16          0          0       1340   net_common.o
      2512         86          0          2         40        872   net_dhcp_client.o
      2936         98          0          0        160       1588   net_eth.o
      6122       1226        250         12        152       2852   net_http_server.o
       246         62         24          0          0        368   net_http_server_auth.o
         0          0        539          0          0          0   net_http_server_err.o
       416         26          0          1          0        232   net_icmp.o
       540         36          0          0          0        332   net_icmp6.o
       980         60          4          8          0        948   net_ip4.o
       676         54         32          4          0        636   net_ip6.o
       296         20         56          4          0        256   net_loopback.o
       464         46          0          0         20        556   net_mem.o
       344         22          8          1          0        180   net_nbns_client.o
      2024         22          0          0          0       1232   net_ndp.o
       108         18         18          0         44        212   net_ping_core.o
       754         76          0          0         56       1012   net_sys.o
      4916        180          0          4          0       2620   net_tcp.o
      1022         52          0          2         28        656   net_udp.o
         0          0          4          0          0          0   net_version.o
       200         12          0          0          0        634   irq_armv7m.o
       126         32          0          0          1       3200   os_systick.o
        58          4          0          0          0       2791   rtx_delay.o
       660         72         11        164          0      16501   rtx_kernel.o
       228          0          0          0          0       2537   rtx_memory.o
       188          0          0          0          0      16008   rtx_mempool.o
      1354         36          0          0          0      18657   rtx_msgqueue.o
       886         32          0          0          0       9962   rtx_mutex.o
       696         32          0          0          0      10527   rtx_semaphore.o
       376         26          0          0          0       5296   rtx_system.o
      2420        132          0          0          0      31847   rtx_thread.o
       740         48          0          0          0      10397   rtx_timer.o
        86          0          0          0          0          0   __dczerorl2.o
         0          0          0          0          0          0   entry.o
         0          0          0          0          0          0   entry10a.o
         0          0          0          0          0          0   entry11a.o
         4          0          0          0          0          0   entry12b.o
         8          4          0          0          0          0   entry2.o
         4          0          0          0          0          0   entry5.o
         0          0          0          0          0          0   entry7b.o
         0          0          0          0          0          0   entry8b.o
         8          4          0          0          0          0   entry9a.o
        30          0          0          0          0          0   handlers.o
        36          8          0          0          0         68   init.o
         0          0          0          0          0          0   iusefp.o
        30          0          0          0          0         68   llshl.o
        36          0          0          0          0         68   llsshr.o
        32          0          0          0          0         68   llushr.o
       148         10         12          0         44         76   localtime.o
        26          0          0          0          0         80   memcmp.o
        36          0          0          0          0         68   memcpya.o
        36          0          0          0          0        108   memseta.o
      2236         86          0          0          0        532   printfa.o
        28          0          0          0          0         76   strcmp.o
        18          0          0          0          0         68   strcpy.o
        14          0          0          0          0         68   strlen.o
        30          0          0          0          0         80   strncmp.o
        44          0          0          0          0         80   uidiv.o
        98          0          0          0          0         92   uldiv.o
        48          0          0          0          0         68   cdrcmple.o
       334          0          0          0          0        148   dadd.o
       222          0          0          0          0        100   ddiv.o
       186          0          0          0          0        176   depilogue.o
        48          0          0          0          0         68   dfixul.o
       228          0          0          0          0         96   dmul.o
        38          0          0          0          0         68   f2d.o

    ----------------------------------------------------------------------
     40676       2714       1144        204        664     149713   Library Totals
        56          0          4          2          3          0   (incl. Padding)

    ----------------------------------------------------------------------

      Code (inc. data)   RO Data    RW Data    ZI Data      Debug   Library Name

     28596       2176       1117         38        616      19032   Net_CM3_L.lib
      7932        426         11        164          1     128357   RTX_CM4F.lib
      2988        112         12          0         44       1600   mc_w.l
      1104          0          0          0          0        724   mf_w.l

    ----------------------------------------------------------------------
     40676       2714       1144        204        664     149713   Library Totals

    ----------------------------------------------------------------------

==============================================================================


      Code (inc. data)   RO Data    RW Data    ZI Data      Debug   

     79108       4304      33568      34712      28528    1210270   Grand Totals
     79108       4304      33568        312      28528    1210270   ELF Image Totals (compressed)
     79108       4304      33568        312          0          0   ROM Totals

==============================================================================

    Total RO  Size (Code + RO Data)               112676 ( 110.04kB)
    Total RW  Size (RW Data + ZI Data)             63240 (  61.76kB)
    Total ROM Size (Code + RO Data + RW Data)     112988 ( 110.34kB)

==============================================================================

