Component: ARM Compiler 5.06 update 7 (build 960) Tool: armlink [4d3601]

==============================================================================

Section Cross References

    main.o(.text) refers to rtx_kernel.o(.text) for osKernelGetState
    main.o(.text) refers to stm32f4xx_hal_rcc.o(.text) for HAL_RCC_OscConfig
    main.o(.text) refers to stm32f4xx_hal.o(.text) for HAL_GetREVID
    main.o(.text) refers to system_stm32f4xx_1.o(.text) for SystemCoreClockUpdate
    main.o(.text) refers to rtx_thread.o(.text) for osThreadNew
    main.o(.text) refers to system_stm32f4xx_1.o(.data) for SystemCoreClock
    main.o(.text) refers to main.o(.data) for .data
    main.o(.text) refers to http_server.o(.constdata) for app_main_attr
    main.o(.text) refers to http_server.o(.text) for app_main
    http_server.o(.text) refers to adc.o(.text) for ADC_getValue
    http_server.o(.text) refers to rtx_thread.o(.text) for osThreadFlagsSet
    http_server.o(.text) refers to rtc.o(.text) for RTC_CalendarShow
    http_server.o(.text) refers to rtx_delay.o(.text) for osDelay
    http_server.o(.text) refers to leds.o(.text) for LED_Initialize
    http_server.o(.text) refers to lcd.o(.text) for LCD_all
    http_server.o(.text) refers to net_sys.o(i.netInitialize) for netInitialize
    http_server.o(.text) refers to http_server.o(.data) for .data
    http_server.o(.text) refers to http_server.o(.bss) for .bss
    http_server.o(.constdata) refers to http_server.o(.bss) for app_main_stk
    http_server_cgi.o(.text) refers to net_http_server.o(i.netCGI_GetEnvVar) for netCGI_GetEnvVar
    http_server_cgi.o(.text) refers to net_addr.o(i.netIP_aton) for netIP_aton
    http_server_cgi.o(.text) refers to net_sys.o(i.netIF_SetOption) for netIF_SetOption
    http_server_cgi.o(.text) refers to strcmp.o(.text) for strcmp
    http_server_cgi.o(.text) refers to strncmp.o(.text) for strncmp
    http_server_cgi.o(.text) refers to leds.o(.text) for LED_SetOut
    http_server_cgi.o(.text) refers to net_http_server.o(i.netHTTPs_LoginActive) for netHTTPs_LoginActive
    http_server_cgi.o(.text) refers to strcpy.o(.text) for strcpy
    http_server_cgi.o(.text) refers to net_http_server.o(i.netHTTPs_SetPassword) for netHTTPs_SetPassword
    http_server_cgi.o(.text) refers to rtx_thread.o(.text) for osThreadFlagsSet
    http_server_cgi.o(.text) refers to net_sys.o(i.netIF_GetOption) for netIF_GetOption
    http_server_cgi.o(.text) refers to net_addr.o(i.netIP_ntoa) for netIP_ntoa
    http_server_cgi.o(.text) refers to printfa.o(i.__0sprintf) for __2sprintf
    http_server_cgi.o(.text) refers to net_tcp.o(i.netTCP_GetState) for netTCP_GetState
    http_server_cgi.o(.text) refers to net_tcp.o(i.netTCP_GetPeer) for netTCP_GetPeer
    http_server_cgi.o(.text) refers to net_tcp.o(i.netTCP_GetTimer) for netTCP_GetTimer
    http_server_cgi.o(.text) refers to net_tcp.o(i.netTCP_GetLocalPort) for netTCP_GetLocalPort
    http_server_cgi.o(.text) refers to http_server_cgi.o(.bss) for .bss
    http_server_cgi.o(.text) refers to http_server_cgi.o(.data) for .data
    http_server_cgi.o(.text) refers to http_server.o(.data) for LEDrun
    http_server_cgi.o(.text) refers to http_server.o(.data) for TID_Display
    http_server_cgi.o(.text) refers to http_server.o(.data) for lcd_text
    http_server_cgi.o(.text) refers to rtc.o(.bss) for stimestructure
    http_server_cgi.o(.text) refers to rtc.o(.data) for sdatestructure
    http_server_cgi.o(.text) refers to http_server_cgi.o(.conststring) for .conststring
    http_server_cgi.o(.text) refers to net_http_server.o(i.netHTTPs_GetPassword) for netHTTPs_GetPassword
    http_server_cgi.o(.text) refers to net_http_server.o(i.netHTTPs_GetLanguage) for netHTTPs_GetLanguage
    http_server_cgi.o(.text) refers to http_server.o(.text) for AD_in
    http_server_cgi.o(.text) refers to ffltui.o(.text) for __aeabi_ui2f
    http_server_cgi.o(.text) refers to fmul.o(.text) for __aeabi_fmul
    http_server_cgi.o(.text) refers to f2d.o(.text) for __aeabi_f2d
    http_server_cgi.o(.text) refers to dscalb.o(.text) for __ARM_scalbn
    web.o(.text) refers to web.o(.constdata) for .constdata
    web.o(.constdata) refers to web.o(.constdata) for imageFileData
    leds.o(.text) refers to stm32f4xx_hal_gpio.o(.text) for HAL_GPIO_Init
    leds.o(.text) refers to leds.o(.constdata) for .constdata
    lcd.o(.text) refers to strlen.o(.text) for strlen
    lcd.o(.text) refers to stm32f4xx_hal_gpio.o(.text) for HAL_GPIO_Init
    lcd.o(.text) refers to stm32f4xx_hal_tim.o(.text) for HAL_TIM_Base_Init
    lcd.o(.text) refers to rtx_thread.o(.text) for osThreadYield
    lcd.o(.text) refers to rtx_msgqueue.o(.text) for osMessageQueueGet
    lcd.o(.text) refers to lcd.o(.bss) for .bss
    lcd.o(.text) refers to lcd.o(.constdata) for .constdata
    lcd.o(.text) refers to lcd.o(.data) for .data
    lcd.o(.data) refers to spi_stm32f4xx.o(.constdata) for Driver_SPI1
    adc.o(.text) refers to memseta.o(.text) for __aeabi_memclr4
[...]
    netHTTPs_AcceptClient                    0x0801406b   Thumb Code     4  net_http_server.o(i.netHTTPs_AcceptClient)
    netHTTPs_CheckAccount                    0x0801406f   Thumb Code     4  net_http_server_auth.o(i.netHTTPs_CheckAccount)
    netHTTPs_FileAccess                      0x08014073   Thumb Code     4  net_http_server.o(i.netHTTPs_FileAccess)
    netHTTPs_GetLanguage                     0x08014079   Thumb Code    24  net_http_server.o(i.netHTTPs_GetLanguage)
    netHTTPs_GetPassword                     0x08014099   Thumb Code     6  net_http_server.o(i.netHTTPs_GetPassword)
    netHTTPs_LoginActive                     0x080140a5   Thumb Code     6  net_http_server.o(i.netHTTPs_LoginActive)
    netHTTPs_SetPassword                     0x080140b1   Thumb Code    78  net_http_server.o(i.netHTTPs_SetPassword)
    netIF_GetOption                          0x08014109   Thumb Code   128  net_sys.o(i.netIF_GetOption)
    netIF_SetOption                          0x08014191   Thumb Code   124  net_sys.o(i.netIF_SetOption)
    netIP_aton                               0x08014215   Thumb Code    26  net_addr.o(i.netIP_aton)
    netIP_ntoa                               0x0801422f   Thumb Code    50  net_addr.o(i.netIP_ntoa)
    netInitialize                            0x08014261   Thumb Code   156  net_sys.o(i.netInitialize)
    netMAC_aton                              0x0801430d   Thumb Code   140  net_addr.o(i.netMAC_aton)
    netSNTPc_GetTime                         0x08014399   Thumb Code    28  net_sntp_client_core.o(i.netSNTPc_GetTime)
    netTCP_GetLocalPort                      0x080143b5   Thumb Code     4  net_tcp.o(i.netTCP_GetLocalPort)
    netTCP_GetPeer                           0x080143b9   Thumb Code    32  net_tcp.o(i.netTCP_GetPeer)
    netTCP_GetState                          0x080143d9   Thumb Code     4  net_tcp.o(i.netTCP_GetState)
    netTCP_GetTimer                          0x080143dd   Thumb Code     4  net_tcp.o(i.netTCP_GetTimer)
    net_addr4_aton                           0x080143e1   Thumb Code   124  net_addr.o(i.net_addr4_aton)
    net_addr4_to_mac                         0x0801445d   Thumb Code    30  net_addr.o(i.net_addr4_to_mac)
    net_addr6_aton                           0x0801447d   Thumb Code   230  net_addr.o(i.net_addr6_aton)
    net_addr6_comp                           0x08014563   Thumb Code    40  net_addr.o(i.net_addr6_comp)
    net_addr6_copy                           0x0801458b   Thumb Code    18  net_addr.o(i.net_addr6_copy)
    net_addr6_create                         0x0801459d   Thumb Code    70  net_addr.o(i.net_addr6_create)
    net_addr6_get_solicited                  0x080145e9   Thumb Code    34  net_addr.o(i.net_addr6_get_solicited)
    net_addr6_is_linklocal                   0x08014611   Thumb Code    24  net_addr.o(i.net_addr6_is_linklocal)
    net_addr6_is_onlink                      0x08014629   Thumb Code   110  net_addr.o(i.net_addr6_is_onlink)
    net_addr6_is_solicited                   0x08014697   Thumb Code    72  net_addr.o(i.net_addr6_is_solicited)
    net_addr6_is_unspec                      0x080146df   Thumb Code    24  net_addr.o(i.net_addr6_is_unspec)
    net_addr6_to_mac                         0x080146f7   Thumb Code    14  net_addr.o(i.net_addr6_to_mac)
    net_addr_comp                            0x08014705   Thumb Code    44  net_addr.o(i.net_addr_comp)
    net_addr_copy                            0x08014731   Thumb Code    38  net_addr.o(i.net_addr_copy)
    net_addr_find_route                      0x08014757   Thumb Code    26  net_addr.o(i.net_addr_find_route)
    net_addr_get_local                       0x08014771   Thumb Code    26  net_addr.o(i.net_addr_get_local)
    net_addr_is_unspec                       0x08014791   Thumb Code    34  net_addr.o(i.net_addr_is_unspec)
    net_arp_cache_add                        0x080147b5   Thumb Code   276  net_arp.o(i.net_arp_cache_add)
    net_arp_cache_early                      0x080148d1   Thumb Code   180  net_arp.o(i.net_arp_cache_early)
    net_arp_cache_find                       0x0801498d   Thumb Code   224  net_arp.o(i.net_arp_cache_find)
    net_arp_cache_init                       0x08014a79   Thumb Code    64  net_arp.o(i.net_arp_cache_init)
    net_arp_cache_run                        0x08014ac1   Thumb Code    22  net_arp.o(i.net_arp_cache_run)
    net_arp_enqueue                          0x08014add   Thumb Code   114  net_arp.o(i.net_arp_enqueue)
    net_arp_notify                           0x08014b55   Thumb Code    32  net_arp.o(i.net_arp_notify)
    net_arp_probe                            0x08014b75   Thumb Code    18  net_arp.o(i.net_arp_probe)
    net_arp_process                          0x08014b89   Thumb Code   536  net_arp.o(i.net_arp_process)
    net_atoi                                 0x08014dad   Thumb Code    66  net_common.o(i.net_atoi)
    net_base64_decode                        0x08014df1   Thumb Code   114  net_base64.o(i.net_base64_decode)
    net_chksum_buf                           0x08014e69   Thumb Code    48  net_common.o(i.net_chksum_buf)
    net_crc_buf                              0x08014e99   Thumb Code    30  net_common.o(i.net_crc_buf)
    net_dhcp_client_init                     0x08014eb9   Thumb Code   126  net_dhcp_client.o(i.net_dhcp_client_init)
    net_dhcp_client_run                      0x08014f4d   Thumb Code    22  net_dhcp_client.o(i.net_dhcp_client_run)
    net_eth_callback                         0x08014f69   Thumb Code    14  net_eth.o(i.net_eth_callback)
    net_eth_config_mcast                     0x08014f77   Thumb Code   104  net_eth.o(i.net_eth_config_mcast)
    net_eth_get_option                       0x08014fdf   Thumb Code   234  net_eth.o(i.net_eth_get_option)
    net_eth_iface_init                       0x080150c9   Thumb Code    22  net_eth.o(i.net_eth_iface_init)
    net_eth_iface_run                        0x080150e5   Thumb Code    22  net_eth.o(i.net_eth_iface_run)
    net_eth_output                           0x08015101   Thumb Code   164  net_eth.o(i.net_eth_output)
    net_eth_send_frame                       0x080151a9   Thumb Code   462  net_eth.o(i.net_eth_send_frame)
    net_eth_set_option                       0x08015389   Thumb Code   610  net_eth.o(i.net_eth_set_option)
    net_http_server_init                     0x080155f9   Thumb Code   212  net_http_server.o(i.net_http_server_init)
    net_http_server_run                      0x080156e1   Thumb Code    30  net_http_server.o(i.net_http_server_run)
    net_icmp6_init                           0x08015709   Thumb Code    20  net_icmp6.o(i.net_icmp6_init)
    net_icmp6_process                        0x08015721   Thumb Code   542  net_icmp6.o(i.net_icmp6_process)
    net_icmp6_send                           0x08015959   Thumb Code   122  net_icmp6.o(i.net_icmp6_send)
    net_icmp6_send_echo                      0x080159dd   Thumb Code    78  net_icmp6.o(i.net_icmp6_send_echo)
    net_icmp_init                            0x08015a35   Thumb Code    20  net_icmp.o(i.net_icmp_init)
    net_icmp_process                         0x08015a4d   Thumb Code   430  net_icmp.o(i.net_icmp_process)
    net_icmp_send_echo                       0x08015c15   Thumb Code   142  net_icmp.o(i.net_icmp_send_echo)
    net_if_map_all                           0x08015cb5   Thumb Code     6  net_sys.o(i.net_if_map_all)
    net_ip4_chk_frame                        0x08015cc1   Thumb Code   372  net_ip4.o(i.net_ip4_chk_frame)
    net_ip4_chksum                           0x08015e4d   Thumb Code    44  net_ip4.o(i.net_ip4_chksum)
    net_ip4_chksum_buf                       0x08015e79   Thumb Code     6  net_ip4.o(i.net_ip4_chksum_buf)
    net_ip4_find_route                       0x08015e81   Thumb Code   104  net_ip4.o(i.net_ip4_find_route)
    net_ip4_get_local                        0x08015f01   Thumb Code    40  net_ip4.o(i.net_ip4_get_local)
    net_ip4_init                             0x08015f2d   Thumb Code    22  net_ip4.o(i.net_ip4_init)
    net_ip4_is_onlink                        0x08015f51   Thumb Code    32  net_ip4.o(i.net_ip4_is_onlink)
    net_ip4_is_subcast                       0x08015f71   Thumb Code    38  net_ip4.o(i.net_ip4_is_subcast)
    net_ip4_reass_frame                      0x08015f97   Thumb Code    14  net_ip4.o(i.net_ip4_reass_frame)
    net_ip4_send_frame                       0x08015fa5   Thumb Code   340  net_ip4.o(i.net_ip4_send_frame)
    net_ip4_tx_offl_hl                       0x08016109   Thumb Code    42  net_ip4.o(i.net_ip4_tx_offl_hl)
    net_ip6_chk_frame                        0x08016135   Thumb Code   236  net_ip6.o(i.net_ip6_chk_frame)
    net_ip6_chksum                           0x08016235   Thumb Code    50  net_ip6.o(i.net_ip6_chksum)
    net_ip6_collect_mcast                    0x08016269   Thumb Code   118  net_ip6.o(i.net_ip6_collect_mcast)
    net_ip6_find_route                       0x080162e5   Thumb Code    56  net_ip6.o(i.net_ip6_find_route)
    net_ip6_get_local                        0x0801632d   Thumb Code    74  net_ip6.o(i.net_ip6_get_local)
    net_ip6_init                             0x08016381   Thumb Code    20  net_ip6.o(i.net_ip6_init)
    net_ip6_send_frame                       0x0801639d   Thumb Code   192  net_ip6.o(i.net_ip6_send_frame)
    net_ip6_tx_offl_hl                       0x08016469   Thumb Code    30  net_ip6.o(i.net_ip6_tx_offl_hl)
    net_itoa                                 0x08016487   Thumb Code     8  net_common.o(i.net_itoa)
    net_itoa_n0                              0x0801648f   Thumb Code     6  net_common.o(i.net_itoa_n0)
    net_loop_iface_init                      0x08016495   Thumb Code    40  net_loopback.o(i.net_loop_iface_init)
    net_loop_iface_run                       0x080164c5   Thumb Code   176  net_loopback.o(i.net_loop_iface_run)
    net_loop_send_frame                      0x08016581   Thumb Code   104  net_loopback.o(i.net_loop_send_frame)
    net_mem_alloc                            0x080165f1   Thumb Code   178  net_mem.o(i.net_mem_alloc)
    net_mem_avail                            0x080166b1   Thumb Code    22  net_mem.o(i.net_mem_avail)
    net_mem_free                             0x080166cd   Thumb Code   152  net_mem.o(i.net_mem_free)
    net_mem_init                             0x08016771   Thumb Code    98  net_mem.o(i.net_mem_init)
    net_mem_shrink                           0x080167e1   Thumb Code    62  net_mem.o(i.net_mem_shrink)
    net_nbns_client_init                     0x08016829   Thumb Code    82  net_nbns_client.o(i.net_nbns_client_init)
    net_ndp_cache_find                       0x0801688d   Thumb Code   438  net_ndp.o(i.net_ndp_cache_find)
    net_ndp_cache_refresh                    0x08016a51   Thumb Code   112  net_ndp.o(i.net_ndp_cache_refresh)
    net_ndp_enqueue                          0x08016ac9   Thumb Code   108  net_ndp.o(i.net_ndp_enqueue)
    net_ndp_process                          0x08016b39   Thumb Code   872  net_ndp.o(i.net_ndp_process)
    net_path                                 0x08016ead   Thumb Code    52  net_sys.o(i.net_path)
    net_ping_client_init                     0x08016ee5   Thumb Code    22  net_ping_core.o(i.net_ping_client_init)
    net_ping_client_run                      0x08016f05   Thumb Code   110  net_ping_core.o(i.net_ping_client_run)
    net_rand32                               0x08016f85   Thumb Code    18  net_sys.o(i.net_rand32)
    net_sntp_client_init                     0x08016fa1   Thumb Code    80  net_sntp_client_core.o(i.net_sntp_client_init)
    net_sntp_client_run                      0x08016ffd   Thumb Code    76  net_sntp_client_core.o(i.net_sntp_client_run)
    net_sntp_client_start                    0x08017055   Thumb Code   312  net_sntp_client_core.o(i.net_sntp_client_start)
    net_strcasecmp                           0x0801719d   Thumb Code    46  net_common.o(i.net_strcasecmp)
    net_strchr                               0x080171cb   Thumb Code    22  net_common.o(i.net_strchr)
    net_strcmp                               0x080171e1   Thumb Code    26  net_common.o(i.net_strcmp)
    net_strcpy                               0x080171fb   Thumb Code    18  net_common.o(i.net_strcpy)
    net_strnchr                              0x0801720d   Thumb Code    28  net_common.o(i.net_strnchr)
    net_strncpy                              0x08017229   Thumb Code    26  net_common.o(i.net_strncpy)
    net_strtoupper                           0x08017243   Thumb Code    32  net_common.o(i.net_strtoupper)
    net_sys_lock                             0x08017265   Thumb Code     8  net_sys.o(i.net_sys_lock)
    net_sys_resume                           0x08017271   Thumb Code    22  net_sys.o(i.net_sys_resume)
    net_sys_tick                             0x08017289   Thumb Code    16  net_sys.o(i.net_sys_tick)
    net_sys_unlock                           0x0801729d   Thumb Code     8  net_sys.o(i.net_sys_unlock)
    net_sys_wakeup                           0x080172a9   Thumb Code    26  net_sys.o(i.net_sys_wakeup)
    net_tcp_abort                            0x080172c9   Thumb Code   122  net_tcp.o(i.net_tcp_abort)
    net_tcp_close                            0x0801734d   Thumb Code   218  net_tcp.o(i.net_tcp_close)
    net_tcp_get_buf                          0x08017431   Thumb Code    46  net_tcp.o(i.net_tcp_get_buf)
    net_tcp_get_local_port                   0x08017461   Thumb Code    48  net_tcp.o(i.net_tcp_get_local_port)
    net_tcp_get_mss                          0x08017495   Thumb Code    34  net_tcp.o(i.net_tcp_get_mss)
    net_tcp_get_peer                         0x080174bd   Thumb Code    80  net_tcp.o(i.net_tcp_get_peer)
    net_tcp_get_socket                       0x08017511   Thumb Code   104  net_tcp.o(i.net_tcp_get_socket)
    net_tcp_get_state                        0x08017581   Thumb Code    40  net_tcp.o(i.net_tcp_get_state)
    net_tcp_get_timer                        0x080175ad   Thumb Code    48  net_tcp.o(i.net_tcp_get_timer)
    net_tcp_listen                           0x080175e1   Thumb Code   168  net_tcp.o(i.net_tcp_listen)
    net_tcp_process                          0x08017691   Thumb Code  1956  net_tcp.o(i.net_tcp_process)
    net_tcp_send                             0x08017e39   Thumb Code   336  net_tcp.o(i.net_tcp_send)
    net_tcp_set_option                       0x08017f95   Thumb Code   288  net_tcp.o(i.net_tcp_set_option)
    net_tcp_socket_init                      0x080180c1   Thumb Code    30  net_tcp.o(i.net_tcp_socket_init)
    net_tcp_socket_run                       0x080180e9   Thumb Code   938  net_tcp.o(i.net_tcp_socket_run)
    net_udp_close                            0x080184a9   Thumb Code    62  net_udp.o(i.net_udp_close)
    net_udp_enable_lla                       0x080184f1   Thumb Code    34  net_udp.o(i.net_udp_enable_lla)
    net_udp_get_buf                          0x08018519   Thumb Code    46  net_udp.o(i.net_udp_get_buf)
    net_udp_get_socket                       0x08018549   Thumb Code   102  net_udp.o(i.net_udp_get_socket)
    net_udp_open                             0x080185b9   Thumb Code   160  net_udp.o(i.net_udp_open)
    net_udp_process                          0x08018665   Thumb Code   322  net_udp.o(i.net_udp_process)
    net_udp_send                             0x080187bd   Thumb Code    18  net_udp.o(i.net_udp_send)
    net_udp_send_if                          0x080187d1   Thumb Code   540  net_udp.o(i.net_udp_send_if)
    net_udp_socket_init                      0x080189fd   Thumb Code    30  net_udp.o(i.net_udp_socket_init)
    net_ultoa                                0x08018a21   Thumb Code     8  net_common.o(i.net_ultoa)
    net_ultox                                0x08018a29   Thumb Code    44  net_common.o(i.net_ultox)
    net_xtoul                                0x08018a59   Thumb Code    76  net_common.o(i.net_xtoul)
    app_main_attr                            0x080199c0   Data          36  http_server.o(.constdata)
    imageLastModified                        0x080199e4   Data           4  web.o(.constdata)
    Arial12x12                               0x080206fc   Data        2400  lcd.o(.constdata)
    osRtxUserSVC                             0x080210bc   Data           4  rtx_lib.o(.constdata)
    Driver_ETH_PHY0                          0x080210c4   Data          32  phy_lan8742a.o(.constdata)
    Driver_ETH_MAC0                          0x08021134   Data          68  emac_stm32f4xx.o(.constdata)
    Driver_SPI1                              0x080211cc   Data          44  spi_stm32f4xx.o(.constdata)
    EventRecorderInfo                        0x080211f8   Data          24  eventrecorder.o(.constdata)
    AHBPrescTable                            0x08021218   Data          16  system_stm32f4xx_1.o(.constdata)
    APBPrescTable                            0x08021228   Data           8  system_stm32f4xx_1.o(.constdata)
    net_sys_config                           0x080212d8   Data          28  net_config.o(.constdata)
    net_eth0_if_config                       0x0802134c   Data          44  net_config.o(.constdata)
    net_eth_list                             0x08021378   Data           8  net_config.o(.constdata)
    net_if_list_lan                          0x08021380   Data           8  net_config.o(.constdata)
    net_if_list_all                          0x08021388   Data           8  net_config.o(.constdata)
    net_if_inet_def                          0x08021390   Data           8  net_config.o(.constdata)
    net_if_link_def                          0x08021398   Data           8  net_config.o(.constdata)
    net_arp_list                             0x080213a0   Data           8  net_config.o(.constdata)
    net_icmp_list                            0x080213a8   Data           8  net_config.o(.constdata)
    net_dhcp_list                            0x080213b0   Data           8  net_config.o(.constdata)
    net_icmp6_list                           0x080213b8   Data           4  net_config.o(.constdata)
    net_udp_config                           0x080213bc   Data          12  net_config.o(.constdata)
    net_tcp_config                           0x080213c8   Data          24  net_config.o(.constdata)
    net_http_config                          0x080213e0   Data          52  net_config.o(.constdata)
    net_sntp_config                          0x08021414   Data           8  net_config.o(.constdata)
    netif_getopt_func                        0x0802146c   Data          16  net_config.o(.constdata)
    netif_setopt_func                        0x0802147c   Data          16  net_config.o(.constdata)
    net_loop_if_config                       0x0802148c   Data          44  net_loopback.o(.constdata)
    net_http_auth_basic_func                 0x080215c8   Data          24  net_http_server_auth.o(.constdata)
    net_ping_payload                         0x080215e0   Data          18  net_ping_core.o(.constdata)
    net_addr_unspec                          0x080215f2   Data          16  net_addr.o(.constdata)
    net_addr_bcast                           0x08021602   Data           6  net_addr.o(.constdata)
    net_addr4_loopback                       0x08021608   Data           4  net_ip4.o(.constdata)
    net_addr6_all_nodes                      0x0802160c   Data          16  net_ip6.o(.constdata)
    net_addr6_loopback                       0x0802161c   Data          16  net_ip6.o(.constdata)
    net_http_error                           0x0802162c   Data          24  net_http_server_err.o(.constdata)
    net_lib_version                          0x080216e4   Data           4  net_version.o(.constdata)
    network_ip4ip6_debug_v7.15.0             0x080216e4   Data           4  net_version.o(.constdata)
    osRtxConfig                              0x08021ad0   Data         112  rtx_lib.o(.rodata)
    os_cb_sections                           0x08021b40   Data          56  rtx_lib.o(.rodata)
    Region$$Table$$Base                      0x08021b78   Number         0  anon$$obj.o(Region$$Table)
    Region$$Table$$Limit                     0x08021ba8   Number         0  anon$$obj.o(Region$$Table)
    .bss.os.msgqueue.cb$$Base                0x20008044   Number         0  rtx_lib.o(.bss.os.msgqueue.cb)
    .bss.os.msgqueue.cb$$Limit               0x20008078   Number         0  rtx_lib.o(.bss.os.msgqueue.cb)
    .bss.os.mutex.cb$$Base                   0x200080c8   Number         0  net_config.o(.bss.os.mutex.cb)
    .bss.os.mutex.cb$$Limit                  0x20008100   Number         0  net_config.o(.bss.os.mutex.cb)
    .bss.os.semaphore.cb$$Base               0x20008100   Number         0  net_config.o(.bss.os.semaphore.cb)
    .bss.os.semaphore.cb$$Limit              0x20008110   Number         0  net_config.o(.bss.os.semaphore.cb)
    .bss.os.thread.cb$$Base                  0x20008110   Number         0  rtx_lib.o(.bss.os.thread.cb)
    .bss.os.thread.cb$$Limit                 0x20008220   Number         0  net_config.o(.bss.os.thread.cb)
    .bss.os.timer.cb$$Base                   0x20008620   Number         0  net_config.o(.bss.os.timer.cb)
    .bss.os.timer.cb$$Limit                  0x20008640   Number         0  net_config.o(.bss.os.timer.cb)
    lcd_text                                 0x20008644   Data          42  http_server.o(.data)
    LEDrun                                   0x2000866e   Data           1  http_server.o(.data)
    TID_Display                              0x20008670   Data           4  http_server.o(.data)
    TID_RTC                                  0x20008674   Data           4  http_server.o(.data)
    positionL1                               0x20008680   Data           1  lcd.o(.data)
    positionL2                               0x20008681   Data           1  lcd.o(.data)
    SPIdrv                                   0x20008684   Data           4  lcd.o(.data)
    tid_ThLCD                                0x20008688   Data           4  lcd.o(.data)
    mid_MsgQueueLCD                          0x2000868c   Data           4  lcd.o(.data)
    segundos                                 0x20008690   Data           4  rtc.o(.data)
    sdatestructure                           0x20008694   Data           4  rtc.o(.data)
    tid_ThAlarm                              0x20008698   Data           4  rtc.o(.data)
    tim_id_1s                                0x200086a0   Data           4  rtc.o(.data)
    tim_id_3min                              0x200086a4   Data           4  rtc.o(.data)
    tim_id_2s                                0x200086a8   Data           4  rtc.o(.data)
    uwTickFreq                               0x200086ac   Data           1  stm32f4xx_hal.o(.data)
    uwTickPrio                               0x200086b0   Data           4  stm32f4xx_hal.o(.data)
    uwTick                                   0x200086b4   Data           4  stm32f4xx_hal.o(.data)
    SystemCoreClock                          0x200086b8   Data           4  system_stm32f4xx_1.o(.data)
    net_eth0_icmp_control                    0x200086d0   Data           1  net_icmp.o(.data)
    osRtxInfo                                0x200086f4   Data         164  rtx_kernel.o(.data.os)
    aShowTime                                0x20008798   Data          50  http_server.o(.bss)
    aShowDate                                0x200087ca   Data          50  http_server.o(.bss)
    app_main_stk                             0x20008800   Data        1024  http_server.o(.bss)
    HOUR                                     0x20008c00   Data          40  http_server_cgi.o(.bss)
    DATE                                     0x20008c28   Data          40  http_server_cgi.o(.bss)
    htim7                                    0x20008e9c   Data          64  lcd.o(.bss)
    LCD                                      0x20008edc   Data          33  lcd.o(.bss)
    RtcHandle                                0x20008f48   Data          32  rtc.o(.bss)
    alarmRtc                                 0x20008f68   Data          40  rtc.o(.bss)
    stimestructure                           0x20008f90   Data          20  rtc.o(.bss)
    ts                                       0x20008fa4   Data          44  rtc.o(.bss)
    net_eth0_if_control                      0x2000f070   Data         160  net_eth.o(.bss)
    net_eth0_arp_control                     0x2000f110   Data          24  net_arp.o(.bss)
    net_eth0_dhcp_control                    0x2000f144   Data          40  net_dhcp_client.o(.bss)
    net_http_control                         0x2000f1f0   Data          20  net_http_server.o(.bss)
    net_sntp_control                         0x2000f204   Data          44  net_sntp_client_core.o(.bss)
    net_ping_control                         0x2000f230   Data          44  net_ping_core.o(.bss)
    net_sys_control                          0x2000f26c   Data          28  net_sys.o(.bss)
    net_dbg_buf                              0x2000f294   Data          36  net_sys.o(.bss)
    __initial_sp                             0x2000f758   Data           0  startup_stm32f429xx.o(STACK)



==============================================================================

Memory Map of the image

  Image Entry point : 0x080001ad

  Load Region LR_IROM1 (Base: 0x08000000, Size: 0x0002a340, Max: 0x00200000, ABSOLUTE, COMPRESSED[0x00021ce0])

    Execution Region ER_IROM1 (Exec base: 0x08000000, Load base: 0x08000000, Size: 0x00021ba8, Max: 0x00200000, ABSOLUTE)

    Exec Addr    Load Addr    Size         Type   Attr      Idx    E Section Name        Object

    0x08000000   0x08000000   0x000001ac   Data   RO         1566    RESET               startup_stm32f429xx.o
    0x080001ac   0x080001ac   0x00000000   Code   RO         2722  * .ARM.Collect$$$$00000000  mc_w.l(entry.o)
    0x080001ac   0x080001ac   0x00000004   Code   RO         3016    .ARM.Collect$$$$00000001  mc_w.l(entry2.o)
    0x080001b0   0x080001b0   0x00000004   Code   RO         3019    .ARM.Collect$$$$00000004  mc_w.l(entry5.o)
    0x080001b4   0x080001b4   0x00000000   Code   RO         3021    .ARM.Collect$$$$00000008  mc_w.l(entry7b.o)
    0x080001b4   0x080001b4   0x00000000   Code   RO         3023    .ARM.Collect$$$$0000000A  mc_w.l(entry8b.o)
    0x080001b4   0x080001b4   0x00000008   Code   RO         3024    .ARM.Collect$$$$0000000B  mc_w.l(entry9a.o)
    0x080001bc   0x080001bc   0x00000004   Code   RO         3031    .ARM.Collect$$$$0000000E  mc_w.l(entry12b.o)
    0x080001c0   0x080001c0   0x00000000   Code   RO         3026    .ARM.Collect$$$$0000000F  mc_w.l(entry10a.o)
    0x080001c0   0x080001c0   0x00000000   Code   RO         3028    .ARM.Collect$$$$00000011  mc_w.l(entry11a.o)
    0x080001c0   0x080001c0   0x00000004   Code   RO         3017    .ARM.Collect$$$$00002712  mc_w.l(entry2.o)
    0x080001c4   0x080001c4   0x00000148   Code   RO          707    .emb_text           rtx_mempool.o
    0x0800030c   0x0800030c   0x00000148   Code   RO          738    .emb_text           rtx_msgqueue.o
    0x08000454   0x08000454   0x00000148   Code   RO          803    .emb_text           rtx_semaphore.o
    0x0800059c   0x0800059c   0x00000148   Code   RO          834    .emb_text           rtx_system.o
    0x080006e4   0x080006e4   0x00000148   Code   RO          868    .emb_text           rtx_thread.o
    0x0800082c   0x0800082c   0x00000074   Code   RO         1089    .emb_text           eventrecorder.o
    0x080008a0   0x080008a0   0x00000114   Code   RO            4    .text               main.o
    0x080009b4   0x080009b4   0x00000070   Code   RO          166    .text               http_server.o
    0x08000a24   0x08000a24   0x000007fc   Code   RO          232    .text               http_server_cgi.o
    0x08001220   0x08001220   0x00000078   Code   RO          274    .text               web.o
    0x08001298   0x08001298   0x000000fc   Code   RO          294    .text               leds.o
    0x08001394   0x08001394   0x00000424   Code   RO          320    .text               lcd.o
    0x080017b8   0x080017b8   0x000000d8   Code   RO          353    .text               adc.o
    0x08001890   0x08001890   0x0000002c   Code   RO          379    .text               stm32f4xx_it.o
    0x080018bc   0x080018bc   0x000003f8   Code   RO          410    .text               rtc.o
    0x08001cb4   0x08001cb4   0x00000094   Code   RO          449    .text               irq_armv7m.o
    0x08001d48   0x08001d48   0x00000104   Code   RO          457    .text               rtx_delay.o
    0x08001e4c   0x08001e4c   0x00000958   Code   RO          555    .text               rtx_evr.o
    0x080027a4   0x080027a4   0x000006cc   Code   RO          580    .text               rtx_kernel.o
    0x08002e70   0x08002e70   0x00000018   Code   RO          628    .text               rtx_lib.o
    0x08002e88   0x08002e88   0x00000124   Code   RO          677    .text               rtx_memory.o
    0x08002fac   0x08002fac   0x00000678   Code   RO          708    .text               rtx_mempool.o
    0x08003624   0x08003624   0x000009bc   Code   RO          739    .text               rtx_msgqueue.o
    0x08003fe0   0x08003fe0   0x00000558   Code   RO          773    .text               rtx_mutex.o
    0x08004538   0x08004538   0x00000450   Code   RO          804    .text               rtx_semaphore.o
    0x08004988   0x08004988   0x00000154   Code   RO          835    .text               rtx_system.o
    0x08004adc   0x08004adc   0x000011d4   Code   RO          869    .text               rtx_thread.o
    0x08005cb0   0x08005cb0   0x00000480   Code   RO          903    .text               rtx_timer.o
    0x08006130   0x08006130   0x000000c4   Code   RO          933    .text               os_systick.o
    0x080061f4   0x080061f4   0x00000004   Code   RO          959    .text               rtx_config.o
    0x080061f8   0x080061f8   0x000001ac   Code   RO          980    .text               phy_lan8742a.o
    0x080063a4   0x080063a4   0x000009e8   Code   RO         1008    .text               emac_stm32f4xx.o
    0x08006d8c   0x08006d8c   0x00000c5c   Code   RO         1050    .text               spi_stm32f4xx.o
    0x080079e8   0x080079e8   0x00000538   Code   RO         1090    .text               eventrecorder.o
    0x08007f20   0x08007f20   0x000001c8   Code   RO         1124    .text               stm32f4xx_hal.o
    0x080080e8   0x080080e8   0x00000ab8   Code   RO         1154    .text               stm32f4xx_hal_adc.o
    0x08008ba0   0x08008ba0   0x00000724   Code   RO         1178    .text               stm32f4xx_hal_adc_ex.o
    0x080092c4   0x080092c4   0x00000298   Code   RO         1202    .text               stm32f4xx_hal_cortex.o
    0x0800955c   0x0800955c   0x00000718   Code   RO         1230    .text               stm32f4xx_hal_dma.o
    0x08009c74   0x08009c74   0x00000364   Code   RO         1279    .text               stm32f4xx_hal_gpio.o
    0x08009fd8   0x08009fd8   0x00000178   Code   RO         1303    .text               stm32f4xx_hal_pwr.o
    0x0800a150   0x0800a150   0x00000760   Code   RO         1351    .text               stm32f4xx_hal_rcc.o
    0x0800a8b0   0x0800a8b0   0x000005e4   Code   RO         1375    .text               stm32f4xx_hal_rcc_ex.o
    0x0800ae94   0x0800ae94   0x00000970   Code   RO         1399    .text               stm32f4xx_hal_rtc.o
    0x0800b804   0x0800b804   0x00000b0c   Code   RO         1423    .text               stm32f4xx_hal_rtc_ex.o
    0x0800c310   0x0800c310   0x000023d2   Code   RO         1495    .text               stm32f4xx_hal_tim.o
    0x0800e6e2   0x0800e6e2   0x00000002   PAD
    0x0800e6e4   0x0800e6e4   0x00000bb0   Code   RO         1519    .text               stm32f4xx_hal_tim_ex.o
    0x0800f294   0x0800f294   0x00000024   Code   RO         1567    .text               startup_stm32f429xx.o
    0x0800f2b8   0x0800f2b8   0x00000094   Code   RO         1574    .text               system_stm32f4xx_1.o
    0x0800f34c   0x0800f34c   0x0000016c   Code   RO         1603    .text               net_config.o
    0x0800f4b8   0x0800f4b8   0x00000152   Code   RO         1696    .text               net_debug.o
    0x0800f60a   0x0800f60a   0x00000062   Code   RO         2725    .text               mc_w.l(uldiv.o)
    0x0800f66c   0x0800f66c   0x00000094   Code   RO         2727    .text               mc_w.l(localtime.o)
    0x0800f700   0x0800f700   0x00000024   Code   RO         2731    .text               mc_w.l(memcpya.o)
    0x0800f724   0x0800f724   0x00000024   Code   RO         2733    .text               mc_w.l(memseta.o)
    0x0800f748   0x0800f748   0x0000000e   Code   RO         2735    .text               mc_w.l(strlen.o)
    0x0800f756   0x0800f756   0x0000001c   Code   RO         2737    .text               mc_w.l(strcmp.o)
    0x0800f772   0x0800f772   0x0000001a   Code   RO         2739    .text               mc_w.l(memcmp.o)
    0x0800f78c   0x0800f78c   0x00000012   Code   RO         2741    .text               mc_w.l(strcpy.o)
    0x0800f79e   0x0800f79e   0x0000001e   Code   RO         2743    .text               mc_w.l(strncmp.o)
    0x0800f7bc   0x0800f7bc   0x00000064   Code   RO         3008    .text               mf_w.l(fmul.o)
    0x0800f820   0x0800f820   0x0000002e   Code   RO         3010    .text               mf_w.l(dscalb.o)
    0x0800f84e   0x0800f84e   0x0000000a   Code   RO         3012    .text               mf_w.l(ffltui.o)
    0x0800f858   0x0800f858   0x00000026   Code   RO         3014    .text               mf_w.l(f2d.o)
    0x0800f87e   0x0800f87e   0x0000002c   Code   RO         3035    .text               mc_w.l(uidiv.o)
    0x0800f8aa   0x0800f8aa   0x0000001e   Code   RO         3037    .text               mc_w.l(llshl.o)
    0x0800f8c8   0x0800f8c8   0x00000020   Code   RO         3039    .text               mc_w.l(llushr.o)
    0x0800f8e8   0x0800f8e8   0x00000000   Code   RO         3041    .text               mc_w.l(iusefp.o)
    0x0800f8e8   0x0800f8e8   0x0000006e   Code   RO         3042    .text               mf_w.l(fepilogue.o)
    0x0800f956   0x0800f956   0x0000014e   Code   RO         3044    .text               mf_w.l(dadd.o)
    0x0800faa4   0x0800faa4   0x000000e4   Code   RO         3046    .text               mf_w.l(dmul.o)
    0x0800fb88   0x0800fb88   0x000000de   Code   RO         3048    .text               mf_w.l(ddiv.o)
    0x0800fc66   0x0800fc66   0x00000030   Code   RO         3050    .text               mf_w.l(dfixul.o)
    0x0800fc96   0x0800fc96   0x00000002   PAD
    0x0800fc98   0x0800fc98   0x00000030   Code   RO         3052    .text               mf_w.l(cdrcmple.o)
    0x0800fcc8   0x0800fcc8   0x00000024   Code   RO         3054    .text               mc_w.l(init.o)
    0x0800fcec   0x0800fcec   0x00000024   Code   RO         3057    .text               mc_w.l(llsshr.o)
    0x0800fd10   0x0800fd10   0x000000ba   Code   RO         3060    .text               mf_w.l(depilogue.o)
    0x0800fdca   0x0800fdca   0x00000056   Code   RO         3069    .text               mc_w.l(__dczerorl2.o)
    0x0800fe20   0x0800fe20   0x00000028   Code   RO         2982    i.__0sprintf        mc_w.l(printfa.o)
    0x0800fe48   0x0800fe48   0x0000000e   Code   RO         3063    i.__scatterload_copy  mc_w.l(handlers.o)
    0x0800fe56   0x0800fe56   0x00000002   Code   RO         3064    i.__scatterload_null  mc_w.l(handlers.o)
    0x0800fe58   0x0800fe58   0x0000000e   Code   RO         3065    i.__scatterload_zeroinit  mc_w.l(handlers.o)
    0x0800fe66   0x0800fe66   0x00000002   PAD
    0x0800fe68   0x0800fe68   0x00000184   Code   RO         2987    i._fp_digits        mc_w.l(printfa.o)
    0x0800ffec   0x0800ffec   0x000006b4   Code   RO         2988    i._printf_core      mc_w.l(printfa.o)
    0x080106a0   0x080106a0   0x00000024   Code   RO         2989    i._printf_post_padding  mc_w.l(printfa.o)
    0x080106c4   0x080106c4   0x0000002e   Code   RO         2990    i._printf_pre_padding  mc_w.l(printfa.o)
    0x080106f2   0x080106f2   0x0000000a   Code   RO         2992    i._sputc            mc_w.l(printfa.o)
    0x080106fc   0x080106fc   0x00000054   Code   RO         2121    i.add_server_id     Net_Dbg_CM3_L.lib(net_http_server.o)
    0x08010750   0x08010750   0x0000005c   Code   RO         1778    i.arp_cache_alloc   Net_Dbg_CM3_L.lib(net_arp.o)
    0x080107ac   0x080107ac   0x00000170   Code   RO         1779    i.arp_cache_run     Net_Dbg_CM3_L.lib(net_arp.o)
    0x0801091c   0x0801091c   0x00000038   Code   RO         1780    i.arp_is_cacheable  Net_Dbg_CM3_L.lib(net_arp.o)
    0x08010954   0x08010954   0x00000088   Code   RO         1781    i.arp_probe_run     Net_Dbg_CM3_L.lib(net_arp.o)
    0x080109dc   0x080109dc   0x000000d8   Code   RO         1783    i.arp_proc_response  Net_Dbg_CM3_L.lib(net_arp.o)
    0x08010ab4   0x08010ab4   0x0000001a   Code   RO         1784    i.arp_que_free      Net_Dbg_CM3_L.lib(net_arp.o)
    0x08010ace   0x08010ace   0x00000002   PAD
    0x08010ad0   0x08010ad0   0x000000a0   Code   RO         1785    i.arp_send_reply    Net_Dbg_CM3_L.lib(net_arp.o)
    0x08010b70   0x08010b70   0x000000d0   Code   RO         1786    i.arp_send_request  Net_Dbg_CM3_L.lib(net_arp.o)
    0x08010c40   0x08010c40   0x00000068   Code   RO         1787    i.arp_sender_valid  Net_Dbg_CM3_L.lib(net_arp.o)
    0x08010ca8   0x08010ca8   0x0000018c   Code   RO         2122    i.chk_post_req      Net_Dbg_CM3_L.lib(net_http_server.o)
    0x08010e34   0x08010e34   0x00000028   Code   RO         2636    i.crc32_8bit        Net_Dbg_CM3_L.lib(net_common.o)
    0x08010e5c   0x08010e5c   0x000003c0   Code   RO         2063    i.dhcp_client_run   Net_Dbg_CM3_L.lib(net_dhcp_client.o)
    0x0801121c   0x0801121c   0x00000058   Code   RO         2064    i.dhcp_client_start  Net_Dbg_CM3_L.lib(net_dhcp_client.o)
    0x08011274   0x08011274   0x0000048c   Code   RO         2066    i.dhcp_listener     Net_Dbg_CM3_L.lib(net_dhcp_client.o)
    0x08011700   0x08011700   0x00000268   Code   RO         2067    i.dhcp_send_message  Net_Dbg_CM3_L.lib(net_dhcp_client.o)
    0x08011968   0x08011968   0x0000009a   Code   RO         1722    i.eth_check_link    Net_Dbg_CM3_L.lib(net_eth.o)
    0x08011a02   0x08011a02   0x00000002   PAD
    0x08011a04   0x08011a04   0x00000020   Code   RO         1723    i.eth_if_map        Net_Dbg_CM3_L.lib(net_eth.o)
    0x08011a24   0x08011a24   0x00000304   Code   RO         1724    i.eth_iface_init    Net_Dbg_CM3_L.lib(net_eth.o)
    0x08011d28   0x08011d28   0x00000290   Code   RO         1725    i.eth_iface_run     Net_Dbg_CM3_L.lib(net_eth.o)
    0x08011fb8   0x08011fb8   0x00000008   Code   RO         1727    i.eth_lock          Net_Dbg_CM3_L.lib(net_eth.o)
    0x08011fc0   0x08011fc0   0x0000001c   Code   RO         1728    i.eth_mtu_limit     Net_Dbg_CM3_L.lib(net_eth.o)
    0x08011fdc   0x08011fdc   0x00000048   Code   RO         1729    i.eth_opt_len       Net_Dbg_CM3_L.lib(net_eth.o)
    0x08012024   0x08012024   0x00000088   Code   RO         1730    i.eth_receive       Net_Dbg_CM3_L.lib(net_eth.o)
    0x080120ac   0x080120ac   0x00000008   Code   RO         1731    i.eth_unlock        Net_Dbg_CM3_L.lib(net_eth.o)
    0x080120b4   0x080120b4   0x00000028   Code   RO         2123    i.get_next_field    Net_Dbg_CM3_L.lib(net_http_server.o)
    0x080120dc   0x080120dc   0x00000032   Code   RO         2124    i.get_next_par      Net_Dbg_CM3_L.lib(net_http_server.o)
    0x0801210e   0x0801210e   0x00000022   Code   RO         2125    i.hex2byte          Net_Dbg_CM3_L.lib(net_http_server.o)
    0x08012130   0x08012130   0x0000036c   Code   RO         2126    i.http_add_header   Net_Dbg_CM3_L.lib(net_http_server.o)
    0x0801249c   0x0801249c   0x00000050   Code   RO         2246    i.http_auth_basic_add  Net_Dbg_CM3_L.lib(net_http_server_auth.o)
    0x080124ec   0x080124ec   0x00000090   Code   RO         2247    i.http_auth_basic_parse  Net_Dbg_CM3_L.lib(net_http_server_auth.o)
    0x0801257c   0x0801257c   0x00000002   Code   RO         2253    i.http_auth_dummy   Net_Dbg_CM3_L.lib(net_http_server_auth.o)
    0x0801257e   0x0801257e   0x00000002   PAD
    0x08012580   0x08012580   0x00000024   Code   RO         2254    i.http_auth_init    Net_Dbg_CM3_L.lib(net_http_server_auth.o)
    0x080125a4   0x080125a4   0x000001cc   Code   RO         2127    i.http_error_msg    Net_Dbg_CM3_L.lib(net_http_server.o)
    0x08012770   0x08012770   0x00000078   Code   RO         2128    i.http_get_ftype    Net_Dbg_CM3_L.lib(net_http_server.o)
    0x080127e8   0x080127e8   0x0000005e   Code   RO         2129    i.http_kill_session  Net_Dbg_CM3_L.lib(net_http_server.o)
    0x08012846   0x08012846   0x00000002   PAD
    0x08012848   0x08012848   0x000002a8   Code   RO         2130    i.http_listener     Net_Dbg_CM3_L.lib(net_http_server.o)
    0x08012af0   0x08012af0   0x00000184   Code   RO         2131    i.http_open_file    Net_Dbg_CM3_L.lib(net_http_server.o)
    0x08012c74   0x08012c74   0x0000011c   Code   RO         2132    i.http_parse_header  Net_Dbg_CM3_L.lib(net_http_server.o)
    0x08012d90   0x08012d90   0x000001a8   Code   RO         2133    i.http_proc_multipart  Net_Dbg_CM3_L.lib(net_http_server.o)
    0x08012f38   0x08012f38   0x00000138   Code   RO         2134    i.http_proc_post    Net_Dbg_CM3_L.lib(net_http_server.o)
    0x08013070   0x08013070   0x00000468   Code   RO         2135    i.http_server_run   Net_Dbg_CM3_L.lib(net_http_server.o)
    0x080134d8   0x080134d8   0x00000060   Code   RO         2136    i.http_server_start  Net_Dbg_CM3_L.lib(net_http_server.o)
    0x08013538   0x08013538   0x00000020   Code   RO         2138    i.http_strcpy       Net_Dbg_CM3_L.lib(net_http_server.o)
    0x08013558   0x08013558   0x000000ac   Code   RO         2139    i.http_to_utc       Net_Dbg_CM3_L.lib(net_http_server.o)
    0x08013604   0x08013604   0x0000001a   Code   RO         2637    i.i2str             Net_Dbg_CM3_L.lib(net_common.o)
    0x0801361e   0x0801361e   0x0000000c   Code   RO         2514    i.ip4_get_chksum    Net_Dbg_CM3_L.lib(net_ip4.o)
    0x0801362a   0x0801362a   0x00000028   Code   RO         2515    i.ip4_get_mtu       Net_Dbg_CM3_L.lib(net_ip4.o)
    0x08013652   0x08013652   0x00000040   Code   RO         2377    i.ip4_ntoa          Net_Dbg_CM3_L.lib(net_addr.o)
    0x08013692   0x08013692   0x00000002   PAD
    0x08013694   0x08013694   0x000000ca   Code   RO         2378    i.ip6_ntoa          Net_Dbg_CM3_L.lib(net_addr.o)
    0x0801375e   0x0801375e   0x0000001e   Code   RO         2068    i.is_selected       Net_Dbg_CM3_L.lib(net_dhcp_client.o)
    0x0801377c   0x0801377c   0x0000000c   Code   RO         2613    i.mem_lock          Net_Dbg_CM3_L.lib(net_mem.o)
    0x08013788   0x08013788   0x0000000c   Code   RO         2614    i.mem_unlock        Net_Dbg_CM3_L.lib(net_mem.o)
    0x08013794   0x08013794   0x000001a4   Code   RO         2107    i.nbns_listener     Net_Dbg_CM3_L.lib(net_nbns_client.o)
    0x08013938   0x08013938   0x00000120   Code   RO         2444    i.ndp_cache_add     Net_Dbg_CM3_L.lib(net_ndp.o)
    0x08013a58   0x08013a58   0x00000072   Code   RO         2445    i.ndp_cache_alloc   Net_Dbg_CM3_L.lib(net_ndp.o)
    0x08013aca   0x08013aca   0x00000002   PAD
    0x08013acc   0x08013acc   0x00000078   Code   RO         2446    i.ndp_cache_delete  Net_Dbg_CM3_L.lib(net_ndp.o)
    0x08013b44   0x08013b44   0x0000002c   Code   RO         2448    i.ndp_check_frame   Net_Dbg_CM3_L.lib(net_ndp.o)
    0x08013b70   0x08013b70   0x00000012   Code   RO         2449    i.ndp_next_opt      Net_Dbg_CM3_L.lib(net_ndp.o)
    0x08013b82   0x08013b82   0x00000002   PAD
    0x08013b84   0x08013b84   0x000000e4   Code   RO         2450    i.ndp_prefix_add    Net_Dbg_CM3_L.lib(net_ndp.o)
    0x08013c68   0x08013c68   0x000000fc   Code   RO         2453    i.ndp_proc_response  Net_Dbg_CM3_L.lib(net_ndp.o)
    0x08013d64   0x08013d64   0x0000001a   Code   RO         2454    i.ndp_que_free      Net_Dbg_CM3_L.lib(net_ndp.o)
    0x08013d7e   0x08013d7e   0x00000002   PAD
    0x08013d80   0x08013d80   0x00000038   Code   RO         2455    i.ndp_router_remove  Net_Dbg_CM3_L.lib(net_ndp.o)
    0x08013db8   0x08013db8   0x0000009c   Code   RO         2456    i.ndp_send_reply    Net_Dbg_CM3_L.lib(net_ndp.o)
    0x08013e54   0x08013e54   0x000000bc   Code   RO         2457    i.ndp_send_request  Net_Dbg_CM3_L.lib(net_ndp.o)
    0x08013f10   0x08013f10   0x00000004   Code   RO         2140    i.netCGI_Charset    Net_Dbg_CM3_L.lib(net_http_server.o)
    0x08013f14   0x08013f14   0x00000004   Code   RO         2141    i.netCGI_ContentType  Net_Dbg_CM3_L.lib(net_http_server.o)
    0x08013f18   0x08013f18   0x00000004   Code   RO         2142    i.netCGI_CustomHeader  Net_Dbg_CM3_L.lib(net_http_server.o)
    0x08013f1c   0x08013f1c   0x0000006c   Code   RO         2143    i.netCGI_GetEnvVar  Net_Dbg_CM3_L.lib(net_http_server.o)
    0x08013f88   0x08013f88   0x00000004   Code   RO         2146    i.netCGI_Redirect   Net_Dbg_CM3_L.lib(net_http_server.o)
    0x08013f8c   0x08013f8c   0x00000004   Code   RO         2148    i.netCGX_ContentType  Net_Dbg_CM3_L.lib(net_http_server.o)
    0x08013f90   0x08013f90   0x00000064   Code   RO         2327    i.netCore_Thread    Net_Dbg_CM3_L.lib(net_sys.o)
    0x08013ff4   0x08013ff4   0x00000002   Code   RO         1732    i.netETH_Notify     Net_Dbg_CM3_L.lib(net_eth.o)
    0x08013ff6   0x08013ff6   0x00000002   Code   RO         1733    i.netETH_ReceiveRaw  Net_Dbg_CM3_L.lib(net_eth.o)
    0x08013ff8   0x08013ff8   0x00000072   Code   RO         1735    i.netETH_Thread     Net_Dbg_CM3_L.lib(net_eth.o)
    0x0801406a   0x0801406a   0x00000004   Code   RO         2149    i.netHTTPs_AcceptClient  Net_Dbg_CM3_L.lib(net_http_server.o)
    0x0801406e   0x0801406e   0x00000004   Code   RO         2255    i.netHTTPs_CheckAccount  Net_Dbg_CM3_L.lib(net_http_server_auth.o)
    0x08014072   0x08014072   0x00000004   Code   RO         2151    i.netHTTPs_FileAccess  Net_Dbg_CM3_L.lib(net_http_server.o)
    0x08014076   0x08014076   0x00000002   PAD
    0x08014078   0x08014078   0x00000020   Code   RO         2154    i.netHTTPs_GetLanguage  Net_Dbg_CM3_L.lib(net_http_server.o)
    0x08014098   0x08014098   0x0000000c   Code   RO         2155    i.netHTTPs_GetPassword  Net_Dbg_CM3_L.lib(net_http_server.o)
    0x080140a4   0x080140a4   0x0000000c   Code   RO         2161    i.netHTTPs_LoginActive  Net_Dbg_CM3_L.lib(net_http_server.o)
    0x080140b0   0x080140b0   0x00000058   Code   RO         2164    i.netHTTPs_SetPassword  Net_Dbg_CM3_L.lib(net_http_server.o)
    0x08014108   0x08014108   0x00000088   Code   RO         2328    i.netIF_GetOption   Net_Dbg_CM3_L.lib(net_sys.o)
    0x08014190   0x08014190   0x00000084   Code   RO         2330    i.netIF_SetOption   Net_Dbg_CM3_L.lib(net_sys.o)
    0x08014214   0x08014214   0x0000001a   Code   RO         2380    i.netIP_aton        Net_Dbg_CM3_L.lib(net_addr.o)
    0x0801422e   0x0801422e   0x00000032   Code   RO         2381    i.netIP_ntoa        Net_Dbg_CM3_L.lib(net_addr.o)
    0x08014260   0x08014260   0x000000ac   Code   RO         2331    i.netInitialize     Net_Dbg_CM3_L.lib(net_sys.o)
    0x0801430c   0x0801430c   0x0000008c   Code   RO         2382    i.netMAC_aton       Net_Dbg_CM3_L.lib(net_addr.o)
    0x08014398   0x08014398   0x0000001c   Code   RO         2280    i.netSNTPc_GetTime  Net_Dbg_CM3_L.lib(net_sntp_client_core.o)
    0x080143b4   0x080143b4   0x00000004   Code   RO         1944    i.netTCP_GetLocalPort  Net_Dbg_CM3_L.lib(net_tcp.o)
    0x080143b8   0x080143b8   0x00000020   Code   RO         1946    i.netTCP_GetPeer    Net_Dbg_CM3_L.lib(net_tcp.o)
    0x080143d8   0x080143d8   0x00000004   Code   RO         1948    i.netTCP_GetState   Net_Dbg_CM3_L.lib(net_tcp.o)
    0x080143dc   0x080143dc   0x00000004   Code   RO         1949    i.netTCP_GetTimer   Net_Dbg_CM3_L.lib(net_tcp.o)
    0x080143e0   0x080143e0   0x0000007c   Code   RO         2384    i.net_addr4_aton    Net_Dbg_CM3_L.lib(net_addr.o)
    0x0801445c   0x0801445c   0x0000001e   Code   RO         2386    i.net_addr4_to_mac  Net_Dbg_CM3_L.lib(net_addr.o)
    0x0801447a   0x0801447a   0x00000002   PAD
    0x0801447c   0x0801447c   0x000000e6   Code   RO         2387    i.net_addr6_aton    Net_Dbg_CM3_L.lib(net_addr.o)
    0x08014562   0x08014562   0x00000028   Code   RO         2388    i.net_addr6_comp    Net_Dbg_CM3_L.lib(net_addr.o)
    0x0801458a   0x0801458a   0x00000012   Code   RO         2389    i.net_addr6_copy    Net_Dbg_CM3_L.lib(net_addr.o)
    0x0801459c   0x0801459c   0x0000004c   Code   RO         2390    i.net_addr6_create  Net_Dbg_CM3_L.lib(net_addr.o)
    0x080145e8   0x080145e8   0x00000028   Code   RO         2391    i.net_addr6_get_solicited  Net_Dbg_CM3_L.lib(net_addr.o)
    0x08014610   0x08014610   0x00000018   Code   RO         2392    i.net_addr6_is_linklocal  Net_Dbg_CM3_L.lib(net_addr.o)
    0x08014628   0x08014628   0x0000006e   Code   RO         2393    i.net_addr6_is_onlink  Net_Dbg_CM3_L.lib(net_addr.o)
    0x08014696   0x08014696   0x00000048   Code   RO         2394    i.net_addr6_is_solicited  Net_Dbg_CM3_L.lib(net_addr.o)
    0x080146de   0x080146de   0x00000018   Code   RO         2395    i.net_addr6_is_unspec  Net_Dbg_CM3_L.lib(net_addr.o)
    0x080146f6   0x080146f6   0x0000000e   Code   RO         2397    i.net_addr6_to_mac  Net_Dbg_CM3_L.lib(net_addr.o)
    0x08014704   0x08014704   0x0000002c   Code   RO         2398    i.net_addr_comp     Net_Dbg_CM3_L.lib(net_addr.o)
    0x08014730   0x08014730   0x00000026   Code   RO         2399    i.net_addr_copy     Net_Dbg_CM3_L.lib(net_addr.o)
    0x08014756   0x08014756   0x0000001a   Code   RO         2400    i.net_addr_find_route  Net_Dbg_CM3_L.lib(net_addr.o)
    0x08014770   0x08014770   0x00000020   Code   RO         2402    i.net_addr_get_local  Net_Dbg_CM3_L.lib(net_addr.o)
    0x08014790   0x08014790   0x00000022   Code   RO         2403    i.net_addr_is_unspec  Net_Dbg_CM3_L.lib(net_addr.o)
    0x080147b2   0x080147b2   0x00000002   PAD
    0x080147b4   0x080147b4   0x0000011c   Code   RO         1795    i.net_arp_cache_add  Net_Dbg_CM3_L.lib(net_arp.o)
    0x080148d0   0x080148d0   0x000000bc   Code   RO         1796    i.net_arp_cache_early  Net_Dbg_CM3_L.lib(net_arp.o)
    0x0801498c   0x0801498c   0x000000ec   Code   RO         1797    i.net_arp_cache_find  Net_Dbg_CM3_L.lib(net_arp.o)
    0x08014a78   0x08014a78   0x00000048   Code   RO         1798    i.net_arp_cache_init  Net_Dbg_CM3_L.lib(net_arp.o)
    0x08014ac0   0x08014ac0   0x0000001c   Code   RO         1799    i.net_arp_cache_run  Net_Dbg_CM3_L.lib(net_arp.o)
    0x08014adc   0x08014adc   0x00000078   Code   RO         1801    i.net_arp_enqueue   Net_Dbg_CM3_L.lib(net_arp.o)
    0x08014b54   0x08014b54   0x00000020   Code   RO         1803    i.net_arp_notify    Net_Dbg_CM3_L.lib(net_arp.o)
    0x08014b74   0x08014b74   0x00000012   Code   RO         1804    i.net_arp_probe     Net_Dbg_CM3_L.lib(net_arp.o)
    0x08014b86   0x08014b86   0x00000002   PAD
    0x08014b88   0x08014b88   0x00000224   Code   RO         1805    i.net_arp_process   Net_Dbg_CM3_L.lib(net_arp.o)
    0x08014dac   0x08014dac   0x00000042   Code   RO         2638    i.net_atoi          Net_Dbg_CM3_L.lib(net_common.o)
    0x08014dee   0x08014dee   0x00000002   PAD
    0x08014df0   0x08014df0   0x00000078   Code   RO         2704    i.net_base64_decode  Net_Dbg_CM3_L.lib(net_base64.o)
    0x08014e68   0x08014e68   0x00000030   Code   RO         2640    i.net_chksum_buf    Net_Dbg_CM3_L.lib(net_common.o)
    0x08014e98   0x08014e98   0x0000001e   Code   RO         2641    i.net_crc_buf       Net_Dbg_CM3_L.lib(net_common.o)
    0x08014eb6   0x08014eb6   0x00000002   PAD
    0x08014eb8   0x08014eb8   0x00000094   Code   RO         2073    i.net_dhcp_client_init  Net_Dbg_CM3_L.lib(net_dhcp_client.o)
    0x08014f4c   0x08014f4c   0x0000001c   Code   RO         2074    i.net_dhcp_client_run  Net_Dbg_CM3_L.lib(net_dhcp_client.o)
    0x08014f68   0x08014f68   0x0000000e   Code   RO         1736    i.net_eth_callback  Net_Dbg_CM3_L.lib(net_eth.o)
    0x08014f76   0x08014f76   0x00000068   Code   RO         1737    i.net_eth_config_mcast  Net_Dbg_CM3_L.lib(net_eth.o)
    0x08014fde   0x08014fde   0x000000ea   Code   RO         1739    i.net_eth_get_option  Net_Dbg_CM3_L.lib(net_eth.o)
    0x080150c8   0x080150c8   0x0000001c   Code   RO         1740    i.net_eth_iface_init  Net_Dbg_CM3_L.lib(net_eth.o)
    0x080150e4   0x080150e4   0x0000001c   Code   RO         1741    i.net_eth_iface_run  Net_Dbg_CM3_L.lib(net_eth.o)
    0x08015100   0x08015100   0x000000a8   Code   RO         1743    i.net_eth_output    Net_Dbg_CM3_L.lib(net_eth.o)
    0x080151a8   0x080151a8   0x000001e0   Code   RO         1744    i.net_eth_send_frame  Net_Dbg_CM3_L.lib(net_eth.o)
    0x08015388   0x08015388   0x00000270   Code   RO         1745    i.net_eth_set_option  Net_Dbg_CM3_L.lib(net_eth.o)
    0x080155f8   0x080155f8   0x000000e8   Code   RO         2170    i.net_http_server_init  Net_Dbg_CM3_L.lib(net_http_server.o)
    0x080156e0   0x080156e0   0x00000028   Code   RO         2171    i.net_http_server_run  Net_Dbg_CM3_L.lib(net_http_server.o)
    0x08015708   0x08015708   0x00000018   Code   RO         2586    i.net_icmp6_init    Net_Dbg_CM3_L.lib(net_icmp6.o)
    0x08015720   0x08015720   0x00000238   Code   RO         2587    i.net_icmp6_process  Net_Dbg_CM3_L.lib(net_icmp6.o)
    0x08015958   0x08015958   0x00000084   Code   RO         2588    i.net_icmp6_send    Net_Dbg_CM3_L.lib(net_icmp6.o)
    0x080159dc   0x080159dc   0x00000058   Code   RO         2589    i.net_icmp6_send_echo  Net_Dbg_CM3_L.lib(net_icmp6.o)
    0x08015a34   0x08015a34   0x00000018   Code   RO         1863    i.net_icmp_init     Net_Dbg_CM3_L.lib(net_icmp.o)
    0x08015a4c   0x08015a4c   0x000001c8   Code   RO         1864    i.net_icmp_process  Net_Dbg_CM3_L.lib(net_icmp.o)
    0x08015c14   0x08015c14   0x000000a0   Code   RO         1865    i.net_icmp_send_echo  Net_Dbg_CM3_L.lib(net_icmp.o)
    0x08015cb4   0x08015cb4   0x0000000c   Code   RO         2335    i.net_if_map_all    Net_Dbg_CM3_L.lib(net_sys.o)
    0x08015cc0   0x08015cc0   0x0000018c   Code   RO         2516    i.net_ip4_chk_frame  Net_Dbg_CM3_L.lib(net_ip4.o)
    0x08015e4c   0x08015e4c   0x0000002c   Code   RO         2517    i.net_ip4_chksum    Net_Dbg_CM3_L.lib(net_ip4.o)
    0x08015e78   0x08015e78   0x00000006   Code   RO         2518    i.net_ip4_chksum_buf  Net_Dbg_CM3_L.lib(net_ip4.o)
    0x08015e7e   0x08015e7e   0x00000002   PAD
    0x08015e80   0x08015e80   0x00000080   Code   RO         2520    i.net_ip4_find_route  Net_Dbg_CM3_L.lib(net_ip4.o)
    0x08015f00   0x08015f00   0x0000002c   Code   RO         2521    i.net_ip4_get_local  Net_Dbg_CM3_L.lib(net_ip4.o)
    0x08015f2c   0x08015f2c   0x00000024   Code   RO         2522    i.net_ip4_init      Net_Dbg_CM3_L.lib(net_ip4.o)
    0x08015f50   0x08015f50   0x00000020   Code   RO         2523    i.net_ip4_is_onlink  Net_Dbg_CM3_L.lib(net_ip4.o)
    0x08015f70   0x08015f70   0x00000026   Code   RO         2524    i.net_ip4_is_subcast  Net_Dbg_CM3_L.lib(net_ip4.o)
    0x08015f96   0x08015f96   0x0000000e   Code   RO         2525    i.net_ip4_reass_frame  Net_Dbg_CM3_L.lib(net_ip4.o)
    0x08015fa4   0x08015fa4   0x00000164   Code   RO         2526    i.net_ip4_send_frame  Net_Dbg_CM3_L.lib(net_ip4.o)
    0x08016108   0x08016108   0x0000002a   Code   RO         2528    i.net_ip4_tx_offl_hl  Net_Dbg_CM3_L.lib(net_ip4.o)
    0x08016132   0x08016132   0x00000002   PAD
    0x08016134   0x08016134   0x00000100   Code   RO         2554    i.net_ip6_chk_frame  Net_Dbg_CM3_L.lib(net_ip6.o)
    0x08016234   0x08016234   0x00000032   Code   RO         2555    i.net_ip6_chksum    Net_Dbg_CM3_L.lib(net_ip6.o)
    0x08016266   0x08016266   0x00000002   PAD
    0x08016268   0x08016268   0x0000007c   Code   RO         2556    i.net_ip6_collect_mcast  Net_Dbg_CM3_L.lib(net_ip6.o)
    0x080162e4   0x080162e4   0x00000048   Code   RO         2558    i.net_ip6_find_route  Net_Dbg_CM3_L.lib(net_ip6.o)
    0x0801632c   0x0801632c   0x00000054   Code   RO         2559    i.net_ip6_get_local  Net_Dbg_CM3_L.lib(net_ip6.o)
    0x08016380   0x08016380   0x0000001c   Code   RO         2560    i.net_ip6_init      Net_Dbg_CM3_L.lib(net_ip6.o)
    0x0801639c   0x0801639c   0x000000cc   Code   RO         2561    i.net_ip6_send_frame  Net_Dbg_CM3_L.lib(net_ip6.o)
    0x08016468   0x08016468   0x0000001e   Code   RO         2563    i.net_ip6_tx_offl_hl  Net_Dbg_CM3_L.lib(net_ip6.o)
    0x08016486   0x08016486   0x00000008   Code   RO         2642    i.net_itoa          Net_Dbg_CM3_L.lib(net_common.o)
    0x0801648e   0x0801648e   0x00000006   Code   RO         2644    i.net_itoa_n0       Net_Dbg_CM3_L.lib(net_common.o)
    0x08016494   0x08016494   0x00000030   Code   RO         1845    i.net_loop_iface_init  Net_Dbg_CM3_L.lib(net_loopback.o)
    0x080164c4   0x080164c4   0x000000bc   Code   RO         1846    i.net_loop_iface_run  Net_Dbg_CM3_L.lib(net_loopback.o)
    0x08016580   0x08016580   0x00000070   Code   RO         1848    i.net_loop_send_frame  Net_Dbg_CM3_L.lib(net_loopback.o)
    0x080165f0   0x080165f0   0x000000c0   Code   RO         2615    i.net_mem_alloc     Net_Dbg_CM3_L.lib(net_mem.o)
    0x080166b0   0x080166b0   0x0000001c   Code   RO         2616    i.net_mem_avail     Net_Dbg_CM3_L.lib(net_mem.o)
    0x080166cc   0x080166cc   0x000000a4   Code   RO         2617    i.net_mem_free      Net_Dbg_CM3_L.lib(net_mem.o)
    0x08016770   0x08016770   0x00000070   Code   RO         2618    i.net_mem_init      Net_Dbg_CM3_L.lib(net_mem.o)
    0x080167e0   0x080167e0   0x00000048   Code   RO         2619    i.net_mem_shrink    Net_Dbg_CM3_L.lib(net_mem.o)
    0x08016828   0x08016828   0x00000064   Code   RO         2108    i.net_nbns_client_init  Net_Dbg_CM3_L.lib(net_nbns_client.o)
    0x0801688c   0x0801688c   0x000001c4   Code   RO         2465    i.net_ndp_cache_find  Net_Dbg_CM3_L.lib(net_ndp.o)
    0x08016a50   0x08016a50   0x00000078   Code   RO         2468    i.net_ndp_cache_refresh  Net_Dbg_CM3_L.lib(net_ndp.o)
    0x08016ac8   0x08016ac8   0x00000070   Code   RO         2471    i.net_ndp_enqueue   Net_Dbg_CM3_L.lib(net_ndp.o)
    0x08016b38   0x08016b38   0x00000374   Code   RO         2473    i.net_ndp_process   Net_Dbg_CM3_L.lib(net_ndp.o)
    0x08016eac   0x08016eac   0x00000038   Code   RO         2337    i.net_path          Net_Dbg_CM3_L.lib(net_sys.o)
    0x08016ee4   0x08016ee4   0x00000020   Code   RO         2308    i.net_ping_client_init  Net_Dbg_CM3_L.lib(net_ping_core.o)
    0x08016f04   0x08016f04   0x00000080   Code   RO         2309    i.net_ping_client_run  Net_Dbg_CM3_L.lib(net_ping_core.o)
    0x08016f84   0x08016f84   0x0000001c   Code   RO         2338    i.net_rand32        Net_Dbg_CM3_L.lib(net_sys.o)
    0x08016fa0   0x08016fa0   0x0000005c   Code   RO         2282    i.net_sntp_client_init  Net_Dbg_CM3_L.lib(net_sntp_client_core.o)
    0x08016ffc   0x08016ffc   0x00000058   Code   RO         2283    i.net_sntp_client_run  Net_Dbg_CM3_L.lib(net_sntp_client_core.o)
    0x08017054   0x08017054   0x00000148   Code   RO         2284    i.net_sntp_client_start  Net_Dbg_CM3_L.lib(net_sntp_client_core.o)
    0x0801719c   0x0801719c   0x0000002e   Code   RO         2645    i.net_strcasecmp    Net_Dbg_CM3_L.lib(net_common.o)
    0x080171ca   0x080171ca   0x00000016   Code   RO         2646    i.net_strchr        Net_Dbg_CM3_L.lib(net_common.o)
    0x080171e0   0x080171e0   0x0000001a   Code   RO         2647    i.net_strcmp        Net_Dbg_CM3_L.lib(net_common.o)
    0x080171fa   0x080171fa   0x00000012   Code   RO         2648    i.net_strcpy        Net_Dbg_CM3_L.lib(net_common.o)
    0x0801720c   0x0801720c   0x0000001c   Code   RO         2650    i.net_strnchr       Net_Dbg_CM3_L.lib(net_common.o)
    0x08017228   0x08017228   0x0000001a   Code   RO         2651    i.net_strncpy       Net_Dbg_CM3_L.lib(net_common.o)
    0x08017242   0x08017242   0x00000020   Code   RO         2652    i.net_strtoupper    Net_Dbg_CM3_L.lib(net_common.o)
    0x08017262   0x08017262   0x00000002   PAD
    0x08017264   0x08017264   0x0000000c   Code   RO         2339    i.net_sys_lock      Net_Dbg_CM3_L.lib(net_sys.o)
    0x08017270   0x08017270   0x00000016   Code   RO         2340    i.net_sys_resume    Net_Dbg_CM3_L.lib(net_sys.o)
    0x08017286   0x08017286   0x00000002   PAD
    0x08017288   0x08017288   0x00000014   Code   RO         2342    i.net_sys_tick      Net_Dbg_CM3_L.lib(net_sys.o)
    0x0801729c   0x0801729c   0x0000000c   Code   RO         2343    i.net_sys_unlock    Net_Dbg_CM3_L.lib(net_sys.o)
    0x080172a8   0x080172a8   0x00000020   Code   RO         2345    i.net_sys_wakeup    Net_Dbg_CM3_L.lib(net_sys.o)
    0x080172c8   0x080172c8   0x00000084   Code   RO         1956    i.net_tcp_abort     Net_Dbg_CM3_L.lib(net_tcp.o)
    0x0801734c   0x0801734c   0x000000e4   Code   RO         1959    i.net_tcp_close     Net_Dbg_CM3_L.lib(net_tcp.o)
    0x08017430   0x08017430   0x0000002e   Code   RO         1962    i.net_tcp_get_buf   Net_Dbg_CM3_L.lib(net_tcp.o)
    0x0801745e   0x0801745e   0x00000002   PAD
    0x08017460   0x08017460   0x00000034   Code   RO         1964    i.net_tcp_get_local_port  Net_Dbg_CM3_L.lib(net_tcp.o)
    0x08017494   0x08017494   0x00000028   Code   RO         1965    i.net_tcp_get_mss   Net_Dbg_CM3_L.lib(net_tcp.o)
    0x080174bc   0x080174bc   0x00000054   Code   RO         1967    i.net_tcp_get_peer  Net_Dbg_CM3_L.lib(net_tcp.o)
    0x08017510   0x08017510   0x00000070   Code   RO         1969    i.net_tcp_get_socket  Net_Dbg_CM3_L.lib(net_tcp.o)
    0x08017580   0x08017580   0x0000002c   Code   RO         1970    i.net_tcp_get_state  Net_Dbg_CM3_L.lib(net_tcp.o)
    0x080175ac   0x080175ac   0x00000034   Code   RO         1971    i.net_tcp_get_timer  Net_Dbg_CM3_L.lib(net_tcp.o)
    0x080175e0   0x080175e0   0x000000b0   Code   RO         1972    i.net_tcp_listen    Net_Dbg_CM3_L.lib(net_tcp.o)
    0x08017690   0x08017690   0x000007a8   Code   RO         1974    i.net_tcp_process   Net_Dbg_CM3_L.lib(net_tcp.o)
    0x08017e38   0x08017e38   0x0000015c   Code   RO         1978    i.net_tcp_send      Net_Dbg_CM3_L.lib(net_tcp.o)
    0x08017f94   0x08017f94   0x0000012c   Code   RO         1980    i.net_tcp_set_option  Net_Dbg_CM3_L.lib(net_tcp.o)
    0x080180c0   0x080180c0   0x00000028   Code   RO         1981    i.net_tcp_socket_init  Net_Dbg_CM3_L.lib(net_tcp.o)
    0x080180e8   0x080180e8   0x000003c0   Code   RO         1982    i.net_tcp_socket_run  Net_Dbg_CM3_L.lib(net_tcp.o)
    0x080184a8   0x080184a8   0x00000048   Code   RO         1890    i.net_udp_close     Net_Dbg_CM3_L.lib(net_udp.o)
    0x080184f0   0x080184f0   0x00000028   Code   RO         1891    i.net_udp_enable_lla  Net_Dbg_CM3_L.lib(net_udp.o)
    0x08018518   0x08018518   0x0000002e   Code   RO         1893    i.net_udp_get_buf   Net_Dbg_CM3_L.lib(net_udp.o)
    0x08018546   0x08018546   0x00000002   PAD
    0x08018548   0x08018548   0x00000070   Code   RO         1896    i.net_udp_get_socket  Net_Dbg_CM3_L.lib(net_udp.o)
    0x080185b8   0x080185b8   0x000000ac   Code   RO         1898    i.net_udp_open      Net_Dbg_CM3_L.lib(net_udp.o)
    0x08018664   0x08018664   0x00000158   Code   RO         1899    i.net_udp_process   Net_Dbg_CM3_L.lib(net_udp.o)
    0x080187bc   0x080187bc   0x00000012   Code   RO         1901    i.net_udp_send      Net_Dbg_CM3_L.lib(net_udp.o)
    0x080187ce   0x080187ce   0x00000002   PAD
    0x080187d0   0x080187d0   0x0000022c   Code   RO         1902    i.net_udp_send_if   Net_Dbg_CM3_L.lib(net_udp.o)
    0x080189fc   0x080189fc   0x00000024   Code   RO         1904    i.net_udp_socket_init  Net_Dbg_CM3_L.lib(net_udp.o)
    0x08018a20   0x08018a20   0x00000008   Code   RO         2653    i.net_ultoa         Net_Dbg_CM3_L.lib(net_common.o)
    0x08018a28   0x08018a28   0x00000030   Code   RO         2656    i.net_ultox         Net_Dbg_CM3_L.lib(net_common.o)
    0x08018a58   0x08018a58   0x0000004c   Code   RO         2657    i.net_xtoul         Net_Dbg_CM3_L.lib(net_common.o)
    0x08018aa4   0x08018aa4   0x0000001c   Code   RO         2312    i.ping_send_req     Net_Dbg_CM3_L.lib(net_ping_core.o)
    0x08018ac0   0x08018ac0   0x000000f0   Code   RO         2076    i.proc_opt_renew    Net_Dbg_CM3_L.lib(net_dhcp_client.o)
    0x08018bb0   0x08018bb0   0x000001a4   Code   RO         2077    i.proc_opt_req      Net_Dbg_CM3_L.lib(net_dhcp_client.o)
    0x08018d54   0x08018d54   0x00000048   Code   RO         2078    i.proc_opt_sel      Net_Dbg_CM3_L.lib(net_dhcp_client.o)
    0x08018d9c   0x08018d9c   0x00000058   Code   RO         2174    i.proc_req_line     Net_Dbg_CM3_L.lib(net_http_server.o)
    0x08018df4   0x08018df4   0x000000a0   Code   RO         2175    i.read_script_line  Net_Dbg_CM3_L.lib(net_http_server.o)
    0x08018e94   0x08018e94   0x00000048   Code   RO         2176    i.search_delim      Net_Dbg_CM3_L.lib(net_http_server.o)
    0x08018edc   0x08018edc   0x000000fc   Code   RO         2286    i.sntp_listener     Net_Dbg_CM3_L.lib(net_sntp_client_core.o)
    0x08018fd8   0x08018fd8   0x0000003c   Code   RO         2287    i.sntp_send_message  Net_Dbg_CM3_L.lib(net_sntp_client_core.o)
    0x08019014   0x08019014   0x00000018   Code   RO         2289    i.sntp_stop         Net_Dbg_CM3_L.lib(net_sntp_client_core.o)
    0x0801902c   0x0801902c   0x00000018   Code   RO         2346    i.sys_map_if        Net_Dbg_CM3_L.lib(net_sys.o)
    0x08019044   0x08019044   0x0000004c   Code   RO         2347    i.sys_proc_tick     Net_Dbg_CM3_L.lib(net_sys.o)
    0x08019090   0x08019090   0x00000110   Code   RO         1984    i.tcp_map_socket    Net_Dbg_CM3_L.lib(net_tcp.o)
    0x080191a0   0x080191a0   0x00000084   Code   RO         1985    i.tcp_parse_opt     Net_Dbg_CM3_L.lib(net_tcp.o)
    0x08019224   0x08019224   0x0000011c   Code   RO         1986    i.tcp_proc_acknr    Net_Dbg_CM3_L.lib(net_tcp.o)
    0x08019340   0x08019340   0x000000ac   Code   RO         1987    i.tcp_proc_dupack   Net_Dbg_CM3_L.lib(net_tcp.o)
    0x080193ec   0x080193ec   0x0000001a   Code   RO         1988    i.tcp_que_free      Net_Dbg_CM3_L.lib(net_tcp.o)
    0x08019406   0x08019406   0x0000001a   Code   RO         1989    i.tcp_que_init      Net_Dbg_CM3_L.lib(net_tcp.o)
    0x08019420   0x08019420   0x000000ac   Code   RO         1990    i.tcp_que_resend    Net_Dbg_CM3_L.lib(net_tcp.o)
    0x080194cc   0x080194cc   0x00000090   Code   RO         1991    i.tcp_send_ctrl     Net_Dbg_CM3_L.lib(net_tcp.o)
    0x0801955c   0x0801955c   0x0000007c   Code   RO         1992    i.tcp_send_data     Net_Dbg_CM3_L.lib(net_tcp.o)
    0x080195d8   0x080195d8   0x00000090   Code   RO         1993    i.tcp_send_reset    Net_Dbg_CM3_L.lib(net_tcp.o)
    0x08019668   0x08019668   0x00000044   Code   RO         1994    i.tcp_set_cwnd      Net_Dbg_CM3_L.lib(net_tcp.o)
    0x080196ac   0x080196ac   0x00000074   Code   RO         1995    i.tcp_transit       Net_Dbg_CM3_L.lib(net_tcp.o)
    0x08019720   0x08019720   0x0000010c   Code   RO         1996    i.tcp_write         Net_Dbg_CM3_L.lib(net_tcp.o)
    0x0801982c   0x0801982c   0x0000002c   Code   RO         1906    i.udp_port_in_use   Net_Dbg_CM3_L.lib(net_udp.o)
    0x08019858   0x08019858   0x00000044   Code   RO         2658    i.ul2str            Net_Dbg_CM3_L.lib(net_common.o)
    0x0801989c   0x0801989c   0x00000124   Code   RO         2177    i.utc_to_http       Net_Dbg_CM3_L.lib(net_http_server.o)
    0x080199c0   0x080199c0   0x00000024   Data   RO          170    .constdata          http_server.o
    0x080199e4   0x080199e4   0x00000004   Data   RO          275    .constdata          web.o
    0x080199e8   0x080199e8   0x00006c32   Data   RO          276    .constdata          web.o
    0x0802061a   0x0802061a   0x00000002   PAD
    0x0802061c   0x0802061c   0x000000b0   Data   RO          277    .constdata          web.o
    0x080206cc   0x080206cc   0x00000030   Data   RO          295    .constdata          leds.o
    0x080206fc   0x080206fc   0x00000960   Data   RO          322    .constdata          lcd.o
    0x0802105c   0x0802105c   0x00000024   Data   RO          637    .constdata          rtx_lib.o
    0x08021080   0x08021080   0x00000024   Data   RO          638    .constdata          rtx_lib.o
    0x080210a4   0x080210a4   0x00000018   Data   RO          639    .constdata          rtx_lib.o
    0x080210bc   0x080210bc   0x00000004   Data   RO          641    .constdata          rtx_lib.o
    0x080210c0   0x080210c0   0x00000004   Data   RO          982    .constdata          phy_lan8742a.o
    0x080210c4   0x080210c4   0x00000020   Data   RO          983    .constdata          phy_lan8742a.o
    0x080210e4   0x080210e4   0x00000050   Data   RO         1010    .constdata          emac_stm32f4xx.o
    0x08021134   0x08021134   0x00000044   Data   RO         1011    .constdata          emac_stm32f4xx.o
    0x08021178   0x08021178   0x00000034   Data   RO         1053    .constdata          spi_stm32f4xx.o
    0x080211ac   0x080211ac   0x00000010   Data   RO         1054    .constdata          spi_stm32f4xx.o
    0x080211bc   0x080211bc   0x00000010   Data   RO         1055    .constdata          spi_stm32f4xx.o
    0x080211cc   0x080211cc   0x0000002c   Data   RO         1056    .constdata          spi_stm32f4xx.o
    0x080211f8   0x080211f8   0x00000018   Data   RO         1092    .constdata          eventrecorder.o
    0x08021210   0x08021210   0x00000008   Data   RO         1231    .constdata          stm32f4xx_hal_dma.o
    0x08021218   0x08021218   0x00000010   Data   RO         1575    .constdata          system_stm32f4xx_1.o
    0x08021228   0x08021228   0x00000008   Data   RO         1576    .constdata          system_stm32f4xx_1.o
    0x08021230   0x08021230   0x000000a8   Data   RO         1618    .constdata          net_config.o
    0x080212d8   0x080212d8   0x0000001c   Data   RO         1619    .constdata          net_config.o
    0x080212f4   0x080212f4   0x00000014   Data   RO         1620    .constdata          net_config.o
    0x08021308   0x08021308   0x0000000c   Data   RO         1621    .constdata          net_config.o
    0x08021314   0x08021314   0x00000010   Data   RO         1622    .constdata          net_config.o
    0x08021324   0x08021324   0x00000028   Data   RO         1623    .constdata          net_config.o
    0x0802134c   0x0802134c   0x0000002c   Data   RO         1624    .constdata          net_config.o
    0x08021378   0x08021378   0x00000008   Data   RO         1625    .constdata          net_config.o
    0x08021380   0x08021380   0x00000008   Data   RO         1626    .constdata          net_config.o
    0x08021388   0x08021388   0x00000008   Data   RO         1627    .constdata          net_config.o
    0x08021390   0x08021390   0x00000008   Data   RO         1628    .constdata          net_config.o
    0x08021398   0x08021398   0x00000008   Data   RO         1629    .constdata          net_config.o
    0x080213a0   0x080213a0   0x00000008   Data   RO         1630    .constdata          net_config.o
    0x080213a8   0x080213a8   0x00000008   Data   RO         1631    .constdata          net_config.o
    0x080213b0   0x080213b0   0x00000008   Data   RO         1632    .constdata          net_config.o
    0x080213b8   0x080213b8   0x00000004   Data   RO         1634    .constdata          net_config.o
    0x080213bc   0x080213bc   0x0000000c   Data   RO         1635    .constdata          net_config.o
    0x080213c8   0x080213c8   0x00000018   Data   RO         1636    .constdata          net_config.o
    0x080213e0   0x080213e0   0x00000034   Data   RO         1637    .constdata          net_config.o
    0x08021414   0x08021414   0x00000008   Data   RO         1638    .constdata          net_config.o
    0x0802141c   0x0802141c   0x0000002c   Data   RO         1639    .constdata          net_config.o
    0x08021448   0x08021448   0x00000024   Data   RO         1640    .constdata          net_config.o
    0x0802146c   0x0802146c   0x00000010   Data   RO         1642    .constdata          net_config.o
    0x0802147c   0x0802147c   0x00000010   Data   RO         1643    .constdata          net_config.o
    0x0802148c   0x0802148c   0x0000002c   Data   RO         1849    .constdata          Net_Dbg_CM3_L.lib(net_loopback.o)
    0x080214b8   0x080214b8   0x0000000c   Data   RO         1850    .constdata          Net_Dbg_CM3_L.lib(net_loopback.o)
    0x080214c4   0x080214c4   0x00000008   Data   RO         2110    .constdata          Net_Dbg_CM3_L.lib(net_nbns_client.o)
    0x080214cc   0x080214cc   0x000000fa   Data   RO         2179    .constdata          Net_Dbg_CM3_L.lib(net_http_server.o)
    0x080215c6   0x080215c6   0x00000002   PAD
    0x080215c8   0x080215c8   0x00000018   Data   RO         2258    .constdata          Net_Dbg_CM3_L.lib(net_http_server_auth.o)
    0x080215e0   0x080215e0   0x00000012   Data   RO         2314    .constdata          Net_Dbg_CM3_L.lib(net_ping_core.o)
    0x080215f2   0x080215f2   0x00000010   Data   RO         2407    .constdata          Net_Dbg_CM3_L.lib(net_addr.o)
    0x08021602   0x08021602   0x00000006   Data   RO         2408    .constdata          Net_Dbg_CM3_L.lib(net_addr.o)
    0x08021608   0x08021608   0x00000004   Data   RO         2530    .constdata          Net_Dbg_CM3_L.lib(net_ip4.o)
    0x0802160c   0x0802160c   0x00000020   Data   RO         2565    .constdata          Net_Dbg_CM3_L.lib(net_ip6.o)
    0x0802162c   0x0802162c   0x00000018   Data   RO         2605    .constdata          Net_Dbg_CM3_L.lib(net_http_server_err.o)
    0x08021644   0x08021644   0x00000010   Data   RO         2659    .constdata          Net_Dbg_CM3_L.lib(net_common.o)
    0x08021654   0x08021654   0x00000090   Data   RO         2706    .constdata          Net_Dbg_CM3_L.lib(net_base64.o)
    0x080216e4   0x080216e4   0x00000004   Data   RO         2715    .constdata          Net_Dbg_CM3_L.lib(net_version.o)
    0x080216e8   0x080216e8   0x0000000c   Data   RO         2729    .constdata          mc_w.l(localtime.o)
    0x080216f4   0x080216f4   0x000000da   Data   RO          234    .conststring        http_server_cgi.o
    0x080217ce   0x080217ce   0x00000002   PAD
    0x080217d0   0x080217d0   0x00000078   Data   RO         1644    .conststring        net_config.o
    0x08021848   0x08021848   0x0000000d   Data   RO         1645    .conststring        net_config.o
    0x08021855   0x08021855   0x00000003   PAD
    0x08021858   0x08021858   0x00000001   Data   RO         1646    .conststring        net_config.o
    0x08021859   0x08021859   0x00000003   PAD
    0x0802185c   0x0802185c   0x00000035   Data   RO         1647    .conststring        net_config.o
    0x08021891   0x08021891   0x00000003   PAD
    0x08021894   0x08021894   0x0000001c   Data   RO         1648    .conststring        net_config.o
    0x080218b0   0x080218b0   0x0000000f   Data   RO         1649    .conststring        net_config.o
    0x080218bf   0x080218bf   0x00000001   PAD
    0x080218c0   0x080218c0   0x00000203   Data   RO         2606    .conststring        Net_Dbg_CM3_L.lib(net_http_server_err.o)
    0x08021ac3   0x08021ac3   0x00000001   PAD
    0x08021ac4   0x08021ac4   0x0000000b   Data   RO          581    .conststrlit        rtx_kernel.o
    0x08021acf   0x08021acf   0x00000001   PAD
    0x08021ad0   0x08021ad0   0x000000a8   Data   RO          642    .rodata             rtx_lib.o
    0x08021b78   0x08021b78   0x00000030   Data   RO         3062    Region$$Table       anon$$obj.o


    Execution Region RW_IRAM2 (Exec base: 0x10000000, Load base: 0x08021ce0, Size: 0x000004a4, Max: 0x00010000, ABSOLUTE)

    Exec Addr    Load Addr    Size         Type   Attr      Idx    E Section Name        Object

    0x10000000        -       0x000004a4   Zero   RW         1091    .bss.noinit         eventrecorder.o


    Execution Region RW_IRAM1 (Exec base: 0x20000000, Load base: 0x08021ba8, Size: 0x0000f758, Max: 0x00030000, ABSOLUTE, COMPRESSED[0x00000138])

    Exec Addr    Load Addr    Size         Type   Attr      Idx    E Section Name        Object

    0x20000000   COMPRESSED   0x00008000   Data   RW          629    .bss.os             rtx_lib.o
    0x20008000   COMPRESSED   0x00000040   Data   RW          630    .bss.os             rtx_lib.o
    0x20008040   COMPRESSED   0x00000001   Data   RW          934    .bss.os             os_systick.o
    0x20008041   COMPRESSED   0x00000003   PAD
    0x20008044   COMPRESSED   0x00000034   Data   RW          631    .bss.os.msgqueue.cb  rtx_lib.o
    0x20008078   COMPRESSED   0x00000050   Data   RW          632    .bss.os.msgqueue.mem  rtx_lib.o
    0x200080c8   COMPRESSED   0x0000001c   Data   RW         1612    .bss.os.mutex.cb    net_config.o
    0x200080e4   COMPRESSED   0x0000001c   Data   RW         1613    .bss.os.mutex.cb    net_config.o
    0x20008100   COMPRESSED   0x00000010   Data   RW         1614    .bss.os.semaphore.cb  net_config.o
    0x20008110   COMPRESSED   0x00000044   Data   RW          633    .bss.os.thread.cb   rtx_lib.o
    0x20008154   COMPRESSED   0x00000044   Data   RW          634    .bss.os.thread.cb   rtx_lib.o
    0x20008198   COMPRESSED   0x00000044   Data   RW         1615    .bss.os.thread.cb   net_config.o
    0x200081dc   COMPRESSED   0x00000044   Data   RW         1616    .bss.os.thread.cb   net_config.o
    0x20008220   COMPRESSED   0x00000200   Data   RW          635    .bss.os.thread.idle.stack  rtx_lib.o
    0x20008420   COMPRESSED   0x00000200   Data   RW          636    .bss.os.thread.timer.stack  rtx_lib.o
    0x20008620   COMPRESSED   0x00000020   Data   RW         1617    .bss.os.timer.cb    net_config.o
    0x20008640   COMPRESSED   0x00000004   Data   RW            5    .data               main.o
    0x20008644   COMPRESSED   0x0000002a   Data   RW          171    .data               http_server.o
    0x2000866e   COMPRESSED   0x00000001   Data   RW          172    .data               http_server.o
    0x2000866f   COMPRESSED   0x00000001   PAD
    0x20008670   COMPRESSED   0x00000008   Data   RW          173    .data               http_server.o
    0x20008678   COMPRESSED   0x00000008   Data   RW          235    .data               http_server_cgi.o
    0x20008680   COMPRESSED   0x00000010   Data   RW          323    .data               lcd.o
    0x20008690   COMPRESSED   0x0000001c   Data   RW          412    .data               rtc.o
    0x200086ac   COMPRESSED   0x0000000c   Data   RW         1125    .data               stm32f4xx_hal.o
    0x200086b8   COMPRESSED   0x00000004   Data   RW         1577    .data               system_stm32f4xx_1.o
    0x200086bc   COMPRESSED   0x00000004   Data   RW         1650    .data               net_config.o
    0x200086c0   COMPRESSED   0x00000006   Data   RW         1651    .data               net_config.o
    0x200086c6   COMPRESSED   0x00000004   Data   RW         1652    .data               net_config.o
    0x200086ca   COMPRESSED   0x00000002   PAD
    0x200086cc   COMPRESSED   0x00000004   Data   RW         1851    .data               Net_Dbg_CM3_L.lib(net_loopback.o)
    0x200086d0   COMPRESSED   0x00000001   Data   RW         1866    .data               Net_Dbg_CM3_L.lib(net_icmp.o)
    0x200086d1   COMPRESSED   0x00000001   PAD
    0x200086d2   COMPRESSED   0x00000002   Data   RW         1908    .data               Net_Dbg_CM3_L.lib(net_udp.o)
    0x200086d4   COMPRESSED   0x00000004   Data   RW         1999    .data               Net_Dbg_CM3_L.lib(net_tcp.o)
    0x200086d8   COMPRESSED   0x00000002   Data   RW         2084    .data               Net_Dbg_CM3_L.lib(net_dhcp_client.o)
    0x200086da   COMPRESSED   0x00000001   Data   RW         2111    .data               Net_Dbg_CM3_L.lib(net_nbns_client.o)
    0x200086db   COMPRESSED   0x00000001   PAD
    0x200086dc   COMPRESSED   0x0000000c   Data   RW         2180    .data               Net_Dbg_CM3_L.lib(net_http_server.o)
    0x200086e8   COMPRESSED   0x00000008   Data   RW         2531    .data               Net_Dbg_CM3_L.lib(net_ip4.o)
    0x200086f0   COMPRESSED   0x00000004   Data   RW         2567    .data               Net_Dbg_CM3_L.lib(net_ip6.o)
    0x200086f4   COMPRESSED   0x000000a4   Data   RW          582    .data.os            rtx_kernel.o
    0x20008798        -       0x00000064   Zero   RW          167    .bss                http_server.o
    0x200087fc   COMPRESSED   0x00000004   PAD
    0x20008800        -       0x00000400   Zero   RW          169    .bss                http_server.o
    0x20008c00        -       0x00000088   Zero   RW          233    .bss                http_server_cgi.o
    0x20008c88        -       0x00000275   Zero   RW          321    .bss                lcd.o
    0x20008efd   COMPRESSED   0x00000003   PAD
    0x20008f00        -       0x00000048   Zero   RW          354    .bss                adc.o
    0x20008f48        -       0x0000009c   Zero   RW          411    .bss                rtc.o
    0x20008fe4        -       0x0000000c   Zero   RW          981    .bss                phy_lan8742a.o
    0x20008ff0        -       0x000024cc   Zero   RW         1009    .bss                emac_stm32f4xx.o
    0x2000b4bc        -       0x00000010   Zero   RW         1051    .bss                spi_stm32f4xx.o
    0x2000b4cc        -       0x0000001c   Zero   RW         1052    .bss                spi_stm32f4xx.o
    0x2000b4e8        -       0x00000400   Zero   RW         1604    .bss                net_config.o
    0x2000b8e8        -       0x00000400   Zero   RW         1605    .bss                net_config.o
    0x2000bce8        -       0x00002ee0   Zero   RW         1606    .bss                net_config.o
    0x2000ebc8        -       0x000000c8   Zero   RW         1607    .bss                net_config.o
    0x2000ec90        -       0x00000018   Zero   RW         1608    .bss                net_config.o
    0x2000eca8        -       0x00000050   Zero   RW         1609    .bss                net_config.o
    0x2000ecf8        -       0x00000228   Zero   RW         1610    .bss                net_config.o
    0x2000ef20        -       0x00000150   Zero   RW         1611    .bss                net_config.o
    0x2000f070        -       0x000000a0   Zero   RW         1746    .bss                Net_Dbg_CM3_L.lib(net_eth.o)
    0x2000f110        -       0x00000018   Zero   RW         1806    .bss                Net_Dbg_CM3_L.lib(net_arp.o)
    0x2000f128        -       0x0000001c   Zero   RW         1907    .bss                Net_Dbg_CM3_L.lib(net_udp.o)
    0x2000f144        -       0x00000028   Zero   RW         2080    .bss                Net_Dbg_CM3_L.lib(net_dhcp_client.o)
    0x2000f16c        -       0x00000098   Zero   RW         2178    .bss                Net_Dbg_CM3_L.lib(net_http_server.o)
    0x2000f204        -       0x0000002c   Zero   RW         2290    .bss                Net_Dbg_CM3_L.lib(net_sntp_client_core.o)
    0x2000f230        -       0x0000002c   Zero   RW         2313    .bss                Net_Dbg_CM3_L.lib(net_ping_core.o)
    0x2000f25c        -       0x00000038   Zero   RW         2348    .bss                Net_Dbg_CM3_L.lib(net_sys.o)
    0x2000f294        -       0x00000024   Zero   RW         2349    .bss                Net_Dbg_CM3_L.lib(net_sys.o)
    0x2000f2b8        -       0x0000005c   Zero   RW         2406    .bss                Net_Dbg_CM3_L.lib(net_addr.o)
    0x2000f314        -       0x00000014   Zero   RW         2621    .bss                Net_Dbg_CM3_L.lib(net_mem.o)
    0x2000f328        -       0x0000002c   Zero   RW         2728    .bss                mc_w.l(localtime.o)
    0x2000f354   COMPRESSED   0x00000004   PAD
    0x2000f358        -       0x00000400   Zero   RW         1564    STACK               startup_stm32f429xx.o


==============================================================================

Image component sizes


      Code (inc. data)   RO Data    RW Data    ZI Data      Debug   Object Name

       216         20          0          0         72       1532   adc.o
      2536        156        148          0       9420      47662   emac_stm32f4xx.o
      1452         40         24          0       1188      17416   eventrecorder.o
       112         14         36         51       1124      14945   http_server.o
      2044        386        218          8        136       4507   http_server_cgi.o
       148          8          0          0          0        600   irq_armv7m.o
      1060         40       2400         16        629       5224   lcd.o
       252         10         48          0          0       2285   leds.o
       276         30          0          4          0     803239   main.o
       364         24        834        254      15240      32364   net_config.o
       338          0          0          0          0        814   net_debug.o
       196         12          0          1          0       1984   os_systick.o
       428         10         36          0         12       6950   phy_lan8742a.o
      1016         90          0         28        156       5793   rtc.o
         4          0          0          0          0        559   rtx_config.o
       260         14          0          0          0      17918   rtx_delay.o
      2392         88          0          0          0      45217   rtx_evr.o
      1740         96         11        164          0      28056   rtx_kernel.o
        24          0        268      34124          0       9875   rtx_lib.o
       292          0          0          0          0       3843   rtx_memory.o
      1984         48          0          0          0      15184   rtx_mempool.o
      2820         58          0          0          0      23708   rtx_msgqueue.o
      1368         30          0          0          0      10166   rtx_mutex.o
      1432         34          0          0          0      11920   rtx_semaphore.o
       668         18          0          0          0       8497   rtx_system.o
      4892        124          0          0          0      33653   rtx_thread.o
      1152         34          0          0          0      10269   rtx_timer.o
      3164         98        128          0         44      44939   spi_stm32f4xx.o
        36          8        428          0       1024        796   startup_stm32f429xx.o
       456         38          0         12          0      11463   stm32f4xx_hal.o
      2744         92          0          0          0       8855   stm32f4xx_hal_adc.o
      1828         42          0          0          0       6562   stm32f4xx_hal_adc_ex.o
       664         10          0          0          0      36154   stm32f4xx_hal_cortex.o
      1816         28          8          0          0       7669   stm32f4xx_hal_dma.o
       868         54          0          0          0       4019   stm32f4xx_hal_gpio.o
       376         20          0          0          0       3647   stm32f4xx_hal_pwr.o
      1888         66          0          0          0       6171   stm32f4xx_hal_rcc.o
      1508         80          0          0          0       4725   stm32f4xx_hal_rcc_ex.o
      2416         24          0          0          0       8737   stm32f4xx_hal_rtc.o
      2828         22          0          0          0      13721   stm32f4xx_hal_rtc_ex.o
      9170        166          0          0          0      37664   stm32f4xx_hal_tim.o
      2992         62          0          0          0      13692   stm32f4xx_hal_tim_ex.o
        44          8          0          0          0       1761   stm32f4xx_it.o
       148         20         24          4          0       1681   system_stm32f4xx_1.o
       120         10      27878          0          0       1620   web.o

    ----------------------------------------------------------------------
     62534       2232      32552      34672      29052    1378056   Object Totals
         0          0         48          0          0          0   (incl. Generated)
         2          0         15          6          7          0   (incl. Padding)

    ----------------------------------------------------------------------

      Code (inc. data)   RO Data    RW Data    ZI Data      Debug   Library Member Name

      1458         18         22          0         92       1624   net_addr.o
      2892        144          0          0         24       1616   net_arp.o
       120          6        144          0          0         84   net_base64.o
       622         10         16          0          0       1340   net_common.o
      3766        164          0          2         40        888   net_dhcp_client.o
      3664        138          0          0        160       1600   net_eth.o
      6834       1268        250         12        152       2852   net_http_server.o
       266         66         24          0          0        368   net_http_server_auth.o
         0          0        539          0          0          0   net_http_server_err.o
       640         48          0          1          0        236   net_icmp.o
       812         60          0          0          0        332   net_icmp6.o
      1188         82          4          8          0        956   net_ip4.o
       848         72         32          4          0        644   net_ip6.o
       348         28         56          4          0        256   net_loopback.o
       592         64          0          0         20        564   net_mem.o
       520         44          8          1          0        188   net_nbns_client.o
      3058        106          0          0          0       1404   net_ndp.o
       188         32         18          0         44        220   net_ping_core.o
       872         70          0          0         44        584   net_sntp_client_core.o
       834         84          0          0         92       1012   net_sys.o
      6566        282          0          4          0       2728   net_tcp.o
      1440         86          0          2         28        840   net_udp.o
         0          0          4          0          0          0   net_version.o
        86          0          0          0          0          0   __dczerorl2.o
         0          0          0          0          0          0   entry.o
         0          0          0          0          0          0   entry10a.o
         0          0          0          0          0          0   entry11a.o
         4          0          0          0          0          0   entry12b.o
         8          4          0          0          0          0   entry2.o
         4          0          0          0          0          0   entry5.o
         0          0          0          0          0          0   entry7b.o
         0          0          0          0          0          0   entry8b.o
         8          4          0          0          0          0   entry9a.o
        30          0          0          0          0          0   handlers.o
        36          8          0          0          0         68   init.o
         0          0          0          0          0          0   iusefp.o
        30          0          0          0          0         68   llshl.o
        36          0          0          0          0         68   llsshr.o
        32          0          0          0          0         68   llushr.o
       148         10         12          0         44         76   localtime.o
        26          0          0          0          0         80   memcmp.o
        36          0          0          0          0         68   memcpya.o
        36          0          0          0          0        108   memseta.o
      2236         86          0          0          0        532   printfa.o
        28          0          0          0          0         76   strcmp.o
        18          0          0          0          0         68   strcpy.o
        14          0          0          0          0         68   strlen.o
        30          0          0          0          0         80   strncmp.o
        44          0          0          0          0         80   uidiv.o
        98          0          0          0          0         92   uldiv.o
        48          0          0          0          0         68   cdrcmple.o
       334          0          0          0          0        148   dadd.o
       222          0          0          0          0        100   ddiv.o
       186          0          0          0          0        176   depilogue.o
        48          0          0          0          0         68   dfixul.o
       228          0          0          0          0         96   dmul.o
        46          0          0          0          0         80   dscalb.o
        38          0          0          0          0         68   f2d.o
       110          0          0          0          0        168   fepilogue.o
        10          0          0          0          0         68   ffltui.o
       100          0          0          0          0         76   fmul.o

    ----------------------------------------------------------------------
     41934       2984       1132         40        744      23052   Library Totals
        48          0          3          2          4          0   (incl. Padding)

    ----------------------------------------------------------------------

      Code (inc. data)   RO Data    RW Data    ZI Data      Debug   Library Name

     37528       2872       1117         38        696      20336   Net_Dbg_CM3_L.lib
      2988        112         12          0         44       1600   mc_w.l
      1370          0          0          0          0       1116   mf_w.l

    ----------------------------------------------------------------------
     41934       2984       1132         40        744      23052   Library Totals

    ----------------------------------------------------------------------

==============================================================================


      Code (inc. data)   RO Data    RW Data    ZI Data      Debug   

    104468       5216      33684      34712      29796    1382568   Grand Totals
    104468       5216      33684        312      29796    1382568   ELF Image Totals (compressed)
    104468       5216      33684        312          0          0   ROM Totals

==============================================================================

    Total RO  Size (Code + RO Data)               138152 ( 134.91kB)
    Total RW  Size (RW Data + ZI Data)             64508 (  63.00kB)
    Total ROM Size (Code + RO Data + RW Data)     138464 ( 135.22kB)

==============================================================================

